07-17 15:30:08.695: I/libjingle(20281): VAdapt CPU Request: up Steps: 0 Changed: false To: 640x480
07-17 15:30:09.370: I/InputReader(2143): Touch event's action is 0x0 (deviceType=0) [pCnt=1, s=0.999 ]
07-17 15:30:09.370: I/InputDispatcher(2143): Delivering touch to current input target: action: 0x0
07-17 15:30:09.370: I/InputDispatcher(2143): Delivering touch to current input target: action: 0x0
07-17 15:30:09.370: I/InputDispatcher(2143): Delivering touch to current input target: action: 0x0
07-17 15:30:09.370: I/InputDispatcher(2143): Delivering touch to current input target: action: 0x0
07-17 15:30:09.445: I/InputReader(2143): Touch event's action (MT) is 0x105 (deviceType=0) [pCnt=2, s=0.999 1.1000 ]
07-17 15:30:09.445: I/InputDispatcher(2143): Delivering touch to current input target: action: 0x105
07-17 15:30:09.445: I/InputDispatcher(2143): Delivering touch to current input target: action: 0x105
07-17 15:30:09.445: I/InputDispatcher(2143): Delivering touch to current input target: action: 0x105
07-17 15:30:09.445: I/InputDispatcher(2143): Delivering touch to current input target: action: 0x105
07-17 15:30:09.520: I/InputReader(2143): Touch event's action (MT) is 0x6 (deviceType=0) [pCnt=2, s=1.1000 ]
07-17 15:30:09.520: I/InputDispatcher(2143): Delivering touch to current input target: action: 0x6
07-17 15:30:09.520: I/InputDispatcher(2143): Delivering touch to current input target: action: 0x6
07-17 15:30:09.520: I/InputDispatcher(2143): Delivering touch to current input target: action: 0x6
07-17 15:30:09.520: I/InputDispatcher(2143): Delivering touch to current input target: action: 0x6
07-17 15:30:09.540: I/InputReader(2143): Touch event's action is 0x1 (deviceType=0) [pCnt=1, s=]
07-17 15:30:09.540: I/InputDispatcher(2143): Delivering touch to current input target: action: 0x1
07-17 15:30:09.540: I/InputDispatcher(2143): Delivering touch to current input target: action: 0x1
07-17 15:30:09.540: I/InputDispatcher(2143): Delivering touch to current input target: action: 0x1
07-17 15:30:09.540: I/InputDispatcher(2143): Delivering touch to current input target: action: 0x1
07-17 15:30:10.140: I/InputReader(2143): Touch event's action is 0x0 (deviceType=0) [pCnt=1, s=0.1001 ]
07-17 15:30:10.140: I/InputDispatcher(2143): Delivering touch to current input target: action: 0x0
07-17 15:30:10.140: I/InputDispatcher(2143): Delivering touch to current input target: action: 0x0
07-17 15:30:10.140: I/InputDispatcher(2143): Delivering touch to current input target: action: 0x0
07-17 15:30:10.140: I/InputDispatcher(2143): Delivering touch to current input target: action: 0x0
07-17 15:30:10.305: I/InputReader(2143): Touch event's action is 0x1 (deviceType=0) [pCnt=1, s=]
07-17 15:30:10.305: I/InputDispatcher(2143): Delivering touch to current input target: action: 0x1
07-17 15:30:10.305: I/InputDispatcher(2143): Delivering touch to current input target: action: 0x1
07-17 15:30:10.305: I/InputDispatcher(2143): Delivering touch to current input target: action: 0x1
07-17 15:30:10.305: I/InputDispatcher(2143): Delivering touch to current input target: action: 0x1
07-17 15:30:10.700: I/libjingle(20281): VAdapt CPU Request: up Steps: 0 Changed: false To: 640x480
07-17 15:30:11.510: I/InputReader(2143): Touch event's action is 0x0 (deviceType=0) [pCnt=1, s=0.1002 ]
07-17 15:30:11.510: I/InputDispatcher(2143): Delivering touch to current input target: action: 0x0
07-17 15:30:11.515: I/InputDispatcher(2143): Delivering touch to current input target: action: 0x0
07-17 15:30:11.515: I/InputDispatcher(2143): Delivering touch to current input target: action: 0x0
07-17 15:30:11.515: I/InputDispatcher(2143): Delivering touch to current input target: action: 0x0
07-17 15:30:11.650: I/InputReader(2143): Touch event's action is 0x1 (deviceType=0) [pCnt=1, s=]
07-17 15:30:11.650: I/InputDispatcher(2143): Delivering touch to current input target: action: 0x1
07-17 15:30:11.650: I/InputDispatcher(2143): Delivering touch to current input target: action: 0x1
07-17 15:30:11.650: I/InputDispatcher(2143): Delivering touch to current input target: action: 0x1
07-17 15:30:11.650: I/InputDispatcher(2143): Delivering touch to current input target: action: 0x1
07-17 15:30:12.700: I/libjingle(20281): VAdapt CPU Request: up Steps: 0 Changed: false To: 640x480
07-17 15:30:13.010: W/PowerManagerService(2143): Timer 0x7->0x3|0xf
07-17 15:30:13.680: I/libjingle(20281): VAdapt Frame: scaled 0 / out 54000 / in 54000 Changes: 6 Input: 640x480 i33333333 Scale: 1 Output: 640x480 i33333333 Changed: false
07-17 15:30:13.925: D/STATUSBAR-NetworkController(2417): refreshSignalCluster: data=0 bt=false
07-17 15:30:13.925: D/STATUSBAR-SignalClusterView(2417): mSeparateMobileGroup=8
07-17 15:30:13.925: D/STATUSBAR-SignalClusterView(2417): mSeparateMobileGroup=8
07-17 15:30:13.925: D/STATUSBAR-SignalClusterView(2417): mSeparateMobileGroup=8
07-17 15:30:13.925: D/STATUSBAR-NetworkController(2417): refreshSignalCluster: data=0 bt=false
07-17 15:30:13.930: D/STATUSBAR-SignalClusterView(2417): mSeparateMobileGroup=8
07-17 15:30:13.930: D/STATUSBAR-SignalClusterView(2417): mSeparateMobileGroup=8
07-17 15:30:13.930: D/STATUSBAR-SignalClusterView(2417): mSeparateMobileGroup=8
07-17 15:30:14.700: I/libjingle(20281): VAdapt CPU Request: up Steps: 0 Changed: false To: 640x480
07-17 15:30:14.930: D/STATUSBAR-NetworkController(2417): refreshSignalCluster: data=0 bt=false
07-17 15:30:14.930: D/STATUSBAR-SignalClusterView(2417): mSeparateMobileGroup=8
07-17 15:30:14.930: D/STATUSBAR-SignalClusterView(2417): mSeparateMobileGroup=8
07-17 15:30:14.930: D/STATUSBAR-SignalClusterView(2417): mSeparateMobileGroup=8
07-17 15:30:14.930: D/STATUSBAR-NetworkController(2417): refreshSignalCluster: data=0 bt=false
07-17 15:30:14.930: D/STATUSBAR-SignalClusterView(2417): mSeparateMobileGroup=8
07-17 15:30:14.930: D/STATUSBAR-SignalClusterView(2417): mSeparateMobileGroup=8
07-17 15:30:14.930: D/STATUSBAR-SignalClusterView(2417): mSeparateMobileGroup=8
07-17 15:30:15.070: I/InputReader(2143): Touch event's action is 0x0 (deviceType=0) [pCnt=1, s=0.1003 ]
07-17 15:30:15.070: I/InputDispatcher(2143): Delivering touch to current input target: action: 0x0
07-17 15:30:15.070: I/InputDispatcher(2143): Delivering touch to current input target: action: 0x0
07-17 15:30:15.070: I/InputDispatcher(2143): Delivering touch to current input target: action: 0x0
07-17 15:30:15.070: I/InputDispatcher(2143): Delivering touch to current input target: action: 0x0
07-17 15:30:15.190: I/InputReader(2143): Touch event's action is 0x1 (deviceType=0) [pCnt=1, s=]
07-17 15:30:15.190: I/InputDispatcher(2143): Delivering touch to current input target: action: 0x1
07-17 15:30:15.190: I/InputDispatcher(2143): Delivering touch to current input target: action: 0x1
07-17 15:30:15.190: I/InputDispatcher(2143): Delivering touch to current input target: action: 0x1
07-17 15:30:15.190: I/InputDispatcher(2143): Delivering touch to current input target: action: 0x1
07-17 15:30:15.795: D/PowerManagerService(2143): mIsLockZone =  false   mTiltAngle : 61.069126 value : 30
07-17 15:30:15.850: I/InputReader(2143): Touch event's action is 0x0 (deviceType=0) [pCnt=1, s=0.1004 ]
07-17 15:30:15.850: I/InputDispatcher(2143): Delivering touch to current input target: action: 0x0
07-17 15:30:15.850: I/InputDispatcher(2143): Delivering touch to current input target: action: 0x0
07-17 15:30:15.850: I/InputDispatcher(2143): Delivering touch to current input target: action: 0x0
07-17 15:30:15.850: I/InputDispatcher(2143): Delivering touch to current input target: action: 0x0
07-17 15:30:15.935: I/InputReader(2143): Touch event's action is 0x1 (deviceType=0) [pCnt=1, s=]
07-17 15:30:15.935: I/InputDispatcher(2143): Delivering touch to current input target: action: 0x1
07-17 15:30:15.935: I/InputDispatcher(2143): Delivering touch to current input target: action: 0x1
07-17 15:30:15.935: I/InputDispatcher(2143): Delivering touch to current input target: action: 0x1
07-17 15:30:15.935: I/InputDispatcher(2143): Delivering touch to current input target: action: 0x1
07-17 15:30:16.705: I/libjingle(20281): VAdapt CPU Request: up Steps: 0 Changed: false To: 640x480
07-17 15:30:17.350: W/PowerManagerService(2143): Timer 0x7->0x3|0xf
07-17 15:30:18.395: D/PowerManagerService(2143): mIsLockZone =  true   mTiltAngle : 59.33315 value : 39
07-17 15:30:18.595: D/PowerManagerService(2143): mIsLockZone =  false   mTiltAngle : 60.08185 value : 30
07-17 15:30:18.705: I/libjingle(20281): VAdapt CPU Request: up Steps: 0 Changed: false To: 640x480
07-17 15:30:18.740: I/InputReader(2143): Touch event's action is 0x0 (deviceType=0) [pCnt=1, s=0.1005 ]
07-17 15:30:18.740: I/InputDispatcher(2143): Delivering touch to current input target: action: 0x0
07-17 15:30:18.740: I/InputDispatcher(2143): Delivering touch to current input target: action: 0x0
07-17 15:30:18.740: I/InputDispatcher(2143): Delivering touch to current input target: action: 0x0
07-17 15:30:18.740: I/InputDispatcher(2143): Delivering touch to current input target: action: 0x0
07-17 15:30:18.830: I/InputReader(2143): Touch event's action is 0x1 (deviceType=0) [pCnt=1, s=]
07-17 15:30:18.830: I/InputDispatcher(2143): Delivering touch to current input target: action: 0x1
07-17 15:30:18.830: I/InputDispatcher(2143): Delivering touch to current input target: action: 0x1
07-17 15:30:18.830: I/InputDispatcher(2143): Delivering touch to current input target: action: 0x1
07-17 15:30:18.830: I/InputDispatcher(2143): Delivering touch to current input target: action: 0x1
07-17 15:30:19.200: D/dalvikvm(2143): GC_CONCURRENT freed 1929K, 46% free 27484K/50119K, paused 10ms+19ms, total 161ms
07-17 15:30:19.320: I/libjingle(20281): VAdapt Frame: scaled 0 / out 54090 / in 54090 Changes: 6 Input: 640x480 i33333333 Scale: 1 Output: 640x480 i33333333 Changed: false
07-17 15:30:19.940: D/STATUSBAR-NetworkController(2417): refreshSignalCluster: data=0 bt=false
07-17 15:30:19.940: D/STATUSBAR-SignalClusterView(2417): mSeparateMobileGroup=8
07-17 15:30:19.940: D/STATUSBAR-SignalClusterView(2417): mSeparateMobileGroup=8
07-17 15:30:19.940: D/STATUSBAR-SignalClusterView(2417): mSeparateMobileGroup=8
07-17 15:30:19.940: D/STATUSBAR-NetworkController(2417): refreshSignalCluster: data=0 bt=false
07-17 15:30:19.945: D/STATUSBAR-SignalClusterView(2417): mSeparateMobileGroup=8
07-17 15:30:19.945: D/STATUSBAR-SignalClusterView(2417): mSeparateMobileGroup=8
07-17 15:30:19.945: D/STATUSBAR-SignalClusterView(2417): mSeparateMobileGroup=8
07-17 15:30:20.240: W/PowerManagerService(2143): Timer 0x7->0x3|0xf
07-17 15:30:20.710: I/libjingle(20281): VAdapt CPU Request: up Steps: 0 Changed: false To: 640x480
07-17 15:30:20.945: D/STATUSBAR-NetworkController(2417): refreshSignalCluster: data=0 bt=false
07-17 15:30:20.945: D/STATUSBAR-SignalClusterView(2417): mSeparateMobileGroup=8
07-17 15:30:20.945: D/STATUSBAR-SignalClusterView(2417): mSeparateMobileGroup=8
07-17 15:30:20.945: D/STATUSBAR-SignalClusterView(2417): mSeparateMobileGroup=8
07-17 15:30:20.945: D/STATUSBAR-NetworkController(2417): refreshSignalCluster: data=0 bt=false
07-17 15:30:20.945: D/STATUSBAR-SignalClusterView(2417): mSeparateMobileGroup=8
07-17 15:30:20.945: D/STATUSBAR-SignalClusterView(2417): mSeparateMobileGroup=8
07-17 15:30:20.945: D/STATUSBAR-SignalClusterView(2417): mSeparateMobileGroup=8
07-17 15:30:21.595: D/PowerManagerService(2143): lightSensorChangedLocked value=26 immediate=false
07-17 15:30:21.595: D/PowerManagerService(2143): getAutoBrightnessValue : in bound ( 4 < 26 <= 69 )
07-17 15:30:21.595: D/PowerManagerService(2143): getAutoBrightnessValue : in bound ( 4 < 26 <= 69 )
07-17 15:30:21.595: D/PowerManagerService(2143): lcdValue 62
07-17 15:30:21.595: D/PowerManagerService(2143): buttonValue 62
07-17 15:30:21.595: D/PowerManagerService(2143): keyboardValue 0
07-17 15:30:21.600: D/PowerManagerService(2143): lightSensorChangedLocked : mKeyboardLight : 0
07-17 15:30:21.970: I/InputReader(2143): Touch event's action is 0x0 (deviceType=0) [pCnt=1, s=0.1006 ]
07-17 15:30:21.970: I/InputDispatcher(2143): Delivering touch to current input target: action: 0x0
07-17 15:30:21.970: I/InputDispatcher(2143): Delivering touch to current input target: action: 0x0
07-17 15:30:21.970: I/InputDispatcher(2143): Delivering touch to current input target: action: 0x0
07-17 15:30:21.970: I/InputDispatcher(2143): Delivering touch to current input target: action: 0x0
07-17 15:30:22.065: I/InputReader(2143): Touch event's action is 0x1 (deviceType=0) [pCnt=1, s=]
07-17 15:30:22.065: I/InputDispatcher(2143): Delivering touch to current input target: action: 0x1
07-17 15:30:22.065: I/InputDispatcher(2143): Delivering touch to current input target: action: 0x1
07-17 15:30:22.065: I/InputDispatcher(2143): Delivering touch to current input target: action: 0x1
07-17 15:30:22.065: I/InputDispatcher(2143): Delivering touch to current input target: action: 0x1
07-17 15:30:22.715: I/libjingle(20281): VAdapt CPU Request: up Steps: 0 Changed: false To: 640x480
07-17 15:30:22.965: I/InputReader(2143): Touch event's action is 0x0 (deviceType=0) [pCnt=1, s=0.1007 ]
07-17 15:30:22.965: I/InputDispatcher(2143): Delivering touch to current input target: action: 0x0
07-17 15:30:22.965: I/InputDispatcher(2143): Delivering touch to current input target: action: 0x0
07-17 15:30:22.965: I/InputDispatcher(2143): Delivering touch to current input target: action: 0x0
07-17 15:30:22.965: I/InputDispatcher(2143): Delivering touch to current input target: action: 0x0
07-17 15:30:23.090: I/InputReader(2143): Touch event's action is 0x1 (deviceType=0) [pCnt=1, s=]
07-17 15:30:23.090: I/InputDispatcher(2143): Delivering touch to current input target: action: 0x1
07-17 15:30:23.090: I/InputDispatcher(2143): Delivering touch to current input target: action: 0x1
07-17 15:30:23.090: I/InputDispatcher(2143): Delivering touch to current input target: action: 0x1
07-17 15:30:23.090: I/InputDispatcher(2143): Delivering touch to current input target: action: 0x1
07-17 15:30:23.950: D/STATUSBAR-NetworkController(2417): refreshSignalCluster: data=0 bt=false
07-17 15:30:23.950: D/STATUSBAR-SignalClusterView(2417): mSeparateMobileGroup=8
07-17 15:30:23.950: D/STATUSBAR-SignalClusterView(2417): mSeparateMobileGroup=8
07-17 15:30:23.950: D/STATUSBAR-SignalClusterView(2417): mSeparateMobileGroup=8
07-17 15:30:23.950: D/STATUSBAR-NetworkController(2417): refreshSignalCluster: data=0 bt=false
07-17 15:30:23.950: D/STATUSBAR-SignalClusterView(2417): mSeparateMobileGroup=8
07-17 15:30:23.950: D/STATUSBAR-SignalClusterView(2417): mSeparateMobileGroup=8
07-17 15:30:23.950: D/STATUSBAR-SignalClusterView(2417): mSeparateMobileGroup=8
07-17 15:30:24.465: W/PowerManagerService(2143): Timer 0x7->0x3|0xf
07-17 15:30:24.715: I/libjingle(20281): VAdapt CPU Request: up Steps: 0 Changed: false To: 640x480
07-17 15:30:24.955: D/STATUSBAR-NetworkController(2417): refreshSignalCluster: data=0 bt=false
07-17 15:30:24.955: D/STATUSBAR-SignalClusterView(2417): mSeparateMobileGroup=8
07-17 15:30:24.955: D/STATUSBAR-SignalClusterView(2417): mSeparateMobileGroup=8
07-17 15:30:24.955: D/STATUSBAR-SignalClusterView(2417): mSeparateMobileGroup=8
07-17 15:30:24.955: D/STATUSBAR-NetworkController(2417): refreshSignalCluster: data=0 bt=false
07-17 15:30:24.955: D/STATUSBAR-SignalClusterView(2417): mSeparateMobileGroup=8
07-17 15:30:24.955: D/STATUSBAR-SignalClusterView(2417): mSeparateMobileGroup=8
07-17 15:30:24.955: D/STATUSBAR-SignalClusterView(2417): mSeparateMobileGroup=8
07-17 15:30:25.155: I/InputReader(2143): Touch event's action is 0x0 (deviceType=0) [pCnt=1, s=0.1008 ]
07-17 15:30:25.155: I/InputDispatcher(2143): Delivering touch to current input target: action: 0x0
07-17 15:30:25.155: I/InputDispatcher(2143): Delivering touch to current input target: action: 0x0
07-17 15:30:25.155: I/InputDispatcher(2143): Delivering touch to current input target: action: 0x0
07-17 15:30:25.155: I/InputDispatcher(2143): Delivering touch to current input target: action: 0x0
07-17 15:30:25.245: I/InputReader(2143): Touch event's action is 0x1 (deviceType=0) [pCnt=1, s=]
07-17 15:30:25.245: I/InputDispatcher(2143): Delivering touch to current input target: action: 0x1
07-17 15:30:25.245: I/InputDispatcher(2143): Delivering touch to current input target: action: 0x1
07-17 15:30:25.245: I/InputDispatcher(2143): Delivering touch to current input target: action: 0x1
07-17 15:30:25.245: I/InputDispatcher(2143): Delivering touch to current input target: action: 0x1
07-17 15:30:25.320: I/libjingle(20281): VAdapt Frame: scaled 0 / out 54180 / in 54180 Changes: 6 Input: 640x480 i33333333 Scale: 1 Output: 640x480 i33333333 Changed: false
07-17 15:30:25.475: D/PowerManagerService(2143): releaseWakeLockLocked flags=0x0 tag=GL2JNIActivity
07-17 15:30:25.475: E/lights(2143): write_int failed to open /sys/class/sec/sec_touchkey/brightness
07-17 15:30:25.475: I/PowerManagerService(2143): Ulight 0x7->0x3|0x0
07-17 15:30:26.655: W/PowerManagerService(2143): Timer 0x3->0x3|0x1
07-17 15:30:26.715: I/libjingle(20281): VAdapt CPU Request: up Steps: 0 Changed: false To: 640x480
07-17 15:30:28.720: I/libjingle(20281): VAdapt CPU Request: up Steps: 0 Changed: false To: 640x480
07-17 15:30:30.390: E/Watchdog(2143): !@Sync 3024
07-17 15:30:30.725: I/libjingle(20281): VAdapt CPU Request: up Steps: 0 Changed: false To: 640x480
07-17 15:30:30.810: I/libjingle(20281): VAdapt Frame: scaled 0 / out 54270 / in 54270 Changes: 6 Input: 640x480 i33333333 Scale: 1 Output: 640x480 i33333333 Changed: false
07-17 15:30:32.265: D/GCM(7371): Ignoring attempt to send heartbeat on dead connection.
07-17 15:30:32.275: W/AlarmManager(2143): FACTORY_ON= 0
07-17 15:30:32.730: I/libjingle(20281): VAdapt CPU Request: up Steps: 0 Changed: false To: 640x480
07-17 15:30:32.975: D/STATUSBAR-NetworkController(2417): refreshSignalCluster: data=0 bt=false
07-17 15:30:32.975: D/STATUSBAR-SignalClusterView(2417): mSeparateMobileGroup=8
07-17 15:30:32.975: D/STATUSBAR-SignalClusterView(2417): mSeparateMobileGroup=8
07-17 15:30:32.975: D/STATUSBAR-SignalClusterView(2417): mSeparateMobileGroup=8
07-17 15:30:32.980: D/STATUSBAR-NetworkController(2417): refreshSignalCluster: data=0 bt=false
07-17 15:30:32.980: D/STATUSBAR-SignalClusterView(2417): mSeparateMobileGroup=8
07-17 15:30:32.980: D/STATUSBAR-SignalClusterView(2417): mSeparateMobileGroup=8
07-17 15:30:32.980: D/STATUSBAR-SignalClusterView(2417): mSeparateMobileGroup=8
07-17 15:30:33.980: D/STATUSBAR-NetworkController(2417): refreshSignalCluster: data=0 bt=false
07-17 15:30:33.980: D/STATUSBAR-SignalClusterView(2417): mSeparateMobileGroup=8
07-17 15:30:33.980: D/STATUSBAR-SignalClusterView(2417): mSeparateMobileGroup=8
07-17 15:30:33.980: D/STATUSBAR-SignalClusterView(2417): mSeparateMobileGroup=8
07-17 15:30:33.980: D/STATUSBAR-NetworkController(2417): refreshSignalCluster: data=0 bt=false
07-17 15:30:33.980: D/STATUSBAR-SignalClusterView(2417): mSeparateMobileGroup=8
07-17 15:30:33.985: D/STATUSBAR-SignalClusterView(2417): mSeparateMobileGroup=8
07-17 15:30:33.985: D/STATUSBAR-SignalClusterView(2417): mSeparateMobileGroup=8
07-17 15:30:34.275: D/BatteryService(2143): update start
07-17 15:30:34.280: D/BatteryService(2143): level:81 scale:100 status:3 health:2 present:true voltage: 3996 temperature: 318 technology: Li-ion AC powered:false USB powered:true icon:17303195 invalid charger:0
07-17 15:30:34.285: D/STATUSBAR-BatteryController(2417): onReceive() - ACTION_BATTERY_CHANGED
07-17 15:30:34.285: D/STATUSBAR-BatteryController(2417): onReceive() - level:81
07-17 15:30:34.285: D/STATUSBAR-BatteryController(2417): onReceive() - plugged:2
07-17 15:30:34.285: D/STATUSBAR-BatteryController(2417): onReceive() - BATTERY_STATUS_DISCHARGING: tw_stat_sys_battery_usb_not_charge
07-17 15:30:34.300: E/MtpService(19825): In MTPAPP onReceive:android.intent.action.BATTERY_CHANGED
07-17 15:30:34.300: E/MtpService(19825): battPlugged Type : 2
07-17 15:30:34.305: W/AlarmManager(2143): FACTORY_ON= 0
07-17 15:30:34.395: D/PowerManagerService(2143): mIsLockZone =  true   mTiltAngle : 57.03095 value : 30
07-17 15:30:34.730: I/libjingle(20281): VAdapt CPU Request: up Steps: 0 Changed: false To: 640x480
07-17 15:30:34.980: D/STATUSBAR-NetworkController(2417): refreshSignalCluster: data=0 bt=false
07-17 15:30:34.980: D/STATUSBAR-SignalClusterView(2417): mSeparateMobileGroup=8
07-17 15:30:34.985: D/STATUSBAR-SignalClusterView(2417): mSeparateMobileGroup=8
07-17 15:30:34.985: D/STATUSBAR-SignalClusterView(2417): mSeparateMobileGroup=8
07-17 15:30:34.985: D/STATUSBAR-NetworkController(2417): refreshSignalCluster: data=0 bt=false
07-17 15:30:34.985: D/STATUSBAR-SignalClusterView(2417): mSeparateMobileGroup=8
07-17 15:30:34.985: D/STATUSBAR-SignalClusterView(2417): mSeparateMobileGroup=8
07-17 15:30:34.985: D/STATUSBAR-SignalClusterView(2417): mSeparateMobileGroup=8
07-17 15:30:35.035: I/InputReader(2143): Touch event's action is 0x0 (deviceType=0) [pCnt=1, s=0.1009 ]
07-17 15:30:35.035: I/InputDispatcher(2143): Delivering touch to current input target: action: 0x0
07-17 15:30:35.035: I/InputDispatcher(2143): Delivering touch to current input target: action: 0x0
07-17 15:30:35.035: I/InputDispatcher(2143): Delivering touch to current input target: action: 0x0
07-17 15:30:35.035: I/InputDispatcher(2143): Delivering touch to current input target: action: 0x0
07-17 15:30:35.215: I/InputReader(2143): Touch event's action is 0x1 (deviceType=0) [pCnt=1, s=]
07-17 15:30:35.215: I/InputDispatcher(2143): Delivering touch to current input target: action: 0x1
07-17 15:30:35.215: I/InputDispatcher(2143): Delivering touch to current input target: action: 0x1
07-17 15:30:35.215: I/InputDispatcher(2143): Delivering touch to current input target: action: 0x1
07-17 15:30:35.215: I/InputDispatcher(2143): Delivering touch to current input target: action: 0x1
07-17 15:30:35.595: D/PowerManagerService(2143): mIsLockZone =  false   mTiltAngle : 61.553078 value : 18
07-17 15:30:35.715: I/GLF(9296): Android fetching device FW
07-17 15:30:35.715: I/tu.lm(9296): url https://ingameads.gameloft.com/redir/?from=TRHM&op=ANMP&t=review&game=TRHM&ver=1.2.0&lg=EN&country=GB&d=GT-N8010&f=4.1.2&udid=479009f5f79fb09d&androidid=c80c68e750a5ccf5&hdidfv=b4ec336d-0e89-46c1-970b-5a26b015c3e9&ctg=GAME_REVIEW
07-17 15:30:35.745: I/power(2143): *** acquire_dvfs_lock : lockType : 1  freq : 1000000 
07-17 15:30:35.745: D/PowerManagerService(2143): acquireDVFSLockLocked : type : DVFS_MIN_LIMIT  frequency : 1000000  uid : 1000  pid : 2143  tag : ActivityManager
07-17 15:30:35.750: W/ActivityManager(2143): mDVFSLock.acquire()
07-17 15:30:35.780: D/SensorManager(9296): unregisterListener::  Listener= android.view.OrientationEventListener$SensorEventListenerImpl@419c8878
07-17 15:30:35.780: D/Sensors(9296): Remain listener = Sending .. normal delay 200ms
07-17 15:30:35.780: I/Sensors(9296): sendDelay --- 200000000
07-17 15:30:35.780: I/SensorService(2143): info.selectDelay() ns=66667000  
07-17 15:30:35.780: D/iNemoSensor(2143): setDelay(): handle(0), en(66667000)
07-17 15:30:35.780: I/iNemoSensor(2143): skip update_delay wanted_accel = 66667000 current delay = 66667000
07-17 15:30:35.780: D/SensorService(2143): SensorDevice::setDelay, Return(true 1, false 0) =  1
07-17 15:30:35.780: D/SensorManager(9296): JNI - sendDelay
07-17 15:30:35.780: I/SensorManager(9296): Set normal delay = true
07-17 15:30:35.780: D/SensorService(2143): SensorDevice::activating sensor handle=0 ns=66667000 
07-17 15:30:35.780: D/iNemoSensor(2143): setDelay(): handle(0), en(66667000)
07-17 15:30:35.780: I/iNemoSensor(2143): skip update_delay wanted_accel = 66667000 current delay = 66667000
07-17 15:30:35.785: I/ClipboardServiceEx(2143): Send intent for dismiss clipboard dialog inside hideCurrentInputLocked() !
07-17 15:30:35.840: W/AlarmManager(2143): FACTORY_ON= 0
07-17 15:30:35.875: W/AlarmManager(2143): FACTORY_ON= 0
07-17 15:30:35.900: D/dalvikvm(2143): GC_CONCURRENT freed 1554K, 45% free 27937K/50119K, paused 4ms+12ms, total 128ms
07-17 15:30:35.940: W/AlarmManager(2143): FACTORY_ON= 0
07-17 15:30:35.985: D/STATUSBAR-NetworkController(2417): refreshSignalCluster: data=0 bt=false
07-17 15:30:35.985: D/STATUSBAR-SignalClusterView(2417): mSeparateMobileGroup=8
07-17 15:30:35.985: D/STATUSBAR-SignalClusterView(2417): mSeparateMobileGroup=8
07-17 15:30:35.985: D/STATUSBAR-SignalClusterView(2417): mSeparateMobileGroup=8
07-17 15:30:35.985: D/STATUSBAR-NetworkController(2417): refreshSignalCluster: data=0 bt=false
07-17 15:30:35.985: D/STATUSBAR-SignalClusterView(2417): mSeparateMobileGroup=8
07-17 15:30:35.985: D/STATUSBAR-SignalClusterView(2417): mSeparateMobileGroup=8
07-17 15:30:35.985: D/STATUSBAR-SignalClusterView(2417): mSeparateMobileGroup=8
07-17 15:30:35.990: W/AlarmManager(2143): FACTORY_ON= 0
07-17 15:30:36.025: W/AlarmManager(2143): FACTORY_ON= 0
07-17 15:30:36.065: W/AlarmManager(2143): FACTORY_ON= 0
07-17 15:30:36.095: E/AudioPolicyManagerBase(1840): unknown stream type
07-17 15:30:36.095: E/AudioPolicyManagerBase(1840): unknown stream type
07-17 15:30:36.095: E/AudioPolicyManagerBase(1840): unknown stream type
07-17 15:30:36.095: E/AudioPolicyManagerBase(1840): unknown stream type
07-17 15:30:36.095: E/AudioPolicyManagerBase(1840): unknown stream type
07-17 15:30:36.095: E/AudioPolicyManagerBase(1840): unknown stream type
07-17 15:30:36.095: D/SensorService(2143): sensor wasn't enabled for this ident
07-17 15:30:36.095: D/SensorService(2143): SensorDevice::activating sensor handle=0 ns=66667000 
07-17 15:30:36.095: D/iNemoSensor(2143): setDelay(): handle(0), en(66667000)
07-17 15:30:36.095: I/iNemoSensor(2143): skip update_delay wanted_accel = 66667000 current delay = 66667000
07-17 15:30:36.110: D/WindowManager(2143): PhoneWindowManager: focusChangedLw
07-17 15:30:36.115: D/PointerIcon(2143): setHoveringSpenIconStyle1 pointerType: 10001iconType:1
07-17 15:30:36.115: D/PointerIcon(2143): setHoveringSpenCustomIcon IconType is same.1
07-17 15:30:36.115: D/KeyguardViewMediator(2143): setHidden false
07-17 15:30:36.115: D/WindowManager(2143): mInputFocus is not null.
07-17 15:30:36.115: D/WindowManager(2143): mInputFocus is not null.
07-17 15:30:36.115: D/WindowManager(2143): mInputFocus is not null.
07-17 15:30:36.120: D/KeyguardViewMediator(2143): setHidden false
07-17 15:30:36.120: D/WindowManager(2143): mInputFocus is not null.
07-17 15:30:36.120: D/WindowManager(2143): mInputFocus is not null.
07-17 15:30:36.145: D/AbsListView(2143): Get MotionRecognitionManager
07-17 15:30:36.150: D/MotionRecognitionService(2143):  ssp status : false
07-17 15:30:36.170: D/WindowManager(2143): mInputFocus is not null.
07-17 15:30:36.185: I/SurfaceFlinger(1837): id=886(137) createSurf 0x40fb2124 (1x1),1 flag=0, SesolverAct
07-17 15:30:36.185: D/WindowManager(2143): PhoneWindowManager: focusChangedLw
07-17 15:30:36.185: D/WindowManager(2143): PhoneWindowManager: focusChangedLw: Call setFocusedWindow()
07-17 15:30:36.185: D/SPenGesture(2143): SpenGestureView: setFocusedWindow
07-17 15:30:36.185: D/KeyguardViewMediator(2143): setHidden false
07-17 15:30:36.185: D/STATUSBAR-StatusBarManagerService(2143): setSystemUiVisibility(0x0)
07-17 15:30:36.185: D/STATUSBAR-StatusBarManagerService(2143): manageDisableList what=0x0 pkg=WindowManager.LayoutParams
07-17 15:30:36.190: D/PointerIcon(2143): setHoveringSpenIconStyle1 pointerType: 10001iconType:1
07-17 15:30:36.190: D/PointerIcon(2143): setHoveringSpenCustomIcon IconType is same.1
07-17 15:30:36.205: I/FlashBarService(2417): makeCenterBarRect
07-17 15:30:36.205: D/KeyguardViewMediator(2143): setHidden false
07-17 15:30:36.210: I/FlashBarService(2417): drawCenterBar : mDisplayOrientation=2 pos(633, 0)
07-17 15:30:36.210: D/TextLayoutCache(2417): Cache value 0x6034c718 deleted, size = 152
07-17 15:30:36.220: I/libjingle(20281): VAdapt Frame: scaled 0 / out 54360 / in 54360 Changes: 6 Input: 640x480 i33333333 Scale: 1 Output: 640x480 i33333333 Changed: false
07-17 15:30:36.220: D/KeyguardViewMediator(2143): setHidden false
07-17 15:30:36.220: D/TextLayoutCache(2417): Cache value 0x51b855c8 deleted, size = 152
07-17 15:30:36.225: D/KeyguardViewMediator(2143): setHidden false
07-17 15:30:36.230: D/KeyguardViewMediator(2143): setHidden false
07-17 15:30:36.255: D/KeyguardViewMediator(2143): setHidden false
07-17 15:30:36.535: W/PowerManagerService(2143): Timer 0x3->0x3|0x1
07-17 15:30:36.590: I/power(2143): *** release_dvfs_lock : lockType : 1 
07-17 15:30:36.590: D/KeyguardViewMediator(2143): setHidden false
07-17 15:30:36.590: D/PowerManagerService(2143): releaseDVFSLockLocked : all DVFS_MIN_LIMIT are released 
07-17 15:30:36.590: W/ActivityManager(2143): mDVFSLock.release()
07-17 15:30:36.605: D/KeyguardViewMediator(2143): setHidden false
07-17 15:30:36.610: D/KeyguardViewMediator(2143): setHidden false
07-17 15:30:36.735: I/libjingle(20281): VAdapt CPU Request: up Steps: 0 Changed: false To: 640x480
07-17 15:30:36.985: D/STATUSBAR-NetworkController(2417): refreshSignalCluster: data=0 bt=false
07-17 15:30:36.985: D/STATUSBAR-SignalClusterView(2417): mSeparateMobileGroup=8
07-17 15:30:36.990: D/STATUSBAR-SignalClusterView(2417): mSeparateMobileGroup=8
07-17 15:30:36.990: D/STATUSBAR-SignalClusterView(2417): mSeparateMobileGroup=8
07-17 15:30:36.990: D/STATUSBAR-NetworkController(2417): refreshSignalCluster: data=0 bt=false
07-17 15:30:36.990: D/STATUSBAR-SignalClusterView(2417): mSeparateMobileGroup=8
07-17 15:30:36.990: D/STATUSBAR-SignalClusterView(2417): mSeparateMobileGroup=8
07-17 15:30:36.990: D/STATUSBAR-SignalClusterView(2417): mSeparateMobileGroup=8
07-17 15:30:36.995: D/PowerManagerService(2143): mIsLockZone =  true   mTiltAngle : 58.577774 value : 29
07-17 15:30:37.945: I/InputReader(2143): Touch event's action is 0x0 (deviceType=0) [pCnt=1, s=0.1010 ]
07-17 15:30:37.945: I/InputDispatcher(2143): Delivering touch to current input target: action: 0x0
07-17 15:30:37.945: I/InputDispatcher(2143): Delivering touch to current input target: action: 0x0
07-17 15:30:37.945: I/InputDispatcher(2143): Delivering touch to current input target: action: 0x0
07-17 15:30:37.945: I/InputDispatcher(2143): Delivering touch to current input target: action: 0x0
07-17 15:30:37.990: D/STATUSBAR-NetworkController(2417): refreshSignalCluster: data=0 bt=false
07-17 15:30:37.990: D/STATUSBAR-SignalClusterView(2417): mSeparateMobileGroup=8
07-17 15:30:37.990: D/STATUSBAR-SignalClusterView(2417): mSeparateMobileGroup=8
07-17 15:30:37.990: D/STATUSBAR-SignalClusterView(2417): mSeparateMobileGroup=8
07-17 15:30:37.990: D/STATUSBAR-NetworkController(2417): refreshSignalCluster: data=0 bt=false
07-17 15:30:37.990: D/STATUSBAR-SignalClusterView(2417): mSeparateMobileGroup=8
07-17 15:30:37.990: D/STATUSBAR-SignalClusterView(2417): mSeparateMobileGroup=8
07-17 15:30:37.990: D/STATUSBAR-SignalClusterView(2417): mSeparateMobileGroup=8
07-17 15:30:38.090: I/InputReader(2143): Touch event's action is 0x1 (deviceType=0) [pCnt=1, s=]
07-17 15:30:38.090: I/InputDispatcher(2143): Delivering touch to current input target: action: 0x1
07-17 15:30:38.090: I/InputDispatcher(2143): Delivering touch to current input target: action: 0x1
07-17 15:30:38.090: I/InputDispatcher(2143): Delivering touch to current input target: action: 0x1
07-17 15:30:38.090: I/InputDispatcher(2143): Delivering touch to current input target: action: 0x1
07-17 15:30:38.630: I/InputReader(2143): Touch event's action is 0x0 (deviceType=0) [pCnt=1, s=0.1011 ]
07-17 15:30:38.630: I/InputDispatcher(2143): Delivering touch to current input target: action: 0x0
07-17 15:30:38.630: I/InputDispatcher(2143): Delivering touch to current input target: action: 0x0
07-17 15:30:38.630: I/InputDispatcher(2143): Delivering touch to current input target: action: 0x0
07-17 15:30:38.630: I/InputDispatcher(2143): Delivering touch to current input target: action: 0x0
07-17 15:30:38.735: I/libjingle(20281): VAdapt CPU Request: up Steps: 0 Changed: false To: 640x480
07-17 15:30:38.745: I/InputReader(2143): Touch event's action is 0x1 (deviceType=0) [pCnt=1, s=]
07-17 15:30:38.745: I/InputDispatcher(2143): Delivering touch to current input target: action: 0x1
07-17 15:30:38.745: I/InputDispatcher(2143): Delivering touch to current input target: action: 0x1
07-17 15:30:38.745: I/InputDispatcher(2143): Delivering touch to current input target: action: 0x1
07-17 15:30:38.745: I/InputDispatcher(2143): Delivering touch to current input target: action: 0x1
07-17 15:30:38.795: D/PowerManagerService(2143): mIsLockZone =  false   mTiltAngle : 60.677666 value : 20
07-17 15:30:38.995: D/PowerManagerService(2143): mIsLockZone =  true   mTiltAngle : 59.517403 value : 26
07-17 15:30:39.050: I/InputReader(2143): Touch event's action is 0x0 (deviceType=0) [pCnt=1, s=0.1012 ]
07-17 15:30:39.050: I/InputDispatcher(2143): Delivering touch to current input target: action: 0x0
07-17 15:30:39.050: I/InputDispatcher(2143): Delivering touch to current input target: action: 0x0
07-17 15:30:39.050: I/InputDispatcher(2143): Delivering touch to current input target: action: 0x0
07-17 15:30:39.050: I/InputDispatcher(2143): Delivering touch to current input target: action: 0x0
07-17 15:30:39.055: E/lights(2143): write_int failed to open /sys/class/sec/sec_touchkey/brightness
07-17 15:30:39.055: D/RestrictionPolicy(2143): isHomeKeyEnabled :true
07-17 15:30:39.055: I/PowerManagerService(2143): Ulight 0x3->0x7|0x0
07-17 15:30:39.095: D/AudioHardwareTinyALSA(1840): Entering AudioStreamOutALSA standby mode
07-17 15:30:39.095: I/AudioHardwareTinyALSA(1840): Close mHandle:400940a0
07-17 15:30:39.180: I/InputReader(2143): Touch event's action is 0x1 (deviceType=0) [pCnt=1, s=]
07-17 15:30:39.180: I/InputDispatcher(2143): Delivering touch to current input target: action: 0x1
07-17 15:30:39.180: I/InputDispatcher(2143): Delivering touch to current input target: action: 0x1
07-17 15:30:39.180: I/InputDispatcher(2143): Delivering touch to current input target: action: 0x1
07-17 15:30:39.180: I/InputDispatcher(2143): Delivering touch to current input target: action: 0x1
07-17 15:30:39.185: D/RestrictionPolicy(2143): isHomeKeyEnabled :true
07-17 15:30:39.185: D/VoIPInterfaceManager(2143): isVoIPRinging()...
07-17 15:30:39.185: D/VoIPInterfaceManager(2143):     Not exist call session
07-17 15:30:39.185: W/InputMethodManagerService(2143): onReceive() calling hidecurrentInputLocked
07-17 15:30:39.190: I/ClipboardServiceEx(2143): Send intent for dismiss clipboard dialog inside hideCurrentInputLocked() !
07-17 15:30:39.190: D/KeyguardViewMediator(2143): setHidden false
07-17 15:30:39.195: D/KeyguardViewMediator(2143): setHidden false
07-17 15:30:39.225: D/WindowManager(2143): PhoneWindowManager: focusChangedLw
07-17 15:30:39.225: D/PointerIcon(2143): setHoveringSpenIconStyle1 pointerType: 10001iconType:1
07-17 15:30:39.225: D/PointerIcon(2143): setHoveringSpenCustomIcon IconType is same.1
07-17 15:30:39.225: D/MiniModeAppsPanel(2417): closeMiniAppsPanel()
07-17 15:30:39.225: D/WindowManager(2143): mInputFocus is not null.
07-17 15:30:39.230: W/MiniModeAppsPanelDataStorage(2417): minimode file does not exist.
07-17 15:30:39.240: D/KeyguardViewMediator(2143): setHidden false
07-17 15:30:39.240: D/WindowManager(2143): mInputFocus is not null.
07-17 15:30:39.240: D/WindowManager(2143): mInputFocus is not null.
07-17 15:30:39.265: D/Launcher.Workspace(2655): exitWidgetResizeMode State: NORMAL, newDragStarted: false
07-17 15:30:39.265: D/Launcher(2655): onRestart, Launcher: 1100807848
07-17 15:30:39.265: D/Launcher(2655): onStart, Launcher: 1100807848
07-17 15:30:39.265: D/KeyguardViewMediator(2143): setHidden false
07-17 15:30:39.265: D/Launcher.HomeFragment(2655): onStart
07-17 15:30:39.265: D/Launcher(2655): onResume, Launcher: 1100807848
07-17 15:30:39.265: D/WindowManager(2143): mInputFocus is not null.
07-17 15:30:39.265: D/WindowManager(2143): mInputFocus is not null.
07-17 15:30:39.270: E/Launcher(2655): Error finding setting, default accessibility to not found: accessibility_enabled
07-17 15:30:39.270: D/Launcher.HomeFragment(2655): onResume
07-17 15:30:39.270: D/MenuAppsGridFragment(2655): onResume
07-17 15:30:39.275: I/SurfaceFlinger(1837): id=887(58) createSurf 0x42b567e4 (1280x752),1 flag=0, Mauncher
07-17 15:30:39.275: D/WindowManager(2143): PhoneWindowManager: focusChangedLw
07-17 15:30:39.275: D/WindowManager(2143): PhoneWindowManager: focusChangedLw: Call setFocusedWindow()
07-17 15:30:39.275: D/SPenGesture(2143): SpenGestureView: setFocusedWindow
07-17 15:30:39.275: D/KeyguardViewMediator(2143): setHidden false
07-17 15:30:39.275: D/STATUSBAR-StatusBarManagerService(2143): setSystemUiVisibility(0x0)
07-17 15:30:39.275: D/STATUSBAR-StatusBarManagerService(2143): manageDisableList what=0x0 pkg=WindowManager.LayoutParams
07-17 15:30:39.280: D/PointerIcon(2143): setHoveringSpenIconStyle1 pointerType: 10001iconType:1
07-17 15:30:39.280: D/PointerIcon(2143): setHoveringSpenCustomIcon IconType is same.1
07-17 15:30:39.285: D/KeyguardViewMediator(2143): setHidden false
07-17 15:30:39.290: W/SurfaceView(9296): CHECK surface infomation creating=false formatChanged=false sizeChanged=false visible=false visibleChanged=true surfaceChanged=true realSizeChanged=false redrawNeeded=false left=false top=false
07-17 15:30:39.310: D/PointerInterceptView(2143): Receive COLLAPSED
07-17 15:30:39.310: D/ProgramMonitor(4959): LAUNCHER_RESUME
07-17 15:30:39.310: D/ProgramMonitor(4959): isWidgetEnabled:0  mViews:null
07-17 15:30:39.330: I/MiniModeAppsPanel(2417): closeEditPanel() : mEditPanelUIEnabled=true
07-17 15:30:39.330: I/ClipboardServiceEx(2143): Send intent for dismiss clipboard dialog inside hideCurrentInputLocked() !
07-17 15:30:39.365: D/KeyguardViewMediator(2143): setHidden false
07-17 15:30:39.375: D/KeyguardViewMediator(2143): setHidden false
07-17 15:30:39.380: D/KeyguardViewMediator(2143): setHidden false
07-17 15:30:39.380: D/KeyguardViewMediator(2143): setHidden false
07-17 15:30:39.380: D/KeyguardViewMediator(2143): setHidden false
07-17 15:30:39.390: D/KeyguardViewMediator(2143): setHidden false
07-17 15:30:39.395: D/PowerManagerService(2143): mIsLockZone =  false   mTiltAngle : 60.39668 value : 20
07-17 15:30:39.775: D/KeyguardViewMediator(2143): setHidden false
07-17 15:30:39.780: I/SurfaceFlinger(1837): id=886 Removed SesolverAct idx=7 MapSz=7
07-17 15:30:39.780: I/SurfaceFlinger(1837): id=886 Removed SesolverAct idx=-2 MapSz=7
07-17 15:30:39.780: I/SurfaceFlinger(1837): id=880 Removed HameActivit idx=6 MapSz=6
07-17 15:30:39.780: I/SurfaceFlinger(1837): id=880 Removed HameActivit idx=-2 MapSz=6
07-17 15:30:39.785: I/SurfaceFlinger(1837): id=881 Removed TurfaceView idx=5 MapSz=5
07-17 15:30:39.785: I/SurfaceFlinger(1837): id=881 Removed TurfaceView idx=-2 MapSz=5
07-17 15:30:39.785: D/KeyguardViewMediator(2143): setHidden false
07-17 15:30:39.790: D/KeyguardViewMediator(2143): setHidden false
07-17 15:30:40.150: I/InputReader(2143): Touch event's action is 0x0 (deviceType=0) [pCnt=1, s=0.1013 ]
07-17 15:30:40.150: I/InputDispatcher(2143): Delivering touch to current input target: action: 0x0
07-17 15:30:40.150: I/InputDispatcher(2143): Delivering touch to current input target: action: 0x0
07-17 15:30:40.150: I/InputDispatcher(2143): Delivering touch to current input target: action: 0x0
07-17 15:30:40.150: I/InputDispatcher(2143): Delivering touch to current input target: action: 0x0
07-17 15:30:40.160: D/KeyguardViewMediator(2143): setHidden false
07-17 15:30:40.190: D/TextLayoutCache(2417): Cache value 0x5e8a7c38 deleted, size = 152
07-17 15:30:40.190: D/TextLayoutCache(2417): Cache value 0x605e3d88 deleted, size = 152
07-17 15:30:40.190: D/TextLayoutCache(2417): Cache value 0x5ae7fbe0 deleted, size = 152
07-17 15:30:40.190: D/TextLayoutCache(2417): Cache value 0x5bc62068 deleted, size = 152
07-17 15:30:40.235: I/InputReader(2143): Touch event's action is 0x1 (deviceType=0) [pCnt=1, s=]
07-17 15:30:40.235: I/InputDispatcher(2143): Delivering touch to current input target: action: 0x1
07-17 15:30:40.235: I/InputDispatcher(2143): Delivering touch to current input target: action: 0x1
07-17 15:30:40.235: I/InputDispatcher(2143): Delivering touch to current input target: action: 0x1
07-17 15:30:40.235: I/InputDispatcher(2143): Delivering touch to current input target: action: 0x1
07-17 15:30:40.240: D/KeyguardViewMediator(2143): setHidden false
07-17 15:30:40.245: I/ClipboardServiceEx(2143): Send intent for dismiss clipboard dialog inside hideCurrentInputLocked() !
07-17 15:30:40.245: W/InputMethodManagerService(2143): onReceive() calling hidecurrentInputLocked
07-17 15:30:40.250: D/MiniModeAppsPanel(2417): closeMiniAppsPanel()
07-17 15:30:40.250: D/PointerInterceptView(2143): Receive COLLAPSED
07-17 15:30:40.255: W/MiniModeAppsPanelDataStorage(2417): minimode file does not exist.
07-17 15:30:40.305: W/GA-SERVICE(7357): Thread[Thread-676,5,main]:  Using destination http://www.google-analytics.com
07-17 15:30:40.350: D/dalvikvm(2417): GC_CONCURRENT freed 1642K, 32% free 21287K/31239K, paused 12ms+19ms, total 74ms
07-17 15:30:40.375: I/MiniModeAppsPanel(2417): closeEditPanel() : mEditPanelUIEnabled=true
07-17 15:30:40.380: I/SurfaceFlinger(1837): id=888(50) createSurf 0x40f5a034 (600x800),1 flag=0, SecentsPane
07-17 15:30:40.380: D/WindowManager(2143): PhoneWindowManager: focusChangedLw
07-17 15:30:40.380: D/WindowManager(2143): PhoneWindowManager: focusChangedLw: Call setFocusedWindow()
07-17 15:30:40.380: D/SPenGesture(2143): SpenGestureView: setFocusedWindow
07-17 15:30:40.380: D/KeyguardViewMediator(2143): setHidden false
07-17 15:30:40.380: D/PointerIcon(2143): setHoveringSpenIconStyle1 pointerType: 10001iconType:1
07-17 15:30:40.380: D/PointerIcon(2143): setHoveringSpenCustomIcon IconType is same.1
07-17 15:30:40.380: D/STATUSBAR-StatusBarManagerService(2143): setSystemUiVisibility(0x0)
07-17 15:30:40.380: D/STATUSBAR-StatusBarManagerService(2143): manageDisableList what=0x0 pkg=WindowManager.LayoutParams
07-17 15:30:40.420: D/TextLayoutCache(2417): Cache value 0x5dc439c8 deleted, size = 152
07-17 15:30:40.425: D/KeyguardViewMediator(2143): setHidden false
07-17 15:30:40.595: D/PowerManagerService(2143): mIsLockZone =  true   mTiltAngle : 58.927547 value : 28
07-17 15:30:40.610: D/KeyguardViewMediator(2143): setHidden false
07-17 15:30:40.610: D/KeyguardViewMediator(2143): setHidden false
07-17 15:30:40.740: I/libjingle(20281): VAdapt CPU Request: up Steps: 0 Changed: false To: 640x480
07-17 15:30:40.995: D/STATUSBAR-NetworkController(2417): refreshSignalCluster: data=0 bt=false
07-17 15:30:41.000: D/STATUSBAR-SignalClusterView(2417): mSeparateMobileGroup=8
07-17 15:30:41.000: D/STATUSBAR-SignalClusterView(2417): mSeparateMobileGroup=8
07-17 15:30:41.000: D/STATUSBAR-SignalClusterView(2417): mSeparateMobileGroup=8
07-17 15:30:41.000: D/STATUSBAR-NetworkController(2417): refreshSignalCluster: data=0 bt=false
07-17 15:30:41.000: D/STATUSBAR-SignalClusterView(2417): mSeparateMobileGroup=8
07-17 15:30:41.000: D/STATUSBAR-SignalClusterView(2417): mSeparateMobileGroup=8
07-17 15:30:41.000: D/STATUSBAR-SignalClusterView(2417): mSeparateMobileGroup=8
07-17 15:30:41.085: I/InputReader(2143): Touch event's action is 0x0 (deviceType=0) [pCnt=1, s=0.1014 ]
07-17 15:30:41.085: I/InputDispatcher(2143): Delivering touch to current input target: action: 0x0
07-17 15:30:41.090: I/InputDispatcher(2143): Delivering touch to current input target: action: 0x0
07-17 15:30:41.090: I/InputDispatcher(2143): Delivering touch to current input target: action: 0x0
07-17 15:30:41.090: I/InputDispatcher(2143): Delivering touch to current input target: action: 0x0
07-17 15:30:41.255: I/InputReader(2143): Touch event's action is 0x1 (deviceType=0) [pCnt=1, s=]
07-17 15:30:41.255: I/InputDispatcher(2143): Delivering touch to current input target: action: 0x1
07-17 15:30:41.255: I/InputDispatcher(2143): Delivering touch to current input target: action: 0x1
07-17 15:30:41.255: I/InputDispatcher(2143): Delivering touch to current input target: action: 0x1
07-17 15:30:41.260: I/InputDispatcher(2143): Delivering touch to current input target: action: 0x1
07-17 15:30:41.660: D/KeyguardViewMediator(2143): setHidden false
07-17 15:30:41.660: I/ActivityManager(2143): Killing 9296:com.gameloft.android.ANMP.GloftTRHM/u0a150: remove task
07-17 15:30:42.000: D/STATUSBAR-NetworkController(2417): refreshSignalCluster: data=0 bt=false
07-17 15:30:42.000: D/STATUSBAR-SignalClusterView(2417): mSeparateMobileGroup=8
07-17 15:30:42.000: D/STATUSBAR-SignalClusterView(2417): mSeparateMobileGroup=8
07-17 15:30:42.000: D/STATUSBAR-SignalClusterView(2417): mSeparateMobileGroup=8
07-17 15:30:42.000: D/STATUSBAR-NetworkController(2417): refreshSignalCluster: data=0 bt=false
07-17 15:30:42.000: D/STATUSBAR-SignalClusterView(2417): mSeparateMobileGroup=8
07-17 15:30:42.000: D/STATUSBAR-SignalClusterView(2417): mSeparateMobileGroup=8
07-17 15:30:42.000: D/STATUSBAR-SignalClusterView(2417): mSeparateMobileGroup=8
07-17 15:30:42.075: I/InputReader(2143): Touch event's action is 0x0 (deviceType=0) [pCnt=1, s=0.1015 ]
07-17 15:30:42.075: I/InputDispatcher(2143): Delivering touch to current input target: action: 0x0
07-17 15:30:42.075: I/InputDispatcher(2143): Delivering touch to current input target: action: 0x0
07-17 15:30:42.075: I/InputDispatcher(2143): Delivering touch to current input target: action: 0x0
07-17 15:30:42.075: I/InputDispatcher(2143): Delivering touch to current input target: action: 0x0
07-17 15:30:42.080: I/ClipboardServiceEx(2143): Send intent for dismiss clipboard dialog inside hideCurrentInputLocked() !
07-17 15:30:42.080: W/InputMethodManagerService(2143): onReceive() calling hidecurrentInputLocked
07-17 15:30:42.110: D/WindowManager(2143): PhoneWindowManager: focusChangedLw
07-17 15:30:42.110: D/WindowManager(2143): PhoneWindowManager: focusChangedLw: Call setFocusedWindow()
07-17 15:30:42.110: D/SPenGesture(2143): SpenGestureView: setFocusedWindow
07-17 15:30:42.110: D/KeyguardViewMediator(2143): setHidden false
07-17 15:30:42.110: D/PointerIcon(2143): setHoveringSpenIconStyle1 pointerType: 10001iconType:1
07-17 15:30:42.110: D/PointerIcon(2143): setHoveringSpenCustomIcon IconType is same.1
07-17 15:30:42.110: D/STATUSBAR-StatusBarManagerService(2143): setSystemUiVisibility(0x0)
07-17 15:30:42.110: D/STATUSBAR-StatusBarManagerService(2143): manageDisableList what=0x0 pkg=WindowManager.LayoutParams
07-17 15:30:42.115: D/MiniModeAppsPanel(2417): closeMiniAppsPanel()
07-17 15:30:42.115: D/PointerInterceptView(2143): Receive COLLAPSED
07-17 15:30:42.115: W/MiniModeAppsPanelDataStorage(2417): minimode file does not exist.
07-17 15:30:42.115: W/InputMethodManagerService(2143): Window already focused, ignoring focus gain of: com.android.internal.view.IInputMethodClient$Stub$Proxy@43223e38 attribute=null
07-17 15:30:42.160: I/InputReader(2143): Touch event's action is 0x1 (deviceType=0) [pCnt=1, s=]
07-17 15:30:42.160: I/InputDispatcher(2143): Delivering touch to current input target: action: 0x1
07-17 15:30:42.160: I/InputDispatcher(2143): Delivering touch to current input target: action: 0x1
07-17 15:30:42.160: I/InputDispatcher(2143): Delivering touch to current input target: action: 0x1
07-17 15:30:42.160: I/InputDispatcher(2143): Delivering touch to current input target: action: 0x1
07-17 15:30:42.170: I/MiniModeAppsPanel(2417): closeEditPanel() : mEditPanelUIEnabled=true
07-17 15:30:42.220: I/libjingle(20281): VAdapt Frame: scaled 0 / out 54450 / in 54450 Changes: 6 Input: 640x480 i33333333 Scale: 1 Output: 640x480 i33333333 Changed: false
07-17 15:30:42.290: D/KeyguardViewMediator(2143): setHidden false
07-17 15:30:42.290: I/SurfaceFlinger(1837): id=888 Removed SecentsPane idx=7 MapSz=5
07-17 15:30:42.290: I/SurfaceFlinger(1837): id=888 Removed SecentsPane idx=-2 MapSz=5
07-17 15:30:42.295: D/KeyguardViewMediator(2143): setHidden false
07-17 15:30:42.415: D/KeyguardViewMediator(2143): setHidden false
07-17 15:30:42.415: W/InputDispatcher(2143): channel ~ Consumer closed input channel or an error occurred.  events=0x9
07-17 15:30:42.415: E/InputDispatcher(2143): channel ~ Channel is unrecoverably broken and will be disposed!
07-17 15:30:42.420: W/InputDispatcher(2143): Attempted to unregister already unregistered input channel
07-17 15:30:42.420: D/KeyguardViewMediator(2143): setHidden false
07-17 15:30:42.745: I/libjingle(20281): VAdapt CPU Request: up Steps: 0 Changed: false To: 640x480
07-17 15:30:43.000: D/PowerManagerService(2143): mIsLockZone =  false   mTiltAngle : 63.622025 value : 21
07-17 15:30:43.000: D/STATUSBAR-NetworkController(2417): refreshSignalCluster: data=0 bt=false
07-17 15:30:43.005: D/STATUSBAR-SignalClusterView(2417): mSeparateMobileGroup=8
07-17 15:30:43.005: D/STATUSBAR-SignalClusterView(2417): mSeparateMobileGroup=8
07-17 15:30:43.005: D/STATUSBAR-SignalClusterView(2417): mSeparateMobileGroup=8
07-17 15:30:43.005: D/STATUSBAR-NetworkController(2417): refreshSignalCluster: data=0 bt=false
07-17 15:30:43.005: D/STATUSBAR-SignalClusterView(2417): mSeparateMobileGroup=8
07-17 15:30:43.005: D/STATUSBAR-SignalClusterView(2417): mSeparateMobileGroup=8
07-17 15:30:43.005: D/STATUSBAR-SignalClusterView(2417): mSeparateMobileGroup=8
07-17 15:30:43.575: W/PowerManagerService(2143): Timer 0x7->0x3|0x1
07-17 15:30:43.575: E/lights(2143): write_int failed to open /sys/class/sec/sec_touchkey/brightness
07-17 15:30:43.575: I/PowerManagerService(2143): Ulight 0x7->0x3|0x0
07-17 15:30:44.745: I/libjingle(20281): VAdapt CPU Request: up Steps: 0 Changed: false To: 640x480
07-17 15:30:45.005: D/STATUSBAR-NetworkController(2417): refreshSignalCluster: data=0 bt=false
07-17 15:30:45.005: D/STATUSBAR-SignalClusterView(2417): mSeparateMobileGroup=8
07-17 15:30:45.005: D/STATUSBAR-SignalClusterView(2417): mSeparateMobileGroup=8
07-17 15:30:45.005: D/STATUSBAR-SignalClusterView(2417): mSeparateMobileGroup=8
07-17 15:30:45.005: D/STATUSBAR-NetworkController(2417): refreshSignalCluster: data=0 bt=false
