07-17 15:38:05.375: D/STATUSBAR-NetworkController(2417): refreshSignalCluster: data=0 bt=false
07-17 15:38:05.375: D/STATUSBAR-SignalClusterView(2417): mSeparateMobileGroup=8
07-17 15:38:05.375: D/STATUSBAR-SignalClusterView(2417): mSeparateMobileGroup=8
07-17 15:38:05.375: D/STATUSBAR-SignalClusterView(2417): mSeparateMobileGroup=8
07-17 15:38:07.310: I/libjingle(20281): VAdapt CPU Request: up Steps: 0 Changed: false To: 640x480
07-17 15:38:09.030: I/libjingle(20281): VAdapt Frame: scaled 0 / out 61650 / in 61650 Changes: 6 Input: 640x480 i33333333 Scale: 1 Output: 640x480 i33333333 Changed: false
07-17 15:38:09.315: I/libjingle(20281): VAdapt CPU Request: up Steps: 0 Changed: false To: 640x480
07-17 15:38:11.320: I/libjingle(20281): VAdapt CPU Request: up Steps: 0 Changed: false To: 640x480
07-17 15:38:12.350: D/BatteryService(2143): update start
07-17 15:38:12.355: D/BatteryService(2143): level:80 scale:100 status:3 health:2 present:true voltage: 4000 temperature: 316 technology: Li-ion AC powered:false USB powered:true icon:17303195 invalid charger:0
07-17 15:38:12.360: D/STATUSBAR-BatteryController(2417): onReceive() - ACTION_BATTERY_CHANGED
07-17 15:38:12.360: D/STATUSBAR-BatteryController(2417): onReceive() - level:80
07-17 15:38:12.360: D/STATUSBAR-BatteryController(2417): onReceive() - plugged:2
07-17 15:38:12.360: D/STATUSBAR-BatteryController(2417): onReceive() - BATTERY_STATUS_DISCHARGING: tw_stat_sys_battery_usb_not_charge
07-17 15:38:12.370: E/MtpService(19825): In MTPAPP onReceive:android.intent.action.BATTERY_CHANGED
07-17 15:38:12.370: E/MtpService(19825): battPlugged Type : 2
07-17 15:38:12.370: W/AlarmManager(2143): FACTORY_ON= 0
07-17 15:38:13.320: I/libjingle(20281): VAdapt CPU Request: up Steps: 0 Changed: false To: 640x480
07-17 15:38:14.395: D/STATUSBAR-NetworkController(2417): refreshSignalCluster: data=0 bt=false
07-17 15:38:14.395: D/STATUSBAR-SignalClusterView(2417): mSeparateMobileGroup=8
07-17 15:38:14.395: D/STATUSBAR-SignalClusterView(2417): mSeparateMobileGroup=8
07-17 15:38:14.395: D/STATUSBAR-SignalClusterView(2417): mSeparateMobileGroup=8
07-17 15:38:14.395: D/STATUSBAR-NetworkController(2417): refreshSignalCluster: data=0 bt=false
07-17 15:38:14.400: D/STATUSBAR-SignalClusterView(2417): mSeparateMobileGroup=8
07-17 15:38:14.400: D/STATUSBAR-SignalClusterView(2417): mSeparateMobileGroup=8
07-17 15:38:14.400: D/STATUSBAR-SignalClusterView(2417): mSeparateMobileGroup=8
07-17 15:38:14.440: I/libjingle(20281): VAdapt Frame: scaled 0 / out 61740 / in 61740 Changes: 6 Input: 640x480 i33333333 Scale: 1 Output: 640x480 i33333333 Changed: false
07-17 15:38:15.325: I/libjingle(20281): VAdapt CPU Request: up Steps: 0 Changed: false To: 640x480
07-17 15:38:15.405: D/STATUSBAR-NetworkController(2417): refreshSignalCluster: data=0 bt=false
07-17 15:38:15.405: D/STATUSBAR-SignalClusterView(2417): mSeparateMobileGroup=8
07-17 15:38:15.405: D/STATUSBAR-SignalClusterView(2417): mSeparateMobileGroup=8
07-17 15:38:15.405: D/STATUSBAR-SignalClusterView(2417): mSeparateMobileGroup=8
07-17 15:38:15.405: D/STATUSBAR-NetworkController(2417): refreshSignalCluster: data=0 bt=false
07-17 15:38:15.410: D/STATUSBAR-SignalClusterView(2417): mSeparateMobileGroup=8
07-17 15:38:15.410: D/STATUSBAR-SignalClusterView(2417): mSeparateMobileGroup=8
07-17 15:38:15.410: D/STATUSBAR-SignalClusterView(2417): mSeparateMobileGroup=8
07-17 15:38:17.325: I/libjingle(20281): VAdapt CPU Request: up Steps: 0 Changed: false To: 640x480
07-17 15:38:18.415: D/STATUSBAR-NetworkController(2417): refreshSignalCluster: data=0 bt=false
07-17 15:38:18.415: D/STATUSBAR-SignalClusterView(2417): mSeparateMobileGroup=8
07-17 15:38:18.415: D/STATUSBAR-SignalClusterView(2417): mSeparateMobileGroup=8
07-17 15:38:18.415: D/STATUSBAR-SignalClusterView(2417): mSeparateMobileGroup=8
07-17 15:38:18.415: D/STATUSBAR-NetworkController(2417): refreshSignalCluster: data=0 bt=false
07-17 15:38:18.415: D/STATUSBAR-SignalClusterView(2417): mSeparateMobileGroup=8
07-17 15:38:18.415: D/STATUSBAR-SignalClusterView(2417): mSeparateMobileGroup=8
07-17 15:38:18.415: D/STATUSBAR-SignalClusterView(2417): mSeparateMobileGroup=8
07-17 15:38:19.330: I/libjingle(20281): VAdapt CPU Request: up Steps: 0 Changed: false To: 640x480
07-17 15:38:19.415: D/STATUSBAR-NetworkController(2417): refreshSignalCluster: data=0 bt=false
07-17 15:38:19.420: D/STATUSBAR-SignalClusterView(2417): mSeparateMobileGroup=8
07-17 15:38:19.420: D/STATUSBAR-SignalClusterView(2417): mSeparateMobileGroup=8
07-17 15:38:19.420: D/STATUSBAR-SignalClusterView(2417): mSeparateMobileGroup=8
07-17 15:38:19.420: D/STATUSBAR-NetworkController(2417): refreshSignalCluster: data=0 bt=false
07-17 15:38:19.420: D/STATUSBAR-SignalClusterView(2417): mSeparateMobileGroup=8
07-17 15:38:19.420: D/STATUSBAR-SignalClusterView(2417): mSeparateMobileGroup=8
07-17 15:38:19.420: D/STATUSBAR-SignalClusterView(2417): mSeparateMobileGroup=8
07-17 15:38:19.845: I/libjingle(20281): VAdapt Frame: scaled 0 / out 61830 / in 61830 Changes: 6 Input: 640x480 i33333333 Scale: 1 Output: 640x480 i33333333 Changed: false
07-17 15:38:20.425: D/STATUSBAR-NetworkController(2417): refreshSignalCluster: data=0 bt=false
07-17 15:38:20.425: D/STATUSBAR-SignalClusterView(2417): mSeparateMobileGroup=8
07-17 15:38:20.425: D/STATUSBAR-SignalClusterView(2417): mSeparateMobileGroup=8
07-17 15:38:20.425: D/STATUSBAR-SignalClusterView(2417): mSeparateMobileGroup=8
07-17 15:38:20.425: D/STATUSBAR-NetworkController(2417): refreshSignalCluster: data=0 bt=false
07-17 15:38:20.425: D/STATUSBAR-SignalClusterView(2417): mSeparateMobileGroup=8
07-17 15:38:20.425: D/STATUSBAR-SignalClusterView(2417): mSeparateMobileGroup=8
07-17 15:38:20.425: D/STATUSBAR-SignalClusterView(2417): mSeparateMobileGroup=8
07-17 15:38:21.330: I/libjingle(20281): VAdapt CPU Request: up Steps: 0 Changed: false To: 640x480
07-17 15:38:21.425: D/STATUSBAR-NetworkController(2417): refreshSignalCluster: data=0 bt=false
07-17 15:38:21.425: D/STATUSBAR-SignalClusterView(2417): mSeparateMobileGroup=8
07-17 15:38:21.425: D/STATUSBAR-SignalClusterView(2417): mSeparateMobileGroup=8
07-17 15:38:21.425: D/STATUSBAR-SignalClusterView(2417): mSeparateMobileGroup=8
07-17 15:38:21.430: D/STATUSBAR-NetworkController(2417): refreshSignalCluster: data=0 bt=false
07-17 15:38:21.430: D/STATUSBAR-SignalClusterView(2417): mSeparateMobileGroup=8
07-17 15:38:21.430: D/STATUSBAR-SignalClusterView(2417): mSeparateMobileGroup=8
07-17 15:38:21.430: D/STATUSBAR-SignalClusterView(2417): mSeparateMobileGroup=8
07-17 15:38:22.430: D/STATUSBAR-NetworkController(2417): refreshSignalCluster: data=0 bt=false
07-17 15:38:22.430: D/STATUSBAR-SignalClusterView(2417): mSeparateMobileGroup=8
07-17 15:38:22.430: D/STATUSBAR-SignalClusterView(2417): mSeparateMobileGroup=8
07-17 15:38:22.430: D/STATUSBAR-SignalClusterView(2417): mSeparateMobileGroup=8
07-17 15:38:22.430: D/STATUSBAR-NetworkController(2417): refreshSignalCluster: data=0 bt=false
07-17 15:38:22.430: D/STATUSBAR-SignalClusterView(2417): mSeparateMobileGroup=8
07-17 15:38:22.430: D/STATUSBAR-SignalClusterView(2417): mSeparateMobileGroup=8
07-17 15:38:22.435: D/STATUSBAR-SignalClusterView(2417): mSeparateMobileGroup=8
07-17 15:38:23.335: I/libjingle(20281): VAdapt CPU Request: up Steps: 0 Changed: false To: 640x480
07-17 15:38:23.430: D/STATUSBAR-NetworkController(2417): refreshSignalCluster: data=0 bt=false
07-17 15:38:23.435: D/STATUSBAR-SignalClusterView(2417): mSeparateMobileGroup=8
07-17 15:38:23.435: D/STATUSBAR-SignalClusterView(2417): mSeparateMobileGroup=8
07-17 15:38:23.435: D/STATUSBAR-SignalClusterView(2417): mSeparateMobileGroup=8
07-17 15:38:23.435: D/STATUSBAR-NetworkController(2417): refreshSignalCluster: data=0 bt=false
07-17 15:38:23.435: D/STATUSBAR-SignalClusterView(2417): mSeparateMobileGroup=8
07-17 15:38:23.435: D/STATUSBAR-SignalClusterView(2417): mSeparateMobileGroup=8
07-17 15:38:23.435: D/STATUSBAR-SignalClusterView(2417): mSeparateMobileGroup=8
07-17 15:38:24.435: D/STATUSBAR-NetworkController(2417): refreshSignalCluster: data=0 bt=false
07-17 15:38:24.435: D/STATUSBAR-SignalClusterView(2417): mSeparateMobileGroup=8
07-17 15:38:24.435: D/STATUSBAR-SignalClusterView(2417): mSeparateMobileGroup=8
07-17 15:38:24.435: D/STATUSBAR-SignalClusterView(2417): mSeparateMobileGroup=8
07-17 15:38:24.435: D/STATUSBAR-NetworkController(2417): refreshSignalCluster: data=0 bt=false
07-17 15:38:24.440: D/STATUSBAR-SignalClusterView(2417): mSeparateMobileGroup=8
07-17 15:38:24.440: D/STATUSBAR-SignalClusterView(2417): mSeparateMobileGroup=8
07-17 15:38:24.440: D/STATUSBAR-SignalClusterView(2417): mSeparateMobileGroup=8
07-17 15:38:25.250: I/libjingle(20281): VAdapt Frame: scaled 0 / out 61920 / in 61920 Changes: 6 Input: 640x480 i33333333 Scale: 1 Output: 640x480 i33333333 Changed: false
07-17 15:38:25.335: I/libjingle(20281): VAdapt CPU Request: up Steps: 0 Changed: false To: 640x480
07-17 15:38:25.440: D/STATUSBAR-NetworkController(2417): refreshSignalCluster: data=0 bt=false
07-17 15:38:25.440: D/STATUSBAR-SignalClusterView(2417): mSeparateMobileGroup=8
07-17 15:38:25.440: D/STATUSBAR-SignalClusterView(2417): mSeparateMobileGroup=8
07-17 15:38:25.440: D/STATUSBAR-SignalClusterView(2417): mSeparateMobileGroup=8
07-17 15:38:25.440: D/STATUSBAR-NetworkController(2417): refreshSignalCluster: data=0 bt=false
07-17 15:38:25.440: D/STATUSBAR-SignalClusterView(2417): mSeparateMobileGroup=8
07-17 15:38:25.440: D/STATUSBAR-SignalClusterView(2417): mSeparateMobileGroup=8
07-17 15:38:25.440: D/STATUSBAR-SignalClusterView(2417): mSeparateMobileGroup=8
07-17 15:38:27.180: D/dalvikvm(2143): GC_CONCURRENT freed 1922K, 47% free 26975K/50119K, paused 10ms+14ms, total 180ms
07-17 15:38:27.335: I/libjingle(20281): VAdapt CPU Request: up Steps: 0 Changed: false To: 640x480
07-17 15:38:29.340: I/libjingle(20281): VAdapt CPU Request: up Steps: 0 Changed: false To: 640x480
07-17 15:38:30.415: E/Watchdog(2143): !@Sync 3040
07-17 15:38:30.660: I/libjingle(20281): VAdapt Frame: scaled 0 / out 62010 / in 62010 Changes: 6 Input: 640x480 i33333333 Scale: 1 Output: 640x480 i33333333 Changed: false
07-17 15:38:31.345: I/libjingle(20281): VAdapt CPU Request: up Steps: 0 Changed: false To: 640x480
07-17 15:38:33.345: I/libjingle(20281): VAdapt CPU Request: up Steps: 0 Changed: false To: 640x480
07-17 15:38:34.455: D/STATUSBAR-NetworkController(2417): refreshSignalCluster: data=0 bt=false
07-17 15:38:34.460: D/STATUSBAR-SignalClusterView(2417): mSeparateMobileGroup=8
07-17 15:38:34.460: D/STATUSBAR-SignalClusterView(2417): mSeparateMobileGroup=8
07-17 15:38:34.460: D/STATUSBAR-SignalClusterView(2417): mSeparateMobileGroup=8
07-17 15:38:34.460: D/STATUSBAR-NetworkController(2417): refreshSignalCluster: data=0 bt=false
07-17 15:38:34.460: D/STATUSBAR-SignalClusterView(2417): mSeparateMobileGroup=8
07-17 15:38:34.460: D/STATUSBAR-SignalClusterView(2417): mSeparateMobileGroup=8
07-17 15:38:34.460: D/STATUSBAR-SignalClusterView(2417): mSeparateMobileGroup=8
07-17 15:38:35.350: I/libjingle(20281): VAdapt CPU Request: up Steps: 0 Changed: false To: 640x480
07-17 15:38:35.460: D/STATUSBAR-NetworkController(2417): refreshSignalCluster: data=0 bt=false
07-17 15:38:35.460: D/STATUSBAR-SignalClusterView(2417): mSeparateMobileGroup=8
07-17 15:38:35.460: D/STATUSBAR-SignalClusterView(2417): mSeparateMobileGroup=8
07-17 15:38:35.460: D/STATUSBAR-SignalClusterView(2417): mSeparateMobileGroup=8
07-17 15:38:35.465: D/STATUSBAR-NetworkController(2417): refreshSignalCluster: data=0 bt=false
07-17 15:38:35.465: D/STATUSBAR-SignalClusterView(2417): mSeparateMobileGroup=8
07-17 15:38:35.465: D/STATUSBAR-SignalClusterView(2417): mSeparateMobileGroup=8
07-17 15:38:35.465: D/STATUSBAR-SignalClusterView(2417): mSeparateMobileGroup=8
07-17 15:38:36.065: I/libjingle(20281): VAdapt Frame: scaled 0 / out 62100 / in 62100 Changes: 6 Input: 640x480 i33333333 Scale: 1 Output: 640x480 i33333333 Changed: false
07-17 15:38:37.350: I/libjingle(20281): VAdapt CPU Request: up Steps: 0 Changed: false To: 640x480
07-17 15:38:39.355: I/libjingle(20281): VAdapt CPU Request: up Steps: 0 Changed: false To: 640x480
07-17 15:38:41.355: I/libjingle(20281): VAdapt CPU Request: up Steps: 0 Changed: false To: 640x480
07-17 15:38:41.490: I/libjingle(20281): VAdapt Frame: scaled 0 / out 62190 / in 62190 Changes: 6 Input: 640x480 i33333333 Scale: 1 Output: 640x480 i33333333 Changed: false
07-17 15:38:42.635: D/BatteryService(2143): update start
07-17 15:38:42.640: D/BatteryService(2143): level:80 scale:100 status:3 health:2 present:true voltage: 3994 temperature: 316 technology: Li-ion AC powered:false USB powered:true icon:17303195 invalid charger:0
07-17 15:38:42.645: D/STATUSBAR-BatteryController(2417): onReceive() - ACTION_BATTERY_CHANGED
07-17 15:38:42.645: D/STATUSBAR-BatteryController(2417): onReceive() - level:80
07-17 15:38:42.645: D/STATUSBAR-BatteryController(2417): onReceive() - plugged:2
07-17 15:38:42.645: D/STATUSBAR-BatteryController(2417): onReceive() - BATTERY_STATUS_DISCHARGING: tw_stat_sys_battery_usb_not_charge
07-17 15:38:42.655: E/MtpService(19825): In MTPAPP onReceive:android.intent.action.BATTERY_CHANGED
07-17 15:38:42.655: E/MtpService(19825): battPlugged Type : 2
07-17 15:38:42.655: W/AlarmManager(2143): FACTORY_ON= 0
07-17 15:38:43.360: I/libjingle(20281): VAdapt CPU Request: up Steps: 0 Changed: false To: 640x480
07-17 15:38:44.485: D/STATUSBAR-NetworkController(2417): refreshSignalCluster: data=0 bt=false
07-17 15:38:44.485: D/STATUSBAR-SignalClusterView(2417): mSeparateMobileGroup=8
07-17 15:38:44.485: D/STATUSBAR-SignalClusterView(2417): mSeparateMobileGroup=8
07-17 15:38:44.485: D/STATUSBAR-SignalClusterView(2417): mSeparateMobileGroup=8
07-17 15:38:44.485: D/STATUSBAR-NetworkController(2417): refreshSignalCluster: data=0 bt=false
07-17 15:38:44.485: D/STATUSBAR-SignalClusterView(2417): mSeparateMobileGroup=8
07-17 15:38:44.485: D/STATUSBAR-SignalClusterView(2417): mSeparateMobileGroup=8
07-17 15:38:44.485: D/STATUSBAR-SignalClusterView(2417): mSeparateMobileGroup=8
07-17 15:38:45.360: I/libjingle(20281): VAdapt CPU Request: up Steps: 0 Changed: false To: 640x480
07-17 15:38:45.500: D/STATUSBAR-NetworkController(2417): refreshSignalCluster: data=0 bt=false
07-17 15:38:45.500: D/STATUSBAR-SignalClusterView(2417): mSeparateMobileGroup=8
07-17 15:38:45.500: D/STATUSBAR-SignalClusterView(2417): mSeparateMobileGroup=8
07-17 15:38:45.500: D/STATUSBAR-SignalClusterView(2417): mSeparateMobileGroup=8
07-17 15:38:45.500: D/STATUSBAR-NetworkController(2417): refreshSignalCluster: data=0 bt=false
07-17 15:38:45.505: D/STATUSBAR-SignalClusterView(2417): mSeparateMobileGroup=8
07-17 15:38:45.505: D/STATUSBAR-SignalClusterView(2417): mSeparateMobileGroup=8
07-17 15:38:45.505: D/STATUSBAR-SignalClusterView(2417): mSeparateMobileGroup=8
07-17 15:38:46.880: I/libjingle(20281): VAdapt Frame: scaled 0 / out 62280 / in 62280 Changes: 6 Input: 640x480 i33333333 Scale: 1 Output: 640x480 i33333333 Changed: false
07-17 15:38:47.365: I/libjingle(20281): VAdapt CPU Request: up Steps: 0 Changed: false To: 640x480
07-17 15:38:49.365: I/libjingle(20281): VAdapt CPU Request: up Steps: 0 Changed: false To: 640x480
07-17 15:38:49.510: D/STATUSBAR-NetworkController(2417): refreshSignalCluster: data=0 bt=false
07-17 15:38:49.510: D/STATUSBAR-SignalClusterView(2417): mSeparateMobileGroup=8
07-17 15:38:49.510: D/STATUSBAR-SignalClusterView(2417): mSeparateMobileGroup=8
07-17 15:38:49.510: D/STATUSBAR-SignalClusterView(2417): mSeparateMobileGroup=8
07-17 15:38:49.510: D/STATUSBAR-NetworkController(2417): refreshSignalCluster: data=0 bt=false
07-17 15:38:49.520: D/STATUSBAR-SignalClusterView(2417): mSeparateMobileGroup=8
07-17 15:38:49.520: D/STATUSBAR-SignalClusterView(2417): mSeparateMobileGroup=8
07-17 15:38:49.520: D/STATUSBAR-SignalClusterView(2417): mSeparateMobileGroup=8
07-17 15:38:50.515: D/STATUSBAR-NetworkController(2417): refreshSignalCluster: data=0 bt=false
07-17 15:38:50.515: D/STATUSBAR-SignalClusterView(2417): mSeparateMobileGroup=8
07-17 15:38:50.515: D/STATUSBAR-SignalClusterView(2417): mSeparateMobileGroup=8
07-17 15:38:50.515: D/STATUSBAR-SignalClusterView(2417): mSeparateMobileGroup=8
07-17 15:38:50.515: D/STATUSBAR-NetworkController(2417): refreshSignalCluster: data=0 bt=false
07-17 15:38:50.515: D/STATUSBAR-SignalClusterView(2417): mSeparateMobileGroup=8
07-17 15:38:50.535: D/STATUSBAR-SignalClusterView(2417): mSeparateMobileGroup=8
07-17 15:38:50.535: D/STATUSBAR-SignalClusterView(2417): mSeparateMobileGroup=8
07-17 15:38:50.635: D/dalvikvm(2417): GC_CONCURRENT freed 2275K, 33% free 20936K/31239K, paused 16ms+10ms, total 117ms
07-17 15:38:51.370: I/libjingle(20281): VAdapt CPU Request: up Steps: 0 Changed: false To: 640x480
07-17 15:38:51.520: D/STATUSBAR-NetworkController(2417): refreshSignalCluster: data=0 bt=false
07-17 15:38:51.520: D/STATUSBAR-SignalClusterView(2417): mSeparateMobileGroup=8
07-17 15:38:51.525: D/STATUSBAR-SignalClusterView(2417): mSeparateMobileGroup=8
07-17 15:38:51.525: D/STATUSBAR-SignalClusterView(2417): mSeparateMobileGroup=8
07-17 15:38:51.525: D/STATUSBAR-NetworkController(2417): refreshSignalCluster: data=0 bt=false
07-17 15:38:51.525: D/STATUSBAR-SignalClusterView(2417): mSeparateMobileGroup=8
07-17 15:38:51.525: D/STATUSBAR-SignalClusterView(2417): mSeparateMobileGroup=8
07-17 15:38:51.525: D/STATUSBAR-SignalClusterView(2417): mSeparateMobileGroup=8
07-17 15:38:52.285: I/libjingle(20281): VAdapt Frame: scaled 0 / out 62370 / in 62370 Changes: 6 Input: 640x480 i33333333 Scale: 1 Output: 640x480 i33333333 Changed: false
07-17 15:38:52.525: D/STATUSBAR-NetworkController(2417): refreshSignalCluster: data=0 bt=false
07-17 15:38:52.525: D/STATUSBAR-SignalClusterView(2417): mSeparateMobileGroup=8
07-17 15:38:52.525: D/STATUSBAR-SignalClusterView(2417): mSeparateMobileGroup=8
07-17 15:38:52.525: D/STATUSBAR-SignalClusterView(2417): mSeparateMobileGroup=8
07-17 15:38:52.525: D/STATUSBAR-NetworkController(2417): refreshSignalCluster: data=0 bt=false
07-17 15:38:52.530: D/STATUSBAR-SignalClusterView(2417): mSeparateMobileGroup=8
07-17 15:38:52.530: D/STATUSBAR-SignalClusterView(2417): mSeparateMobileGroup=8
07-17 15:38:52.530: D/STATUSBAR-SignalClusterView(2417): mSeparateMobileGroup=8
07-17 15:38:53.370: I/libjingle(20281): VAdapt CPU Request: up Steps: 0 Changed: false To: 640x480
07-17 15:38:54.535: D/STATUSBAR-NetworkController(2417): refreshSignalCluster: data=0 bt=false
07-17 15:38:54.535: D/STATUSBAR-SignalClusterView(2417): mSeparateMobileGroup=8
07-17 15:38:54.535: D/STATUSBAR-SignalClusterView(2417): mSeparateMobileGroup=8
07-17 15:38:54.535: D/STATUSBAR-SignalClusterView(2417): mSeparateMobileGroup=8
07-17 15:38:54.535: D/STATUSBAR-NetworkController(2417): refreshSignalCluster: data=0 bt=false
07-17 15:38:54.535: D/STATUSBAR-SignalClusterView(2417): mSeparateMobileGroup=8
07-17 15:38:54.535: D/STATUSBAR-SignalClusterView(2417): mSeparateMobileGroup=8
07-17 15:38:54.535: D/STATUSBAR-SignalClusterView(2417): mSeparateMobileGroup=8
07-17 15:38:55.370: I/libjingle(20281): VAdapt CPU Request: up Steps: 0 Changed: false To: 640x480
07-17 15:38:55.535: D/STATUSBAR-NetworkController(2417): refreshSignalCluster: data=0 bt=false
07-17 15:38:55.535: D/STATUSBAR-SignalClusterView(2417): mSeparateMobileGroup=8
07-17 15:38:55.535: D/STATUSBAR-SignalClusterView(2417): mSeparateMobileGroup=8
07-17 15:38:55.535: D/STATUSBAR-SignalClusterView(2417): mSeparateMobileGroup=8
07-17 15:38:55.535: D/STATUSBAR-NetworkController(2417): refreshSignalCluster: data=0 bt=false
07-17 15:38:55.535: D/STATUSBAR-SignalClusterView(2417): mSeparateMobileGroup=8
07-17 15:38:55.535: D/STATUSBAR-SignalClusterView(2417): mSeparateMobileGroup=8
07-17 15:38:55.535: D/STATUSBAR-SignalClusterView(2417): mSeparateMobileGroup=8
07-17 15:38:57.375: I/libjingle(20281): VAdapt CPU Request: up Steps: 0 Changed: false To: 640x480
07-17 15:38:57.695: I/libjingle(20281): VAdapt Frame: scaled 0 / out 62460 / in 62460 Changes: 6 Input: 640x480 i33333333 Scale: 1 Output: 640x480 i33333333 Changed: false
07-17 15:38:59.380: I/libjingle(20281): VAdapt CPU Request: up Steps: 0 Changed: false To: 640x480
07-17 15:39:00.000: W/AlarmManager(2143): FACTORY_ON= 0
07-17 15:39:00.020: D/STATUSBAR-Clock(2417): onReceive() - ACTION_TIME_TICK
07-17 15:39:00.035: D/TextLayoutCache(2417): Cache value 0x5ef6d4b0 deleted, size = 152
07-17 15:39:00.055: D/TextLayoutCache(2417): Cache value 0x5f319fd0 deleted, size = 152
07-17 15:39:00.060: D/STATUSBAR-Clock(2417): onReceive() - ACTION_TIME_TICK
07-17 15:39:00.080: D/TextLayoutCache(2417): Cache value 0x6013e478 deleted, size = 152
07-17 15:39:00.415: E/Watchdog(2143): !@Sync 3041
07-17 15:39:00.535: D/dalvikvm(2143): GC_CONCURRENT freed 1936K, 47% free 26972K/50119K, paused 27ms+11ms, total 222ms
07-17 15:39:01.380: I/libjingle(20281): VAdapt CPU Request: up Steps: 0 Changed: false To: 640x480
07-17 15:39:03.100: I/libjingle(20281): VAdapt Frame: scaled 0 / out 62550 / in 62550 Changes: 6 Input: 640x480 i33333333 Scale: 1 Output: 640x480 i33333333 Changed: false
07-17 15:39:03.380: I/libjingle(20281): VAdapt CPU Request: up Steps: 0 Changed: false To: 640x480
07-17 15:39:04.555: D/STATUSBAR-NetworkController(2417): refreshSignalCluster: data=0 bt=false
07-17 15:39:04.555: D/STATUSBAR-SignalClusterView(2417): mSeparateMobileGroup=8
07-17 15:39:04.555: D/STATUSBAR-SignalClusterView(2417): mSeparateMobileGroup=8
07-17 15:39:04.560: D/STATUSBAR-SignalClusterView(2417): mSeparateMobileGroup=8
07-17 15:39:04.560: D/STATUSBAR-NetworkController(2417): refreshSignalCluster: data=0 bt=false
07-17 15:39:04.560: D/STATUSBAR-SignalClusterView(2417): mSeparateMobileGroup=8
07-17 15:39:04.560: D/STATUSBAR-SignalClusterView(2417): mSeparateMobileGroup=8
07-17 15:39:04.560: D/STATUSBAR-SignalClusterView(2417): mSeparateMobileGroup=8
07-17 15:39:05.385: I/libjingle(20281): VAdapt CPU Request: up Steps: 0 Changed: false To: 640x480
07-17 15:39:05.585: D/STATUSBAR-NetworkController(2417): refreshSignalCluster: data=0 bt=false
07-17 15:39:05.585: D/STATUSBAR-SignalClusterView(2417): mSeparateMobileGroup=8
07-17 15:39:05.585: D/STATUSBAR-SignalClusterView(2417): mSeparateMobileGroup=8
07-17 15:39:05.585: D/STATUSBAR-SignalClusterView(2417): mSeparateMobileGroup=8
07-17 15:39:05.585: D/STATUSBAR-NetworkController(2417): refreshSignalCluster: data=0 bt=false
07-17 15:39:05.590: D/STATUSBAR-SignalClusterView(2417): mSeparateMobileGroup=8
07-17 15:39:05.590: D/STATUSBAR-SignalClusterView(2417): mSeparateMobileGroup=8
07-17 15:39:05.590: D/STATUSBAR-SignalClusterView(2417): mSeparateMobileGroup=8
07-17 15:39:06.195: D/PowerManagerService(2143): lightSensorChangedLocked value=21 immediate=false
07-17 15:39:06.195: D/PowerManagerService(2143): getAutoBrightnessValue : in bound ( 4 < 21 <= 69 )
07-17 15:39:06.195: D/PowerManagerService(2143): getAutoBrightnessValue : in bound ( 4 < 21 <= 69 )
07-17 15:39:06.195: D/PowerManagerService(2143): lcdValue 62
07-17 15:39:06.195: D/PowerManagerService(2143): buttonValue 62
07-17 15:39:06.195: D/PowerManagerService(2143): keyboardValue 0
07-17 15:39:06.195: D/PowerManagerService(2143): lightSensorChangedLocked : mKeyboardLight : 0
07-17 15:39:07.385: I/libjingle(20281): VAdapt CPU Request: up Steps: 0 Changed: false To: 640x480
07-17 15:39:08.505: I/libjingle(20281): VAdapt Frame: scaled 0 / out 62640 / in 62640 Changes: 6 Input: 640x480 i33333333 Scale: 1 Output: 640x480 i33333333 Changed: false
07-17 15:39:09.390: I/libjingle(20281): VAdapt CPU Request: up Steps: 0 Changed: false To: 640x480
07-17 15:39:09.720: I/ContactAccountLoggerTas(6020): canRun() : Opted Out
07-17 15:39:09.720: I/Velvet.VelvetFactory(6020): refreshing search history.
07-17 15:39:09.725: W/GAV2(6020): Thread[Thread-800,5,main]: Need to call initialize() and be in fallback mode to start dispatch.
07-17 15:39:09.725: W/GAV2(6020): Thread[Thread-800,5,main]: dispatch call queued.  Need to call GAServiceManager.getInstance().initialize().
07-17 15:39:09.725: I/ContactAccountLoggerTas(6020): canRun() : Opted Out
07-17 15:39:09.800: W/GLSUser(7371): GoogleAccountDataService.getToken()
07-17 15:39:09.815: I/dalvikvm(6020): Could not find method android.webkit.WebSettings.getDefaultUserAgent, referenced from method cyj.ai
07-17 15:39:09.815: W/dalvikvm(6020): VFY: unable to resolve static method 4529: Landroid/webkit/WebSettings;.getDefaultUserAgent (Landroid/content/Context;)Ljava/lang/String;
07-17 15:39:09.815: D/dalvikvm(6020): VFY: replacing opcode 0x71 at 0x000d
07-17 15:39:09.965: D/dalvikvm(6020): GC_CONCURRENT freed 373K, 15% free 8742K/10247K, paused 15ms+2ms, total 66ms
07-17 15:39:10.245: D/dalvikvm(6020): GC_CONCURRENT freed 355K, 13% free 8922K/10247K, paused 1ms+12ms, total 36ms
07-17 15:39:10.570: D/dalvikvm(6020): GC_CONCURRENT freed 628K, 15% free 8877K/10439K, paused 14ms+2ms, total 70ms
07-17 15:39:10.570: D/dalvikvm(6020): WAIT_FOR_CONCURRENT_GC blocked 5ms
07-17 15:39:10.590: I/ContactAccountLoggerTas(6020): canRun() : Opted Out
07-17 15:39:10.590: W/AlarmManager(2143): FACTORY_ON= 0
07-17 15:39:10.595: D/STATUSBAR-NetworkController(2417): refreshSignalCluster: data=0 bt=false
07-17 15:39:10.595: D/STATUSBAR-SignalClusterView(2417): mSeparateMobileGroup=8
07-17 15:39:10.595: D/STATUSBAR-SignalClusterView(2417): mSeparateMobileGroup=8
07-17 15:39:10.595: D/STATUSBAR-SignalClusterView(2417): mSeparateMobileGroup=8
07-17 15:39:10.595: D/STATUSBAR-NetworkController(2417): refreshSignalCluster: data=0 bt=false
07-17 15:39:10.595: D/STATUSBAR-SignalClusterView(2417): mSeparateMobileGroup=8
07-17 15:39:10.595: D/STATUSBAR-SignalClusterView(2417): mSeparateMobileGroup=8
07-17 15:39:10.595: D/STATUSBAR-SignalClusterView(2417): mSeparateMobileGroup=8
07-17 15:39:11.395: I/libjingle(20281): VAdapt CPU Request: up Steps: 0 Changed: false To: 640x480
07-17 15:39:11.600: D/STATUSBAR-NetworkController(2417): refreshSignalCluster: data=0 bt=false
07-17 15:39:11.610: D/STATUSBAR-SignalClusterView(2417): mSeparateMobileGroup=8
07-17 15:39:11.610: D/STATUSBAR-SignalClusterView(2417): mSeparateMobileGroup=8
07-17 15:39:11.610: D/STATUSBAR-SignalClusterView(2417): mSeparateMobileGroup=8
07-17 15:39:11.615: D/STATUSBAR-NetworkController(2417): refreshSignalCluster: data=0 bt=false
07-17 15:39:11.615: D/STATUSBAR-SignalClusterView(2417): mSeparateMobileGroup=8
07-17 15:39:11.615: D/STATUSBAR-SignalClusterView(2417): mSeparateMobileGroup=8
07-17 15:39:11.615: D/STATUSBAR-SignalClusterView(2417): mSeparateMobileGroup=8
07-17 15:39:11.795: D/PowerManagerService(2143): lightSensorChangedLocked value=17 immediate=false
07-17 15:39:11.795: D/PowerManagerService(2143): getAutoBrightnessValue : in bound ( 4 < 17 <= 69 )
07-17 15:39:11.795: D/PowerManagerService(2143): getAutoBrightnessValue : in bound ( 4 < 17 <= 69 )
07-17 15:39:11.795: D/PowerManagerService(2143): lcdValue 62
07-17 15:39:11.795: D/PowerManagerService(2143): buttonValue 62
07-17 15:39:11.795: D/PowerManagerService(2143): keyboardValue 0
07-17 15:39:11.795: D/PowerManagerService(2143): lightSensorChangedLocked : mKeyboardLight : 0
07-17 15:39:12.930: D/BatteryService(2143): update start
07-17 15:39:12.930: D/BatteryService(2143): level:80 scale:100 status:3 health:2 present:true voltage: 4000 temperature: 316 technology: Li-ion AC powered:false USB powered:true icon:17303195 invalid charger:0
07-17 15:39:12.935: D/STATUSBAR-BatteryController(2417): onReceive() - ACTION_BATTERY_CHANGED
07-17 15:39:12.935: D/STATUSBAR-BatteryController(2417): onReceive() - level:80
07-17 15:39:12.935: D/STATUSBAR-BatteryController(2417): onReceive() - plugged:2
07-17 15:39:12.935: D/STATUSBAR-BatteryController(2417): onReceive() - BATTERY_STATUS_DISCHARGING: tw_stat_sys_battery_usb_not_charge
07-17 15:39:12.945: E/MtpService(19825): In MTPAPP onReceive:android.intent.action.BATTERY_CHANGED
07-17 15:39:12.945: E/MtpService(19825): battPlugged Type : 2
07-17 15:39:12.945: W/AlarmManager(2143): FACTORY_ON= 0
07-17 15:39:13.395: I/libjingle(20281): VAdapt CPU Request: up Steps: 0 Changed: false To: 640x480
07-17 15:39:13.605: D/STATUSBAR-NetworkController(2417): refreshSignalCluster: data=0 bt=false
07-17 15:39:13.610: D/STATUSBAR-SignalClusterView(2417): mSeparateMobileGroup=8
07-17 15:39:13.615: D/STATUSBAR-SignalClusterView(2417): mSeparateMobileGroup=8
07-17 15:39:13.615: D/STATUSBAR-SignalClusterView(2417): mSeparateMobileGroup=8
07-17 15:39:13.615: D/STATUSBAR-NetworkController(2417): refreshSignalCluster: data=0 bt=false
07-17 15:39:13.615: D/STATUSBAR-SignalClusterView(2417): mSeparateMobileGroup=8
07-17 15:39:13.615: D/STATUSBAR-SignalClusterView(2417): mSeparateMobileGroup=8
07-17 15:39:13.615: D/STATUSBAR-SignalClusterView(2417): mSeparateMobileGroup=8
07-17 15:39:13.915: I/libjingle(20281): VAdapt Frame: scaled 0 / out 62730 / in 62730 Changes: 6 Input: 640x480 i33333333 Scale: 1 Output: 640x480 i33333333 Changed: false
07-17 15:39:14.620: D/STATUSBAR-NetworkController(2417): refreshSignalCluster: data=0 bt=false
07-17 15:39:14.620: D/STATUSBAR-SignalClusterView(2417): mSeparateMobileGroup=8
07-17 15:39:14.620: D/STATUSBAR-SignalClusterView(2417): mSeparateMobileGroup=8
07-17 15:39:14.620: D/STATUSBAR-SignalClusterView(2417): mSeparateMobileGroup=8
07-17 15:39:14.620: D/STATUSBAR-NetworkController(2417): refreshSignalCluster: data=0 bt=false
07-17 15:39:14.620: D/STATUSBAR-SignalClusterView(2417): mSeparateMobileGroup=8
07-17 15:39:14.620: D/STATUSBAR-SignalClusterView(2417): mSeparateMobileGroup=8
07-17 15:39:14.620: D/STATUSBAR-SignalClusterView(2417): mSeparateMobileGroup=8
07-17 15:39:14.780: I/GAV2(6020): Thread[GAThread,5,main]: No campaign data found.
07-17 15:39:15.400: I/libjingle(20281): VAdapt CPU Request: up Steps: 0 Changed: false To: 640x480
07-17 15:39:15.620: D/STATUSBAR-NetworkController(2417): refreshSignalCluster: data=0 bt=false
07-17 15:39:15.625: D/STATUSBAR-SignalClusterView(2417): mSeparateMobileGroup=8
07-17 15:39:15.625: D/STATUSBAR-SignalClusterView(2417): mSeparateMobileGroup=8
07-17 15:39:15.625: D/STATUSBAR-SignalClusterView(2417): mSeparateMobileGroup=8
07-17 15:39:15.625: D/STATUSBAR-NetworkController(2417): refreshSignalCluster: data=0 bt=false
07-17 15:39:15.630: D/STATUSBAR-SignalClusterView(2417): mSeparateMobileGroup=8
07-17 15:39:15.630: D/STATUSBAR-SignalClusterView(2417): mSeparateMobileGroup=8
07-17 15:39:15.630: D/STATUSBAR-SignalClusterView(2417): mSeparateMobileGroup=8
07-17 15:39:16.395: D/PowerManagerService(2143): lightSensorChangedLocked value=10 immediate=false
07-17 15:39:16.395: D/PowerManagerService(2143): getAutoBrightnessValue : in bound ( 4 < 10 <= 69 )
07-17 15:39:16.395: D/PowerManagerService(2143): getAutoBrightnessValue : in bound ( 4 < 10 <= 69 )
07-17 15:39:16.395: D/PowerManagerService(2143): lcdValue 62
07-17 15:39:16.395: D/PowerManagerService(2143): buttonValue 62
07-17 15:39:16.400: D/PowerManagerService(2143): keyboardValue 0
07-17 15:39:16.400: D/PowerManagerService(2143): lightSensorChangedLocked : mKeyboardLight : 0
07-17 15:39:17.405: I/libjingle(20281): VAdapt CPU Request: up Steps: 0 Changed: false To: 640x480
07-17 15:39:18.630: D/STATUSBAR-NetworkController(2417): refreshSignalCluster: data=0 bt=false
07-17 15:39:18.630: D/STATUSBAR-SignalClusterView(2417): mSeparateMobileGroup=8
07-17 15:39:18.630: D/STATUSBAR-SignalClusterView(2417): mSeparateMobileGroup=8
07-17 15:39:18.630: D/STATUSBAR-SignalClusterView(2417): mSeparateMobileGroup=8
07-17 15:39:18.635: D/STATUSBAR-NetworkController(2417): refreshSignalCluster: data=0 bt=false
07-17 15:39:18.635: D/STATUSBAR-SignalClusterView(2417): mSeparateMobileGroup=8
07-17 15:39:18.635: D/STATUSBAR-SignalClusterView(2417): mSeparateMobileGroup=8
07-17 15:39:18.635: D/STATUSBAR-SignalClusterView(2417): mSeparateMobileGroup=8
07-17 15:39:19.325: I/libjingle(20281): VAdapt Frame: scaled 0 / out 62820 / in 62820 Changes: 6 Input: 640x480 i33333333 Scale: 1 Output: 640x480 i33333333 Changed: false
07-17 15:39:19.405: I/libjingle(20281): VAdapt CPU Request: up Steps: 0 Changed: false To: 640x480
07-17 15:39:19.600: D/PowerManagerService(2143): lightSensorChangedLocked value=20 immediate=false
07-17 15:39:19.600: D/PowerManagerService(2143): getAutoBrightnessValue : in bound ( 4 < 20 <= 69 )
07-17 15:39:19.600: D/PowerManagerService(2143): getAutoBrightnessValue : in bound ( 4 < 20 <= 69 )
07-17 15:39:19.600: D/PowerManagerService(2143): lcdValue 62
07-17 15:39:19.600: D/PowerManagerService(2143): buttonValue 62
07-17 15:39:19.600: D/PowerManagerService(2143): keyboardValue 0
07-17 15:39:19.600: D/PowerManagerService(2143): lightSensorChangedLocked : mKeyboardLight : 0
07-17 15:39:19.635: D/STATUSBAR-NetworkController(2417): refreshSignalCluster: data=0 bt=false
07-17 15:39:19.635: D/STATUSBAR-SignalClusterView(2417): mSeparateMobileGroup=8
07-17 15:39:19.635: D/STATUSBAR-SignalClusterView(2417): mSeparateMobileGroup=8
07-17 15:39:19.635: D/STATUSBAR-SignalClusterView(2417): mSeparateMobileGroup=8
07-17 15:39:19.635: D/STATUSBAR-NetworkController(2417): refreshSignalCluster: data=0 bt=false
07-17 15:39:19.635: D/STATUSBAR-SignalClusterView(2417): mSeparateMobileGroup=8
07-17 15:39:19.640: D/STATUSBAR-SignalClusterView(2417): mSeparateMobileGroup=8
07-17 15:39:19.640: D/STATUSBAR-SignalClusterView(2417): mSeparateMobileGroup=8
07-17 15:39:21.410: I/libjingle(20281): VAdapt CPU Request: up Steps: 0 Changed: false To: 640x480
07-17 15:39:21.640: D/STATUSBAR-NetworkController(2417): refreshSignalCluster: data=0 bt=false
07-17 15:39:21.640: D/STATUSBAR-SignalClusterView(2417): mSeparateMobileGroup=8
07-17 15:39:21.640: D/STATUSBAR-SignalClusterView(2417): mSeparateMobileGroup=8
07-17 15:39:21.640: D/STATUSBAR-SignalClusterView(2417): mSeparateMobileGroup=8
07-17 15:39:21.640: D/STATUSBAR-NetworkController(2417): refreshSignalCluster: data=0 bt=false
07-17 15:39:21.640: D/STATUSBAR-SignalClusterView(2417): mSeparateMobileGroup=8
07-17 15:39:21.640: D/STATUSBAR-SignalClusterView(2417): mSeparateMobileGroup=8
07-17 15:39:21.645: D/STATUSBAR-SignalClusterView(2417): mSeparateMobileGroup=8
07-17 15:39:22.640: D/STATUSBAR-NetworkController(2417): refreshSignalCluster: data=0 bt=false
07-17 15:39:22.640: D/STATUSBAR-SignalClusterView(2417): mSeparateMobileGroup=8
07-17 15:39:22.640: D/STATUSBAR-SignalClusterView(2417): mSeparateMobileGroup=8
07-17 15:39:22.640: D/STATUSBAR-SignalClusterView(2417): mSeparateMobileGroup=8
07-17 15:39:22.640: D/STATUSBAR-NetworkController(2417): refreshSignalCluster: data=0 bt=false
07-17 15:39:22.640: D/STATUSBAR-SignalClusterView(2417): mSeparateMobileGroup=8
07-17 15:39:22.640: D/STATUSBAR-SignalClusterView(2417): mSeparateMobileGroup=8
07-17 15:39:22.640: D/STATUSBAR-SignalClusterView(2417): mSeparateMobileGroup=8
07-17 15:39:23.415: I/libjingle(20281): VAdapt CPU Request: up Steps: 0 Changed: false To: 640x480
07-17 15:39:24.645: D/STATUSBAR-NetworkController(2417): refreshSignalCluster: data=0 bt=false
07-17 15:39:24.645: D/STATUSBAR-SignalClusterView(2417): mSeparateMobileGroup=8
07-17 15:39:24.645: D/STATUSBAR-SignalClusterView(2417): mSeparateMobileGroup=8
07-17 15:39:24.645: D/STATUSBAR-SignalClusterView(2417): mSeparateMobileGroup=8
07-17 15:39:24.645: D/STATUSBAR-NetworkController(2417): refreshSignalCluster: data=0 bt=false
07-17 15:39:24.650: D/STATUSBAR-SignalClusterView(2417): mSeparateMobileGroup=8
07-17 15:39:24.650: D/STATUSBAR-SignalClusterView(2417): mSeparateMobileGroup=8
07-17 15:39:24.650: D/STATUSBAR-SignalClusterView(2417): mSeparateMobileGroup=8
07-17 15:39:24.730: I/libjingle(20281): VAdapt Frame: scaled 0 / out 62910 / in 62910 Changes: 6 Input: 640x480 i33333333 Scale: 1 Output: 640x480 i33333333 Changed: false
07-17 15:39:25.415: I/libjingle(20281): VAdapt CPU Request: up Steps: 0 Changed: false To: 640x480
07-17 15:39:25.650: D/STATUSBAR-NetworkController(2417): refreshSignalCluster: data=0 bt=false
07-17 15:39:25.650: D/STATUSBAR-SignalClusterView(2417): mSeparateMobileGroup=8
07-17 15:39:25.650: D/STATUSBAR-SignalClusterView(2417): mSeparateMobileGroup=8
07-17 15:39:25.650: D/STATUSBAR-SignalClusterView(2417): mSeparateMobileGroup=8
07-17 15:39:25.650: D/STATUSBAR-NetworkController(2417): refreshSignalCluster: data=0 bt=false
07-17 15:39:25.650: D/STATUSBAR-SignalClusterView(2417): mSeparateMobileGroup=8
07-17 15:39:25.650: D/STATUSBAR-SignalClusterView(2417): mSeparateMobileGroup=8
07-17 15:39:25.655: D/STATUSBAR-SignalClusterView(2417): mSeparateMobileGroup=8
07-17 15:39:26.655: D/STATUSBAR-NetworkController(2417): refreshSignalCluster: data=0 bt=false
07-17 15:39:26.655: D/STATUSBAR-SignalClusterView(2417): mSeparateMobileGroup=8
07-17 15:39:26.655: D/STATUSBAR-SignalClusterView(2417): mSeparateMobileGroup=8
07-17 15:39:26.655: D/STATUSBAR-SignalClusterView(2417): mSeparateMobileGroup=8
07-17 15:39:26.655: D/STATUSBAR-NetworkController(2417): refreshSignalCluster: data=0 bt=false
07-17 15:39:26.655: D/STATUSBAR-SignalClusterView(2417): mSeparateMobileGroup=8
07-17 15:39:26.660: D/STATUSBAR-SignalClusterView(2417): mSeparateMobileGroup=8
07-17 15:39:26.660: D/STATUSBAR-SignalClusterView(2417): mSeparateMobileGroup=8
07-17 15:39:27.420: I/libjingle(20281): VAdapt CPU Request: up Steps: 0 Changed: false To: 640x480
07-17 15:39:27.655: D/STATUSBAR-NetworkController(2417): refreshSignalCluster: data=0 bt=false
07-17 15:39:27.660: D/STATUSBAR-SignalClusterView(2417): mSeparateMobileGroup=8
07-17 15:39:27.660: D/STATUSBAR-SignalClusterView(2417): mSeparateMobileGroup=8
07-17 15:39:27.660: D/STATUSBAR-SignalClusterView(2417): mSeparateMobileGroup=8
07-17 15:39:27.660: D/STATUSBAR-NetworkController(2417): refreshSignalCluster: data=0 bt=false
07-17 15:39:27.660: D/STATUSBAR-SignalClusterView(2417): mSeparateMobileGroup=8
07-17 15:39:27.660: D/STATUSBAR-SignalClusterView(2417): mSeparateMobileGroup=8
07-17 15:39:27.660: D/STATUSBAR-SignalClusterView(2417): mSeparateMobileGroup=8
07-17 15:39:29.420: I/libjingle(20281): VAdapt CPU Request: up Steps: 0 Changed: false To: 640x480
07-17 15:39:30.135: I/libjingle(20281): VAdapt Frame: scaled 0 / out 63000 / in 63000 Changes: 6 Input: 640x480 i33333333 Scale: 1 Output: 640x480 i33333333 Changed: false
07-17 15:39:30.240: D/dalvikvm(2143): GC_CONCURRENT freed 1936K, 47% free 26969K/50119K, paused 13ms+13ms, total 228ms
07-17 15:39:30.415: E/Watchdog(2143): !@Sync 3042
07-17 15:39:31.425: I/libjingle(20281): VAdapt CPU Request: up Steps: 0 Changed: false To: 640x480
07-17 15:39:33.425: I/libjingle(20281): VAdapt CPU Request: up Steps: 0 Changed: false To: 640x480
07-17 15:39:34.670: D/STATUSBAR-NetworkController(2417): refreshSignalCluster: data=0 bt=false
07-17 15:39:34.675: D/STATUSBAR-SignalClusterView(2417): mSeparateMobileGroup=8
07-17 15:39:34.675: D/STATUSBAR-SignalClusterView(2417): mSeparateMobileGroup=8
07-17 15:39:34.675: D/STATUSBAR-SignalClusterView(2417): mSeparateMobileGroup=8
07-17 15:39:34.675: D/STATUSBAR-NetworkController(2417): refreshSignalCluster: data=0 bt=false
07-17 15:39:34.675: D/STATUSBAR-SignalClusterView(2417): mSeparateMobileGroup=8
07-17 15:39:34.675: D/STATUSBAR-SignalClusterView(2417): mSeparateMobileGroup=8
07-17 15:39:34.675: D/STATUSBAR-SignalClusterView(2417): mSeparateMobileGroup=8
07-17 15:39:35.430: I/libjingle(20281): VAdapt CPU Request: up Steps: 0 Changed: false To: 640x480
07-17 15:39:35.545: I/libjingle(20281): VAdapt Frame: scaled 0 / out 63090 / in 63090 Changes: 6 Input: 640x480 i33333333 Scale: 1 Output: 640x480 i33333333 Changed: false
07-17 15:39:35.675: D/STATUSBAR-NetworkController(2417): refreshSignalCluster: data=0 bt=false
07-17 15:39:35.675: D/STATUSBAR-SignalClusterView(2417): mSeparateMobileGroup=8
07-17 15:39:35.675: D/STATUSBAR-SignalClusterView(2417): mSeparateMobileGroup=8
07-17 15:39:35.675: D/STATUSBAR-SignalClusterView(2417): mSeparateMobileGroup=8
07-17 15:39:35.675: D/STATUSBAR-NetworkController(2417): refreshSignalCluster: data=0 bt=false
07-17 15:39:35.680: D/STATUSBAR-SignalClusterView(2417): mSeparateMobileGroup=8
07-17 15:39:35.680: D/STATUSBAR-SignalClusterView(2417): mSeparateMobileGroup=8
07-17 15:39:35.680: D/STATUSBAR-SignalClusterView(2417): mSeparateMobileGroup=8
07-17 15:39:37.430: I/libjingle(20281): VAdapt CPU Request: up Steps: 0 Changed: false To: 640x480
07-17 15:39:39.435: I/libjingle(20281): VAdapt CPU Request: up Steps: 0 Changed: false To: 640x480
07-17 15:39:40.945: I/libjingle(20281): VAdapt Frame: scaled 0 / out 63180 / in 63180 Changes: 6 Input: 640x480 i33333333 Scale: 1 Output: 640x480 i33333333 Changed: false
07-17 15:39:41.435: I/libjingle(20281): VAdapt CPU Request: up Steps: 0 Changed: false To: 640x480
07-17 15:39:43.215: D/BatteryService(2143): update start
07-17 15:39:43.220: D/BatteryService(2143): level:80 scale:100 status:3 health:2 present:true voltage: 3989 temperature: 316 technology: Li-ion AC powered:false USB powered:true icon:17303195 invalid charger:0
07-17 15:39:43.235: D/STATUSBAR-BatteryController(2417): onReceive() - ACTION_BATTERY_CHANGED
07-17 15:39:43.235: D/STATUSBAR-BatteryController(2417): onReceive() - level:80
07-17 15:39:43.235: D/STATUSBAR-BatteryController(2417): onReceive() - plugged:2
07-17 15:39:43.235: D/STATUSBAR-BatteryController(2417): onReceive() - BATTERY_STATUS_DISCHARGING: tw_stat_sys_battery_usb_not_charge
07-17 15:39:43.240: E/MtpService(19825): In MTPAPP onReceive:android.intent.action.BATTERY_CHANGED
07-17 15:39:43.245: E/MtpService(19825): battPlugged Type : 2
07-17 15:39:43.245: W/AlarmManager(2143): FACTORY_ON= 0
07-17 15:39:43.435: I/libjingle(20281): VAdapt CPU Request: up Steps: 0 Changed: false To: 640x480
07-17 15:39:43.695: D/STATUSBAR-NetworkController(2417): refreshSignalCluster: data=0 bt=false
07-17 15:39:43.695: D/STATUSBAR-SignalClusterView(2417): mSeparateMobileGroup=8
07-17 15:39:43.695: D/STATUSBAR-SignalClusterView(2417): mSeparateMobileGroup=8
07-17 15:39:43.695: D/STATUSBAR-SignalClusterView(2417): mSeparateMobileGroup=8
07-17 15:39:43.695: D/STATUSBAR-NetworkController(2417): refreshSignalCluster: data=0 bt=false
07-17 15:39:43.695: D/STATUSBAR-SignalClusterView(2417): mSeparateMobileGroup=8
07-17 15:39:43.695: D/STATUSBAR-SignalClusterView(2417): mSeparateMobileGroup=8
07-17 15:39:43.695: D/STATUSBAR-SignalClusterView(2417): mSeparateMobileGroup=8
07-17 15:39:44.700: D/STATUSBAR-NetworkController(2417): refreshSignalCluster: data=0 bt=false
07-17 15:39:44.700: D/STATUSBAR-SignalClusterView(2417): mSeparateMobileGroup=8
07-17 15:39:44.700: D/STATUSBAR-SignalClusterView(2417): mSeparateMobileGroup=8
07-17 15:39:44.700: D/STATUSBAR-SignalClusterView(2417): mSeparateMobileGroup=8
07-17 15:39:44.700: D/STATUSBAR-NetworkController(2417): refreshSignalCluster: data=0 bt=false
07-17 15:39:44.705: D/STATUSBAR-SignalClusterView(2417): mSeparateMobileGroup=8
07-17 15:39:44.705: D/STATUSBAR-SignalClusterView(2417): mSeparateMobileGroup=8
07-17 15:39:44.705: D/STATUSBAR-SignalClusterView(2417): mSeparateMobileGroup=8
07-17 15:39:45.440: I/libjingle(20281): VAdapt CPU Request: up Steps: 0 Changed: false To: 640x480
07-17 15:39:45.705: D/STATUSBAR-NetworkController(2417): refreshSignalCluster: data=0 bt=false
07-17 15:39:45.705: D/STATUSBAR-SignalClusterView(2417): mSeparateMobileGroup=8
07-17 15:39:45.705: D/STATUSBAR-SignalClusterView(2417): mSeparateMobileGroup=8
07-17 15:39:45.705: D/STATUSBAR-SignalClusterView(2417): mSeparateMobileGroup=8
07-17 15:39:45.705: D/STATUSBAR-NetworkController(2417): refreshSignalCluster: data=0 bt=false
07-17 15:39:45.705: D/STATUSBAR-SignalClusterView(2417): mSeparateMobileGroup=8
07-17 15:39:45.705: D/STATUSBAR-SignalClusterView(2417): mSeparateMobileGroup=8
07-17 15:39:45.705: D/STATUSBAR-SignalClusterView(2417): mSeparateMobileGroup=8
07-17 15:39:46.355: I/libjingle(20281): VAdapt Frame: scaled 0 / out 63270 / in 63270 Changes: 6 Input: 640x480 i33333333 Scale: 1 Output: 640x480 i33333333 Changed: false
07-17 15:39:47.440: I/libjingle(20281): VAdapt CPU Request: up Steps: 0 Changed: false To: 640x480
07-17 15:39:48.715: D/STATUSBAR-NetworkController(2417): refreshSignalCluster: data=0 bt=false
07-17 15:39:48.715: D/STATUSBAR-SignalClusterView(2417): mSeparateMobileGroup=8
07-17 15:39:48.715: D/STATUSBAR-SignalClusterView(2417): mSeparateMobileGroup=8
07-17 15:39:48.715: D/STATUSBAR-SignalClusterView(2417): mSeparateMobileGroup=8
07-17 15:39:48.715: D/STATUSBAR-NetworkController(2417): refreshSignalCluster: data=0 bt=false
07-17 15:39:48.715: D/STATUSBAR-SignalClusterView(2417): mSeparateMobileGroup=8
07-17 15:39:48.715: D/STATUSBAR-SignalClusterView(2417): mSeparateMobileGroup=8
07-17 15:39:48.715: D/STATUSBAR-SignalClusterView(2417): mSeparateMobileGroup=8
07-17 15:39:49.445: I/libjingle(20281): VAdapt CPU Request: up Steps: 0 Changed: false To: 640x480
07-17 15:39:49.715: D/STATUSBAR-NetworkController(2417): refreshSignalCluster: data=0 bt=false
07-17 15:39:49.720: D/STATUSBAR-SignalClusterView(2417): mSeparateMobileGroup=8
07-17 15:39:49.720: D/STATUSBAR-SignalClusterView(2417): mSeparateMobileGroup=8
07-17 15:39:49.720: D/STATUSBAR-SignalClusterView(2417): mSeparateMobileGroup=8
07-17 15:39:49.725: D/STATUSBAR-NetworkController(2417): refreshSignalCluster: data=0 bt=false
07-17 15:39:49.725: D/STATUSBAR-SignalClusterView(2417): mSeparateMobileGroup=8
07-17 15:39:49.725: D/STATUSBAR-SignalClusterView(2417): mSeparateMobileGroup=8
07-17 15:39:49.725: D/STATUSBAR-SignalClusterView(2417): mSeparateMobileGroup=8
07-17 15:39:51.445: I/libjingle(20281): VAdapt CPU Request: up Steps: 0 Changed: false To: 640x480
07-17 15:39:51.730: D/STATUSBAR-NetworkController(2417): refreshSignalCluster: data=0 bt=false
07-17 15:39:51.730: D/STATUSBAR-SignalClusterView(2417): mSeparateMobileGroup=8
07-17 15:39:51.730: D/STATUSBAR-SignalClusterView(2417): mSeparateMobileGroup=8
07-17 15:39:51.730: D/STATUSBAR-SignalClusterView(2417): mSeparateMobileGroup=8
07-17 15:39:51.730: D/STATUSBAR-NetworkController(2417): refreshSignalCluster: data=0 bt=false
07-17 15:39:51.730: D/STATUSBAR-SignalClusterView(2417): mSeparateMobileGroup=8
07-17 15:39:51.730: D/STATUSBAR-SignalClusterView(2417): mSeparateMobileGroup=8
07-17 15:39:51.730: D/STATUSBAR-SignalClusterView(2417): mSeparateMobileGroup=8
07-17 15:39:51.760: I/libjingle(20281): VAdapt Frame: scaled 0 / out 63360 / in 63360 Changes: 6 Input: 640x480 i33333333 Scale: 1 Output: 640x480 i33333333 Changed: false
07-17 15:39:52.730: D/STATUSBAR-NetworkController(2417): refreshSignalCluster: data=0 bt=false
07-17 15:39:52.730: D/STATUSBAR-SignalClusterView(2417): mSeparateMobileGroup=8
07-17 15:39:52.735: D/STATUSBAR-SignalClusterView(2417): mSeparateMobileGroup=8
07-17 15:39:52.735: D/STATUSBAR-SignalClusterView(2417): mSeparateMobileGroup=8
07-17 15:39:52.735: D/STATUSBAR-NetworkController(2417): refreshSignalCluster: data=0 bt=false
07-17 15:39:52.735: D/STATUSBAR-SignalClusterView(2417): mSeparateMobileGroup=8
07-17 15:39:52.735: D/STATUSBAR-SignalClusterView(2417): mSeparateMobileGroup=8
07-17 15:39:52.735: D/STATUSBAR-SignalClusterView(2417): mSeparateMobileGroup=8
07-17 15:39:53.450: I/libjingle(20281): VAdapt CPU Request: up Steps: 0 Changed: false To: 640x480
07-17 15:39:54.740: D/STATUSBAR-NetworkController(2417): refreshSignalCluster: data=0 bt=false
07-17 15:39:54.740: D/STATUSBAR-SignalClusterView(2417): mSeparateMobileGroup=8
07-17 15:39:54.740: D/STATUSBAR-SignalClusterView(2417): mSeparateMobileGroup=8
07-17 15:39:54.740: D/STATUSBAR-SignalClusterView(2417): mSeparateMobileGroup=8
07-17 15:39:54.740: D/STATUSBAR-NetworkController(2417): refreshSignalCluster: data=0 bt=false
07-17 15:39:54.740: D/STATUSBAR-SignalClusterView(2417): mSeparateMobileGroup=8
07-17 15:39:54.740: D/STATUSBAR-SignalClusterView(2417): mSeparateMobileGroup=8
07-17 15:39:54.740: D/STATUSBAR-SignalClusterView(2417): mSeparateMobileGroup=8
07-17 15:39:55.450: I/libjingle(20281): VAdapt CPU Request: up Steps: 0 Changed: false To: 640x480
07-17 15:39:55.745: D/STATUSBAR-NetworkController(2417): refreshSignalCluster: data=0 bt=false
07-17 15:39:55.745: D/STATUSBAR-SignalClusterView(2417): mSeparateMobileGroup=8
07-17 15:39:55.745: D/STATUSBAR-SignalClusterView(2417): mSeparateMobileGroup=8
07-17 15:39:55.745: D/STATUSBAR-SignalClusterView(2417): mSeparateMobileGroup=8
07-17 15:39:55.745: D/STATUSBAR-NetworkController(2417): refreshSignalCluster: data=0 bt=false
07-17 15:39:55.745: D/STATUSBAR-SignalClusterView(2417): mSeparateMobileGroup=8
07-17 15:39:55.745: D/STATUSBAR-SignalClusterView(2417): mSeparateMobileGroup=8
07-17 15:39:55.745: D/STATUSBAR-SignalClusterView(2417): mSeparateMobileGroup=8
07-17 15:39:57.165: I/libjingle(20281): VAdapt Frame: scaled 0 / out 63450 / in 63450 Changes: 6 Input: 640x480 i33333333 Scale: 1 Output: 640x480 i33333333 Changed: false
07-17 15:39:57.455: I/libjingle(20281): VAdapt CPU Request: up Steps: 0 Changed: false To: 640x480
07-17 15:39:59.455: I/libjingle(20281): VAdapt CPU Request: up Steps: 0 Changed: false To: 640x480
07-17 15:40:00.000: W/AlarmManager(2143): FACTORY_ON= 0
07-17 15:40:00.020: D/STATUSBAR-Clock(2417): onReceive() - ACTION_TIME_TICK
07-17 15:40:00.030: D/TextLayoutCache(2417): Cache value 0x5f961a18 deleted, size = 152
07-17 15:40:00.045: D/TextLayoutCache(2417): Cache value 0x5dcd00a0 deleted, size = 152
07-17 15:40:00.060: D/STATUSBAR-Clock(2417): onReceive() - ACTION_TIME_TICK
07-17 15:40:00.080: D/TextLayoutCache(2417): Cache value 0x5f951e78 deleted, size = 152
07-17 15:40:00.420: E/Watchdog(2143): !@Sync 3043
07-17 15:40:01.455: I/libjingle(20281): VAdapt CPU Request: up Steps: 0 Changed: false To: 640x480
07-17 15:40:02.575: I/libjingle(20281): VAdapt Frame: scaled 0 / out 63540 / in 63540 Changes: 6 Input: 640x480 i33333333 Scale: 1 Output: 640x480 i33333333 Changed: false
07-17 15:40:03.355: D/dalvikvm(2143): GC_CONCURRENT freed 1921K, 47% free 26979K/50119K, paused 10ms+14ms, total 214ms
07-17 15:40:03.460: I/libjingle(20281): VAdapt CPU Request: up Steps: 0 Changed: false To: 640x480
