07-17 15:42:09.995: D/PowerManagerService(2143): getAutoBrightnessValue : in bound ( 4 < 21 <= 69 )
07-17 15:42:09.995: D/PowerManagerService(2143): getAutoBrightnessValue : in bound ( 4 < 21 <= 69 )
07-17 15:42:09.995: D/PowerManagerService(2143): lcdValue 62
07-17 15:42:09.995: D/PowerManagerService(2143): buttonValue 62
07-17 15:42:09.995: D/PowerManagerService(2143): keyboardValue 0
07-17 15:42:09.995: D/PowerManagerService(2143): lightSensorChangedLocked : mKeyboardLight : 0
07-17 15:42:10.330: D/dalvikvm(2143): GC_CONCURRENT freed 1913K, 47% free 26983K/50119K, paused 20ms+9ms, total 125ms
07-17 15:42:11.625: I/libjingle(20281): VAdapt CPU Request: up Steps: 0 Changed: false To: 640x480
07-17 15:42:12.335: I/libjingle(20281): VAdapt Frame: scaled 0 / out 65700 / in 65700 Changes: 6 Input: 640x480 i33333333 Scale: 1 Output: 640x480 i33333333 Changed: false
07-17 15:42:13.625: I/libjingle(20281): VAdapt CPU Request: up Steps: 0 Changed: false To: 640x480
07-17 15:42:15.170: D/STATUSBAR-NetworkController(2417): refreshSignalCluster: data=0 bt=false
07-17 15:42:15.170: D/STATUSBAR-SignalClusterView(2417): mSeparateMobileGroup=8
07-17 15:42:15.170: D/STATUSBAR-SignalClusterView(2417): mSeparateMobileGroup=8
07-17 15:42:15.170: D/STATUSBAR-SignalClusterView(2417): mSeparateMobileGroup=8
07-17 15:42:15.170: D/STATUSBAR-NetworkController(2417): refreshSignalCluster: data=0 bt=false
07-17 15:42:15.170: D/STATUSBAR-SignalClusterView(2417): mSeparateMobileGroup=8
07-17 15:42:15.170: D/STATUSBAR-SignalClusterView(2417): mSeparateMobileGroup=8
07-17 15:42:15.170: D/STATUSBAR-SignalClusterView(2417): mSeparateMobileGroup=8
07-17 15:42:15.630: I/libjingle(20281): VAdapt CPU Request: up Steps: 0 Changed: false To: 640x480
07-17 15:42:16.170: D/STATUSBAR-NetworkController(2417): refreshSignalCluster: data=0 bt=false
07-17 15:42:16.175: D/STATUSBAR-SignalClusterView(2417): mSeparateMobileGroup=8
07-17 15:42:16.175: D/STATUSBAR-SignalClusterView(2417): mSeparateMobileGroup=8
07-17 15:42:16.175: D/STATUSBAR-SignalClusterView(2417): mSeparateMobileGroup=8
07-17 15:42:16.175: D/STATUSBAR-NetworkController(2417): refreshSignalCluster: data=0 bt=false
07-17 15:42:16.175: D/STATUSBAR-SignalClusterView(2417): mSeparateMobileGroup=8
07-17 15:42:16.175: D/STATUSBAR-SignalClusterView(2417): mSeparateMobileGroup=8
07-17 15:42:16.175: D/STATUSBAR-SignalClusterView(2417): mSeparateMobileGroup=8
07-17 15:42:17.630: I/libjingle(20281): VAdapt CPU Request: up Steps: 0 Changed: false To: 640x480
07-17 15:42:17.745: I/libjingle(20281): VAdapt Frame: scaled 0 / out 65790 / in 65790 Changes: 6 Input: 640x480 i33333333 Scale: 1 Output: 640x480 i33333333 Changed: false
07-17 15:42:19.635: I/libjingle(20281): VAdapt CPU Request: up Steps: 0 Changed: false To: 640x480
07-17 15:42:21.635: I/libjingle(20281): VAdapt CPU Request: up Steps: 0 Changed: false To: 640x480
07-17 15:42:22.190: D/STATUSBAR-NetworkController(2417): refreshSignalCluster: data=0 bt=false
07-17 15:42:22.190: D/STATUSBAR-SignalClusterView(2417): mSeparateMobileGroup=8
07-17 15:42:22.190: D/STATUSBAR-SignalClusterView(2417): mSeparateMobileGroup=8
07-17 15:42:22.190: D/STATUSBAR-SignalClusterView(2417): mSeparateMobileGroup=8
07-17 15:42:22.190: D/STATUSBAR-NetworkController(2417): refreshSignalCluster: data=0 bt=false
07-17 15:42:22.195: D/STATUSBAR-SignalClusterView(2417): mSeparateMobileGroup=8
07-17 15:42:22.195: D/STATUSBAR-SignalClusterView(2417): mSeparateMobileGroup=8
07-17 15:42:22.195: D/STATUSBAR-SignalClusterView(2417): mSeparateMobileGroup=8
07-17 15:42:23.150: I/libjingle(20281): VAdapt Frame: scaled 0 / out 65880 / in 65880 Changes: 6 Input: 640x480 i33333333 Scale: 1 Output: 640x480 i33333333 Changed: false
07-17 15:42:23.195: D/STATUSBAR-NetworkController(2417): refreshSignalCluster: data=0 bt=false
07-17 15:42:23.195: D/STATUSBAR-SignalClusterView(2417): mSeparateMobileGroup=8
07-17 15:42:23.195: D/STATUSBAR-SignalClusterView(2417): mSeparateMobileGroup=8
07-17 15:42:23.195: D/STATUSBAR-SignalClusterView(2417): mSeparateMobileGroup=8
07-17 15:42:23.195: D/STATUSBAR-NetworkController(2417): refreshSignalCluster: data=0 bt=false
07-17 15:42:23.200: D/STATUSBAR-SignalClusterView(2417): mSeparateMobileGroup=8
07-17 15:42:23.200: D/STATUSBAR-SignalClusterView(2417): mSeparateMobileGroup=8
07-17 15:42:23.200: D/STATUSBAR-SignalClusterView(2417): mSeparateMobileGroup=8
07-17 15:42:23.640: I/libjingle(20281): VAdapt CPU Request: up Steps: 0 Changed: false To: 640x480
07-17 15:42:24.200: D/STATUSBAR-NetworkController(2417): refreshSignalCluster: data=0 bt=false
07-17 15:42:24.200: D/STATUSBAR-SignalClusterView(2417): mSeparateMobileGroup=8
07-17 15:42:24.200: D/STATUSBAR-SignalClusterView(2417): mSeparateMobileGroup=8
07-17 15:42:24.200: D/STATUSBAR-SignalClusterView(2417): mSeparateMobileGroup=8
07-17 15:42:24.200: D/STATUSBAR-NetworkController(2417): refreshSignalCluster: data=0 bt=false
07-17 15:42:24.200: D/STATUSBAR-SignalClusterView(2417): mSeparateMobileGroup=8
07-17 15:42:24.200: D/STATUSBAR-SignalClusterView(2417): mSeparateMobileGroup=8
07-17 15:42:24.200: D/STATUSBAR-SignalClusterView(2417): mSeparateMobileGroup=8
07-17 15:42:24.795: D/PowerManagerService(2143): lightSensorChangedLocked value=22 immediate=false
07-17 15:42:24.795: D/PowerManagerService(2143): getAutoBrightnessValue : in bound ( 4 < 22 <= 69 )
07-17 15:42:24.795: D/PowerManagerService(2143): getAutoBrightnessValue : in bound ( 4 < 22 <= 69 )
07-17 15:42:24.795: D/PowerManagerService(2143): lcdValue 62
07-17 15:42:24.795: D/PowerManagerService(2143): buttonValue 62
07-17 15:42:24.795: D/PowerManagerService(2143): keyboardValue 0
07-17 15:42:24.800: D/PowerManagerService(2143): lightSensorChangedLocked : mKeyboardLight : 0
07-17 15:42:25.205: D/STATUSBAR-NetworkController(2417): refreshSignalCluster: data=0 bt=false
07-17 15:42:25.205: D/STATUSBAR-SignalClusterView(2417): mSeparateMobileGroup=8
07-17 15:42:25.205: D/STATUSBAR-SignalClusterView(2417): mSeparateMobileGroup=8
07-17 15:42:25.205: D/STATUSBAR-SignalClusterView(2417): mSeparateMobileGroup=8
07-17 15:42:25.205: D/STATUSBAR-NetworkController(2417): refreshSignalCluster: data=0 bt=false
07-17 15:42:25.205: D/STATUSBAR-SignalClusterView(2417): mSeparateMobileGroup=8
07-17 15:42:25.205: D/STATUSBAR-SignalClusterView(2417): mSeparateMobileGroup=8
07-17 15:42:25.205: D/STATUSBAR-SignalClusterView(2417): mSeparateMobileGroup=8
07-17 15:42:25.640: I/libjingle(20281): VAdapt CPU Request: up Steps: 0 Changed: false To: 640x480
07-17 15:42:26.215: D/STATUSBAR-NetworkController(2417): refreshSignalCluster: data=0 bt=false
07-17 15:42:26.215: D/STATUSBAR-SignalClusterView(2417): mSeparateMobileGroup=8
07-17 15:42:26.215: D/STATUSBAR-SignalClusterView(2417): mSeparateMobileGroup=8
07-17 15:42:26.215: D/STATUSBAR-SignalClusterView(2417): mSeparateMobileGroup=8
07-17 15:42:26.215: D/STATUSBAR-NetworkController(2417): refreshSignalCluster: data=0 bt=false
07-17 15:42:26.215: D/STATUSBAR-SignalClusterView(2417): mSeparateMobileGroup=8
07-17 15:42:26.220: D/STATUSBAR-SignalClusterView(2417): mSeparateMobileGroup=8
07-17 15:42:26.220: D/STATUSBAR-SignalClusterView(2417): mSeparateMobileGroup=8
07-17 15:42:27.645: I/libjingle(20281): VAdapt CPU Request: up Steps: 0 Changed: false To: 640x480
07-17 15:42:28.555: I/libjingle(20281): VAdapt Frame: scaled 0 / out 65970 / in 65970 Changes: 6 Input: 640x480 i33333333 Scale: 1 Output: 640x480 i33333333 Changed: false
07-17 15:42:29.645: I/libjingle(20281): VAdapt CPU Request: up Steps: 0 Changed: false To: 640x480
07-17 15:42:30.270: I/dhcpcd(11653):  dhcp main start  
07-17 15:42:30.275: I/dhcpcd(14325): enter handle_signal in dhcpcd.c
07-17 15:42:30.390: D/BatteryService(2143): update start
07-17 15:42:30.395: D/BatteryService(2143): level:80 scale:100 status:3 health:2 present:true voltage: 4002 temperature: 317 technology: Li-ion AC powered:false USB powered:true icon:17303195 invalid charger:0
07-17 15:42:30.405: D/STATUSBAR-BatteryController(2417): onReceive() - ACTION_BATTERY_CHANGED
07-17 15:42:30.405: D/STATUSBAR-BatteryController(2417): onReceive() - level:80
07-17 15:42:30.405: D/STATUSBAR-BatteryController(2417): onReceive() - plugged:2
07-17 15:42:30.405: D/STATUSBAR-BatteryController(2417): onReceive() - BATTERY_STATUS_DISCHARGING: tw_stat_sys_battery_usb_not_charge
07-17 15:42:30.420: E/Watchdog(2143): !@Sync 3048
07-17 15:42:30.430: E/MtpService(19825): In MTPAPP onReceive:android.intent.action.BATTERY_CHANGED
07-17 15:42:30.430: E/MtpService(19825): battPlugged Type : 2
07-17 15:42:30.430: W/AlarmManager(2143): FACTORY_ON= 0
07-17 15:42:30.565: W/AlarmManager(2143): FACTORY_ON= 0
07-17 15:42:30.585: I/WifiStateMachine(2143): DHCP renew post action!!! - Don't need to make state transition
07-17 15:42:31.225: D/STATUSBAR-NetworkController(2417): refreshSignalCluster: data=0 bt=false
07-17 15:42:31.225: D/STATUSBAR-SignalClusterView(2417): mSeparateMobileGroup=8
07-17 15:42:31.230: D/STATUSBAR-SignalClusterView(2417): mSeparateMobileGroup=8
07-17 15:42:31.230: D/STATUSBAR-SignalClusterView(2417): mSeparateMobileGroup=8
07-17 15:42:31.230: D/STATUSBAR-NetworkController(2417): refreshSignalCluster: data=0 bt=false
07-17 15:42:31.230: D/STATUSBAR-SignalClusterView(2417): mSeparateMobileGroup=8
07-17 15:42:31.230: D/STATUSBAR-SignalClusterView(2417): mSeparateMobileGroup=8
07-17 15:42:31.230: D/STATUSBAR-SignalClusterView(2417): mSeparateMobileGroup=8
07-17 15:42:31.590: D/STATUSBAR-NetworkController(2417): onReceive() - RSSI_CHANGED_ACTION, WIFI_STATE, NETWORK_STATE
07-17 15:42:31.650: I/libjingle(20281): VAdapt CPU Request: up Steps: 0 Changed: false To: 640x480
07-17 15:42:32.230: D/STATUSBAR-NetworkController(2417): refreshSignalCluster: data=0 bt=false
07-17 15:42:32.230: D/STATUSBAR-SignalClusterView(2417): mSeparateMobileGroup=8
07-17 15:42:32.230: D/STATUSBAR-SignalClusterView(2417): mSeparateMobileGroup=8
07-17 15:42:32.230: D/STATUSBAR-SignalClusterView(2417): mSeparateMobileGroup=8
07-17 15:42:32.230: D/STATUSBAR-NetworkController(2417): refreshSignalCluster: data=0 bt=false
07-17 15:42:32.230: D/STATUSBAR-SignalClusterView(2417): mSeparateMobileGroup=8
07-17 15:42:32.230: D/STATUSBAR-SignalClusterView(2417): mSeparateMobileGroup=8
07-17 15:42:32.230: D/STATUSBAR-SignalClusterView(2417): mSeparateMobileGroup=8
07-17 15:42:33.650: I/libjingle(20281): VAdapt CPU Request: up Steps: 0 Changed: false To: 640x480
07-17 15:42:33.965: I/libjingle(20281): VAdapt Frame: scaled 0 / out 66060 / in 66060 Changes: 6 Input: 640x480 i33333333 Scale: 1 Output: 640x480 i33333333 Changed: false
07-17 15:42:34.610: D/STATUSBAR-NetworkController(2417): onReceive() - RSSI_CHANGED_ACTION, WIFI_STATE, NETWORK_STATE
07-17 15:42:35.235: D/STATUSBAR-NetworkController(2417): refreshSignalCluster: data=0 bt=false
07-17 15:42:35.240: D/STATUSBAR-SignalClusterView(2417): mSeparateMobileGroup=8
07-17 15:42:35.240: D/STATUSBAR-SignalClusterView(2417): mSeparateMobileGroup=8
07-17 15:42:35.240: D/STATUSBAR-SignalClusterView(2417): mSeparateMobileGroup=8
07-17 15:42:35.240: D/STATUSBAR-NetworkController(2417): refreshSignalCluster: data=0 bt=false
07-17 15:42:35.240: D/STATUSBAR-SignalClusterView(2417): mSeparateMobileGroup=8
07-17 15:42:35.240: D/STATUSBAR-SignalClusterView(2417): mSeparateMobileGroup=8
07-17 15:42:35.240: D/STATUSBAR-SignalClusterView(2417): mSeparateMobileGroup=8
07-17 15:42:35.655: I/libjingle(20281): VAdapt CPU Request: up Steps: 0 Changed: false To: 640x480
07-17 15:42:36.245: D/STATUSBAR-NetworkController(2417): refreshSignalCluster: data=0 bt=false
07-17 15:42:36.245: D/STATUSBAR-SignalClusterView(2417): mSeparateMobileGroup=8
07-17 15:42:36.245: D/STATUSBAR-SignalClusterView(2417): mSeparateMobileGroup=8
07-17 15:42:36.245: D/STATUSBAR-SignalClusterView(2417): mSeparateMobileGroup=8
07-17 15:42:36.245: D/STATUSBAR-NetworkController(2417): refreshSignalCluster: data=0 bt=false
07-17 15:42:36.245: D/STATUSBAR-SignalClusterView(2417): mSeparateMobileGroup=8
07-17 15:42:36.245: D/STATUSBAR-SignalClusterView(2417): mSeparateMobileGroup=8
07-17 15:42:36.250: D/STATUSBAR-SignalClusterView(2417): mSeparateMobileGroup=8
07-17 15:42:37.630: D/STATUSBAR-NetworkController(2417): onReceive() - RSSI_CHANGED_ACTION, WIFI_STATE, NETWORK_STATE
07-17 15:42:37.655: I/libjingle(20281): VAdapt CPU Request: up Steps: 0 Changed: false To: 640x480
07-17 15:42:39.370: I/libjingle(20281): VAdapt Frame: scaled 0 / out 66150 / in 66150 Changes: 6 Input: 640x480 i33333333 Scale: 1 Output: 640x480 i33333333 Changed: false
07-17 15:42:39.660: I/libjingle(20281): VAdapt CPU Request: up Steps: 0 Changed: false To: 640x480
07-17 15:42:41.660: I/libjingle(20281): VAdapt CPU Request: up Steps: 0 Changed: false To: 640x480
07-17 15:42:43.660: I/libjingle(20281): VAdapt CPU Request: up Steps: 0 Changed: false To: 640x480
07-17 15:42:43.985: D/dalvikvm(2143): GC_CONCURRENT freed 1935K, 47% free 26978K/50119K, paused 19ms+8ms, total 183ms
07-17 15:42:44.775: I/libjingle(20281): VAdapt Frame: scaled 0 / out 66240 / in 66240 Changes: 6 Input: 640x480 i33333333 Scale: 1 Output: 640x480 i33333333 Changed: false
07-17 15:42:45.265: D/STATUSBAR-NetworkController(2417): refreshSignalCluster: data=0 bt=false
07-17 15:42:45.265: D/STATUSBAR-SignalClusterView(2417): mSeparateMobileGroup=8
07-17 15:42:45.265: D/STATUSBAR-SignalClusterView(2417): mSeparateMobileGroup=8
07-17 15:42:45.265: D/STATUSBAR-SignalClusterView(2417): mSeparateMobileGroup=8
07-17 15:42:45.265: D/STATUSBAR-NetworkController(2417): refreshSignalCluster: data=0 bt=false
07-17 15:42:45.270: D/STATUSBAR-SignalClusterView(2417): mSeparateMobileGroup=8
07-17 15:42:45.270: D/STATUSBAR-SignalClusterView(2417): mSeparateMobileGroup=8
07-17 15:42:45.270: D/STATUSBAR-SignalClusterView(2417): mSeparateMobileGroup=8
07-17 15:42:45.665: I/libjingle(20281): VAdapt CPU Request: up Steps: 0 Changed: false To: 640x480
07-17 15:42:46.265: D/STATUSBAR-NetworkController(2417): refreshSignalCluster: data=0 bt=false
07-17 15:42:46.270: D/STATUSBAR-SignalClusterView(2417): mSeparateMobileGroup=8
07-17 15:42:46.270: D/STATUSBAR-SignalClusterView(2417): mSeparateMobileGroup=8
07-17 15:42:46.270: D/STATUSBAR-SignalClusterView(2417): mSeparateMobileGroup=8
07-17 15:42:46.270: D/STATUSBAR-NetworkController(2417): refreshSignalCluster: data=0 bt=false
07-17 15:42:46.270: D/STATUSBAR-SignalClusterView(2417): mSeparateMobileGroup=8
07-17 15:42:46.270: D/STATUSBAR-SignalClusterView(2417): mSeparateMobileGroup=8
07-17 15:42:46.270: D/STATUSBAR-SignalClusterView(2417): mSeparateMobileGroup=8
07-17 15:42:47.665: I/libjingle(20281): VAdapt CPU Request: up Steps: 0 Changed: false To: 640x480
07-17 15:42:49.670: I/libjingle(20281): VAdapt CPU Request: up Steps: 0 Changed: false To: 640x480
07-17 15:42:50.185: I/libjingle(20281): VAdapt Frame: scaled 0 / out 66330 / in 66330 Changes: 6 Input: 640x480 i33333333 Scale: 1 Output: 640x480 i33333333 Changed: false
07-17 15:42:51.670: I/libjingle(20281): VAdapt CPU Request: up Steps: 0 Changed: false To: 640x480
07-17 15:42:53.285: D/STATUSBAR-NetworkController(2417): refreshSignalCluster: data=0 bt=false
07-17 15:42:53.290: D/STATUSBAR-SignalClusterView(2417): mSeparateMobileGroup=8
07-17 15:42:53.290: D/STATUSBAR-SignalClusterView(2417): mSeparateMobileGroup=8
07-17 15:42:53.290: D/STATUSBAR-SignalClusterView(2417): mSeparateMobileGroup=8
07-17 15:42:53.290: D/STATUSBAR-NetworkController(2417): refreshSignalCluster: data=0 bt=false
07-17 15:42:53.290: D/STATUSBAR-SignalClusterView(2417): mSeparateMobileGroup=8
07-17 15:42:53.290: D/STATUSBAR-SignalClusterView(2417): mSeparateMobileGroup=8
07-17 15:42:53.290: D/STATUSBAR-SignalClusterView(2417): mSeparateMobileGroup=8
07-17 15:42:53.670: I/libjingle(20281): VAdapt CPU Request: up Steps: 0 Changed: false To: 640x480
07-17 15:42:54.295: D/STATUSBAR-NetworkController(2417): refreshSignalCluster: data=0 bt=false
07-17 15:42:54.295: D/STATUSBAR-SignalClusterView(2417): mSeparateMobileGroup=8
07-17 15:42:54.295: D/STATUSBAR-SignalClusterView(2417): mSeparateMobileGroup=8
07-17 15:42:54.295: D/STATUSBAR-SignalClusterView(2417): mSeparateMobileGroup=8
07-17 15:42:54.295: D/STATUSBAR-NetworkController(2417): refreshSignalCluster: data=0 bt=false
07-17 15:42:54.295: D/STATUSBAR-SignalClusterView(2417): mSeparateMobileGroup=8
07-17 15:42:54.295: D/STATUSBAR-SignalClusterView(2417): mSeparateMobileGroup=8
07-17 15:42:54.295: D/STATUSBAR-SignalClusterView(2417): mSeparateMobileGroup=8
07-17 15:42:55.295: D/STATUSBAR-NetworkController(2417): refreshSignalCluster: data=0 bt=false
07-17 15:42:55.300: D/STATUSBAR-SignalClusterView(2417): mSeparateMobileGroup=8
07-17 15:42:55.300: D/STATUSBAR-SignalClusterView(2417): mSeparateMobileGroup=8
07-17 15:42:55.300: D/STATUSBAR-SignalClusterView(2417): mSeparateMobileGroup=8
07-17 15:42:55.300: D/STATUSBAR-NetworkController(2417): refreshSignalCluster: data=0 bt=false
07-17 15:42:55.300: D/STATUSBAR-SignalClusterView(2417): mSeparateMobileGroup=8
07-17 15:42:55.300: D/STATUSBAR-SignalClusterView(2417): mSeparateMobileGroup=8
07-17 15:42:55.300: D/STATUSBAR-SignalClusterView(2417): mSeparateMobileGroup=8
07-17 15:42:55.590: I/libjingle(20281): VAdapt Frame: scaled 0 / out 66420 / in 66420 Changes: 6 Input: 640x480 i33333333 Scale: 1 Output: 640x480 i33333333 Changed: false
07-17 15:42:55.675: I/libjingle(20281): VAdapt CPU Request: up Steps: 0 Changed: false To: 640x480
07-17 15:42:56.300: D/STATUSBAR-NetworkController(2417): refreshSignalCluster: data=0 bt=false
07-17 15:42:56.305: D/STATUSBAR-SignalClusterView(2417): mSeparateMobileGroup=8
07-17 15:42:56.305: D/STATUSBAR-SignalClusterView(2417): mSeparateMobileGroup=8
07-17 15:42:56.305: D/STATUSBAR-SignalClusterView(2417): mSeparateMobileGroup=8
07-17 15:42:56.305: D/STATUSBAR-NetworkController(2417): refreshSignalCluster: data=0 bt=false
07-17 15:42:56.305: D/STATUSBAR-SignalClusterView(2417): mSeparateMobileGroup=8
07-17 15:42:56.305: D/STATUSBAR-SignalClusterView(2417): mSeparateMobileGroup=8
07-17 15:42:56.305: D/STATUSBAR-SignalClusterView(2417): mSeparateMobileGroup=8
07-17 15:42:57.680: I/libjingle(20281): VAdapt CPU Request: up Steps: 0 Changed: false To: 640x480
07-17 15:42:58.305: D/STATUSBAR-NetworkController(2417): refreshSignalCluster: data=0 bt=false
07-17 15:42:58.305: D/STATUSBAR-SignalClusterView(2417): mSeparateMobileGroup=8
07-17 15:42:58.305: D/STATUSBAR-SignalClusterView(2417): mSeparateMobileGroup=8
07-17 15:42:58.305: D/STATUSBAR-SignalClusterView(2417): mSeparateMobileGroup=8
07-17 15:42:58.305: D/STATUSBAR-NetworkController(2417): refreshSignalCluster: data=0 bt=false
07-17 15:42:58.310: D/STATUSBAR-SignalClusterView(2417): mSeparateMobileGroup=8
07-17 15:42:58.310: D/STATUSBAR-SignalClusterView(2417): mSeparateMobileGroup=8
07-17 15:42:58.310: D/STATUSBAR-SignalClusterView(2417): mSeparateMobileGroup=8
07-17 15:42:59.320: D/STATUSBAR-NetworkController(2417): refreshSignalCluster: data=0 bt=false
07-17 15:42:59.320: D/STATUSBAR-SignalClusterView(2417): mSeparateMobileGroup=8
07-17 15:42:59.320: D/STATUSBAR-SignalClusterView(2417): mSeparateMobileGroup=8
07-17 15:42:59.320: D/STATUSBAR-SignalClusterView(2417): mSeparateMobileGroup=8
07-17 15:42:59.320: D/STATUSBAR-NetworkController(2417): refreshSignalCluster: data=0 bt=false
07-17 15:42:59.320: D/STATUSBAR-SignalClusterView(2417): mSeparateMobileGroup=8
07-17 15:42:59.320: D/STATUSBAR-SignalClusterView(2417): mSeparateMobileGroup=8
07-17 15:42:59.320: D/STATUSBAR-SignalClusterView(2417): mSeparateMobileGroup=8
07-17 15:42:59.680: I/libjingle(20281): VAdapt CPU Request: up Steps: 0 Changed: false To: 640x480
07-17 15:43:00.000: W/AlarmManager(2143): FACTORY_ON= 0
07-17 15:43:00.020: D/STATUSBAR-Clock(2417): onReceive() - ACTION_TIME_TICK
07-17 15:43:00.035: D/TextLayoutCache(2417): Cache value 0x600d15d8 deleted, size = 152
07-17 15:43:00.055: D/TextLayoutCache(2417): Cache value 0x5ec59268 deleted, size = 152
07-17 15:43:00.060: D/STATUSBAR-Clock(2417): onReceive() - ACTION_TIME_TICK
07-17 15:43:00.070: D/TextLayoutCache(2417): Cache value 0x5dccedf8 deleted, size = 152
07-17 15:43:00.420: E/Watchdog(2143): !@Sync 3049
07-17 15:43:00.530: I/InputReader(2143): Touch event's action is 0x0 (deviceType=0) [pCnt=1, s=0.1020 ]
07-17 15:43:00.530: I/InputDispatcher(2143): Delivering touch to current input target: action: 0x0
07-17 15:43:00.530: I/InputDispatcher(2143): Delivering touch to current input target: action: 0x0
07-17 15:43:00.530: I/InputDispatcher(2143): Delivering touch to current input target: action: 0x0
07-17 15:43:00.530: I/InputDispatcher(2143): Delivering touch to current input target: action: 0x0
07-17 15:43:00.545: D/WindowManager(2143): PhoneWindowManager: focusChangedLw
07-17 15:43:00.545: D/WindowManager(2143): PhoneWindowManager: focusChangedLw: Call setFocusedWindow()
07-17 15:43:00.545: D/SPenGesture(2143): SpenGestureView: setFocusedWindow
07-17 15:43:00.545: D/KeyguardViewMediator(2143): setHidden false
07-17 15:43:00.550: D/PointerIcon(2143): setHoveringSpenIconStyle1 pointerType: 10001iconType:1
07-17 15:43:00.550: D/PointerIcon(2143): setHoveringSpenCustomIcon IconType is same.1
07-17 15:43:00.555: W/InputMethodManagerService(2143): Window already focused, ignoring focus gain of: com.android.internal.view.IInputMethodClient$Stub$Proxy@41c638c8 attribute=null
07-17 15:43:00.600: I/InputReader(2143): Touch event's action is 0x1 (deviceType=0) [pCnt=1, s=]
07-17 15:43:00.670: D/BatteryService(2143): update start
07-17 15:43:00.670: D/BatteryService(2143): level:80 scale:100 status:3 health:2 present:true voltage: 3995 temperature: 317 technology: Li-ion AC powered:false USB powered:true icon:17303195 invalid charger:0
07-17 15:43:00.675: D/STATUSBAR-BatteryController(2417): onReceive() - ACTION_BATTERY_CHANGED
07-17 15:43:00.675: D/STATUSBAR-BatteryController(2417): onReceive() - level:80
07-17 15:43:00.675: D/STATUSBAR-BatteryController(2417): onReceive() - plugged:2
07-17 15:43:00.675: D/STATUSBAR-BatteryController(2417): onReceive() - BATTERY_STATUS_DISCHARGING: tw_stat_sys_battery_usb_not_charge
07-17 15:43:00.680: E/MtpService(19825): In MTPAPP onReceive:android.intent.action.BATTERY_CHANGED
07-17 15:43:00.680: E/MtpService(19825): battPlugged Type : 2
07-17 15:43:00.680: W/AlarmManager(2143): FACTORY_ON= 0
07-17 15:43:00.820: D/KeyguardViewMediator(2143): setHidden false
07-17 15:43:00.820: I/SurfaceFlinger(1837): id=891 Removed MoginActivi idx=5 MapSz=5
07-17 15:43:00.820: I/SurfaceFlinger(1837): id=891 Removed MoginActivi idx=-2 MapSz=5
07-17 15:43:00.825: D/KeyguardViewMediator(2143): setHidden false
07-17 15:43:00.830: D/KeyguardViewMediator(2143): setHidden false
07-17 15:43:01.000: I/libjingle(20281): VAdapt Frame: scaled 0 / out 66510 / in 66510 Changes: 6 Input: 640x480 i33333333 Scale: 1 Output: 640x480 i33333333 Changed: false
07-17 15:43:01.685: I/libjingle(20281): VAdapt CPU Request: up Steps: 0 Changed: false To: 640x480
07-17 15:43:01.795: D/PowerManagerService(2143): lightSensorChangedLocked value=5 immediate=false
07-17 15:43:01.795: D/PowerManagerService(2143): getAutoBrightnessValue : in bound ( 4 < 5 <= 69 )
07-17 15:43:01.795: D/PowerManagerService(2143): getAutoBrightnessValue : in bound ( 4 < 5 <= 69 )
07-17 15:43:01.795: D/PowerManagerService(2143): lcdValue 62
07-17 15:43:01.795: D/PowerManagerService(2143): buttonValue 62
07-17 15:43:01.795: D/PowerManagerService(2143): keyboardValue 0
07-17 15:43:01.795: D/PowerManagerService(2143): lightSensorChangedLocked : mKeyboardLight : 0
07-17 15:43:02.030: W/PowerManagerService(2143): Timer 0x3->0x3|0x1
07-17 15:43:03.685: I/libjingle(20281): VAdapt CPU Request: up Steps: 0 Changed: false To: 640x480
07-17 15:43:04.335: D/STATUSBAR-NetworkController(2417): refreshSignalCluster: data=0 bt=false
07-17 15:43:04.335: D/STATUSBAR-SignalClusterView(2417): mSeparateMobileGroup=8
07-17 15:43:04.335: D/STATUSBAR-SignalClusterView(2417): mSeparateMobileGroup=8
07-17 15:43:04.335: D/STATUSBAR-SignalClusterView(2417): mSeparateMobileGroup=8
07-17 15:43:04.335: D/STATUSBAR-NetworkController(2417): refreshSignalCluster: data=0 bt=false
07-17 15:43:04.335: D/STATUSBAR-SignalClusterView(2417): mSeparateMobileGroup=8
07-17 15:43:04.335: D/STATUSBAR-SignalClusterView(2417): mSeparateMobileGroup=8
07-17 15:43:04.335: D/STATUSBAR-SignalClusterView(2417): mSeparateMobileGroup=8
07-17 15:43:05.195: D/PowerManagerService(2143): lightSensorChangedLocked value=21 immediate=false
07-17 15:43:05.195: D/PowerManagerService(2143): getAutoBrightnessValue : in bound ( 4 < 21 <= 69 )
07-17 15:43:05.195: D/PowerManagerService(2143): getAutoBrightnessValue : in bound ( 4 < 21 <= 69 )
07-17 15:43:05.195: D/PowerManagerService(2143): lcdValue 62
07-17 15:43:05.195: D/PowerManagerService(2143): buttonValue 62
07-17 15:43:05.195: D/PowerManagerService(2143): keyboardValue 0
07-17 15:43:05.195: D/PowerManagerService(2143): lightSensorChangedLocked : mKeyboardLight : 0
07-17 15:43:05.335: D/STATUSBAR-NetworkController(2417): refreshSignalCluster: data=0 bt=false
07-17 15:43:05.340: D/STATUSBAR-SignalClusterView(2417): mSeparateMobileGroup=8
07-17 15:43:05.340: D/STATUSBAR-SignalClusterView(2417): mSeparateMobileGroup=8
07-17 15:43:05.340: D/STATUSBAR-SignalClusterView(2417): mSeparateMobileGroup=8
07-17 15:43:05.340: D/STATUSBAR-NetworkController(2417): refreshSignalCluster: data=0 bt=false
07-17 15:43:05.340: D/STATUSBAR-SignalClusterView(2417): mSeparateMobileGroup=8
07-17 15:43:05.345: D/STATUSBAR-SignalClusterView(2417): mSeparateMobileGroup=8
07-17 15:43:05.345: D/STATUSBAR-SignalClusterView(2417): mSeparateMobileGroup=8
07-17 15:43:05.690: I/libjingle(20281): VAdapt CPU Request: up Steps: 0 Changed: false To: 640x480
07-17 15:43:06.405: I/libjingle(20281): VAdapt Frame: scaled 0 / out 66600 / in 66600 Changes: 6 Input: 640x480 i33333333 Scale: 1 Output: 640x480 i33333333 Changed: false
07-17 15:43:07.690: I/libjingle(20281): VAdapt CPU Request: up Steps: 0 Changed: false To: 640x480
07-17 15:43:09.695: I/libjingle(20281): VAdapt CPU Request: up Steps: 0 Changed: false To: 640x480
07-17 15:43:11.695: I/libjingle(20281): VAdapt CPU Request: up Steps: 0 Changed: false To: 640x480
07-17 15:43:11.810: I/libjingle(20281): VAdapt Frame: scaled 0 / out 66690 / in 66690 Changes: 6 Input: 640x480 i33333333 Scale: 1 Output: 640x480 i33333333 Changed: false
07-17 15:43:13.700: I/libjingle(20281): VAdapt CPU Request: up Steps: 0 Changed: false To: 640x480
07-17 15:43:14.365: D/STATUSBAR-NetworkController(2417): refreshSignalCluster: data=0 bt=false
07-17 15:43:14.365: D/STATUSBAR-SignalClusterView(2417): mSeparateMobileGroup=8
07-17 15:43:14.365: D/STATUSBAR-SignalClusterView(2417): mSeparateMobileGroup=8
07-17 15:43:14.365: D/STATUSBAR-SignalClusterView(2417): mSeparateMobileGroup=8
07-17 15:43:14.365: D/STATUSBAR-NetworkController(2417): refreshSignalCluster: data=0 bt=false
07-17 15:43:14.365: D/STATUSBAR-SignalClusterView(2417): mSeparateMobileGroup=8
07-17 15:43:14.365: D/STATUSBAR-SignalClusterView(2417): mSeparateMobileGroup=8
07-17 15:43:14.365: D/STATUSBAR-SignalClusterView(2417): mSeparateMobileGroup=8
07-17 15:43:15.370: D/STATUSBAR-NetworkController(2417): refreshSignalCluster: data=0 bt=false
07-17 15:43:15.370: D/STATUSBAR-SignalClusterView(2417): mSeparateMobileGroup=8
07-17 15:43:15.370: D/STATUSBAR-SignalClusterView(2417): mSeparateMobileGroup=8
07-17 15:43:15.370: D/STATUSBAR-SignalClusterView(2417): mSeparateMobileGroup=8
07-17 15:43:15.370: D/STATUSBAR-NetworkController(2417): refreshSignalCluster: data=0 bt=false
07-17 15:43:15.370: D/STATUSBAR-SignalClusterView(2417): mSeparateMobileGroup=8
07-17 15:43:15.370: D/STATUSBAR-SignalClusterView(2417): mSeparateMobileGroup=8
07-17 15:43:15.375: D/STATUSBAR-SignalClusterView(2417): mSeparateMobileGroup=8
07-17 15:43:15.705: I/libjingle(20281): VAdapt CPU Request: up Steps: 0 Changed: false To: 640x480
07-17 15:43:15.995: D/PowerManagerService(2143): lightSensorChangedLocked value=0 immediate=false
07-17 15:43:15.995: I/PowerManagerService(2143): fileWriteInt : /sys/class/backlight/panel/auto_brightness  value : 1
07-17 15:43:16.000: D/PowerManagerService(2143): getAutoBrightnessValue : mDynamicAutoBrightnessValue = 36(36)  (( 30))  (0)  ( 0 < 0 <= 5 )
07-17 15:43:16.000: I/PowerManagerService(2143): fileWriteInt : /sys/class/backlight/panel/auto_brightness  value : 1
07-17 15:43:16.000: D/PowerManagerService(2143): getAutoBrightnessValue : mDynamicAutoBrightnessValue = 36(36)  (( 30))  (0)  ( 0 < 0 <= 5 )
07-17 15:43:16.000: D/PowerManagerService(2143): lcdValue 36
07-17 15:43:16.000: D/PowerManagerService(2143): buttonValue 36
07-17 15:43:16.000: D/PowerManagerService(2143): keyboardValue 0
07-17 15:43:16.000: D/PowerManagerService(2143): lightSensorChangedLocked : mKeyboardLight : 0
07-17 15:43:16.015: D/lights(2143): LCD : 61 +
07-17 15:43:16.015: D/lights(2143): LCD : 61 -
07-17 15:43:16.025: D/lights(2143): LCD : 60 +
07-17 15:43:16.025: D/lights(2143): LCD : 60 -
07-17 15:43:16.040: D/lights(2143): LCD : 59 +
07-17 15:43:16.040: D/lights(2143): LCD : 59 -
07-17 15:43:16.050: D/lights(2143): LCD : 58 +
07-17 15:43:16.050: D/lights(2143): LCD : 58 -
07-17 15:43:16.065: D/lights(2143): LCD : 57 +
07-17 15:43:16.065: D/lights(2143): LCD : 57 -
07-17 15:43:16.075: D/lights(2143): LCD : 56 +
07-17 15:43:16.075: D/lights(2143): LCD : 56 -
07-17 15:43:16.090: D/lights(2143): LCD : 55 +
07-17 15:43:16.090: D/lights(2143): LCD : 55 -
07-17 15:43:16.100: D/lights(2143): LCD : 54 +
07-17 15:43:16.100: D/lights(2143): LCD : 54 -
07-17 15:43:16.115: D/lights(2143): LCD : 53 +
07-17 15:43:16.115: D/lights(2143): LCD : 53 -
07-17 15:43:16.130: D/lights(2143): LCD : 52 +
07-17 15:43:16.130: D/lights(2143): LCD : 52 -
07-17 15:43:16.140: D/lights(2143): LCD : 51 +
07-17 15:43:16.140: D/lights(2143): LCD : 51 -
07-17 15:43:16.155: D/lights(2143): LCD : 50 +
07-17 15:43:16.155: D/lights(2143): LCD : 50 -
07-17 15:43:16.165: D/lights(2143): LCD : 49 +
07-17 15:43:16.165: D/lights(2143): LCD : 49 -
07-17 15:43:16.180: D/lights(2143): LCD : 48 +
07-17 15:43:16.180: D/lights(2143): LCD : 48 -
07-17 15:43:16.195: D/lights(2143): LCD : 47 +
07-17 15:43:16.195: D/lights(2143): LCD : 47 -
07-17 15:43:16.210: D/lights(2143): LCD : 46 +
07-17 15:43:16.210: D/lights(2143): LCD : 46 -
07-17 15:43:16.220: D/lights(2143): LCD : 45 +
07-17 15:43:16.220: D/lights(2143): LCD : 45 -
07-17 15:43:16.235: D/lights(2143): LCD : 44 +
07-17 15:43:16.235: D/lights(2143): LCD : 44 -
07-17 15:43:16.250: D/lights(2143): LCD : 43 +
07-17 15:43:16.250: D/lights(2143): LCD : 43 -
07-17 15:43:16.270: D/lights(2143): LCD : 42 +
07-17 15:43:16.270: D/lights(2143): LCD : 42 -
07-17 15:43:16.285: D/lights(2143): LCD : 41 +
07-17 15:43:16.285: D/lights(2143): LCD : 41 -
07-17 15:43:16.300: D/lights(2143): LCD : 39 +
07-17 15:43:16.300: D/lights(2143): LCD : 39 -
07-17 15:43:16.320: D/lights(2143): LCD : 38 +
07-17 15:43:16.320: D/lights(2143): LCD : 38 -
07-17 15:43:16.335: D/lights(2143): LCD : 37 +
07-17 15:43:16.335: D/lights(2143): LCD : 37 -
07-17 15:43:16.355: D/lights(2143): LCD : 36 +
07-17 15:43:16.355: D/lights(2143): LCD : 36 -
07-17 15:43:16.355: I/PowerManagerService(2143): Light Animator Finished currentValue=36
07-17 15:43:17.215: I/libjingle(20281): VAdapt Frame: scaled 0 / out 66780 / in 66780 Changes: 6 Input: 640x480 i33333333 Scale: 1 Output: 640x480 i33333333 Changed: false
07-17 15:43:17.710: I/libjingle(20281): VAdapt CPU Request: up Steps: 0 Changed: false To: 640x480
07-17 15:43:19.715: I/libjingle(20281): VAdapt CPU Request: up Steps: 0 Changed: false To: 640x480
07-17 15:43:21.715: I/libjingle(20281): VAdapt CPU Request: up Steps: 0 Changed: false To: 640x480
07-17 15:43:21.995: D/PowerManagerService(2143): lightSensorChangedLocked value=22 immediate=false
07-17 15:43:21.995: I/PowerManagerService(2143): fileWriteInt : /sys/class/backlight/panel/auto_brightness  value : 2
07-17 15:43:21.995: D/PowerManagerService(2143): getAutoBrightnessValue : mDynamicAutoBrightnessValue = 60(60)  (( 60))  (0)  ( 3 < 22 <= 63 )
07-17 15:43:22.000: D/PowerManagerService(2143): getAutoBrightnessValue : in bound ( 3 < 22 <= 63 )
07-17 15:43:22.000: D/PowerManagerService(2143): lcdValue 60
07-17 15:43:22.000: D/PowerManagerService(2143): buttonValue 60
07-17 15:43:22.000: D/PowerManagerService(2143): keyboardValue 0
07-17 15:43:22.000: D/PowerManagerService(2143): lightSensorChangedLocked : mKeyboardLight : 0
07-17 15:43:22.010: D/lights(2143): LCD : 37 +
07-17 15:43:22.015: D/lights(2143): LCD : 37 -
07-17 15:43:22.025: D/lights(2143): LCD : 38 +
07-17 15:43:22.025: D/lights(2143): LCD : 38 -
07-17 15:43:22.040: D/lights(2143): LCD : 39 +
07-17 15:43:22.040: D/lights(2143): LCD : 39 -
07-17 15:43:22.055: D/lights(2143): LCD : 40 +
07-17 15:43:22.055: D/lights(2143): LCD : 40 -
07-17 15:43:22.070: D/lights(2143): LCD : 41 +
07-17 15:43:22.070: D/lights(2143): LCD : 41 -
07-17 15:43:22.080: D/lights(2143): LCD : 42 +
07-17 15:43:22.080: D/lights(2143): LCD : 42 -
07-17 15:43:22.095: D/lights(2143): LCD : 43 +
07-17 15:43:22.095: D/lights(2143): LCD : 43 -
07-17 15:43:22.110: D/lights(2143): LCD : 44 +
07-17 15:43:22.110: D/lights(2143): LCD : 44 -
07-17 15:43:22.125: D/lights(2143): LCD : 45 +
07-17 15:43:22.125: D/lights(2143): LCD : 45 -
07-17 15:43:22.140: D/lights(2143): LCD : 46 +
07-17 15:43:22.140: D/lights(2143): LCD : 46 -
07-17 15:43:22.155: D/lights(2143): LCD : 47 +
07-17 15:43:22.155: D/lights(2143): LCD : 47 -
07-17 15:43:22.165: D/lights(2143): LCD : 48 +
07-17 15:43:22.165: D/lights(2143): LCD : 48 -
07-17 15:43:22.180: D/lights(2143): LCD : 49 +
07-17 15:43:22.180: D/lights(2143): LCD : 49 -
07-17 15:43:22.195: D/lights(2143): LCD : 50 +
07-17 15:43:22.195: D/lights(2143): LCD : 50 -
07-17 15:43:22.210: D/lights(2143): LCD : 51 +
07-17 15:43:22.210: D/lights(2143): LCD : 51 -
07-17 15:43:22.225: D/lights(2143): LCD : 52 +
07-17 15:43:22.225: D/lights(2143): LCD : 52 -
07-17 15:43:22.235: D/lights(2143): LCD : 53 +
07-17 15:43:22.240: D/lights(2143): LCD : 53 -
07-17 15:43:22.255: D/lights(2143): LCD : 54 +
07-17 15:43:22.255: D/lights(2143): LCD : 54 -
07-17 15:43:22.270: D/lights(2143): LCD : 55 +
07-17 15:43:22.270: D/lights(2143): LCD : 55 -
07-17 15:43:22.290: D/lights(2143): LCD : 56 +
07-17 15:43:22.290: D/lights(2143): LCD : 56 -
07-17 15:43:22.305: D/lights(2143): LCD : 57 +
07-17 15:43:22.305: D/lights(2143): LCD : 57 -
07-17 15:43:22.325: D/lights(2143): LCD : 59 +
07-17 15:43:22.325: D/lights(2143): LCD : 59 -
07-17 15:43:22.340: D/lights(2143): LCD : 60 +
07-17 15:43:22.340: D/lights(2143): LCD : 60 -
07-17 15:43:22.340: I/PowerManagerService(2143): Light Animator Finished currentValue=60
07-17 15:43:22.625: I/libjingle(20281): VAdapt Frame: scaled 0 / out 66870 / in 66870 Changes: 6 Input: 640x480 i33333333 Scale: 1 Output: 640x480 i33333333 Changed: false
07-17 15:43:23.395: D/STATUSBAR-NetworkController(2417): refreshSignalCluster: data=0 bt=false
07-17 15:43:23.395: D/STATUSBAR-SignalClusterView(2417): mSeparateMobileGroup=8
07-17 15:43:23.395: D/STATUSBAR-SignalClusterView(2417): mSeparateMobileGroup=8
07-17 15:43:23.395: D/STATUSBAR-SignalClusterView(2417): mSeparateMobileGroup=8
07-17 15:43:23.395: D/STATUSBAR-NetworkController(2417): refreshSignalCluster: data=0 bt=false
07-17 15:43:23.395: D/STATUSBAR-SignalClusterView(2417): mSeparateMobileGroup=8
07-17 15:43:23.395: D/STATUSBAR-SignalClusterView(2417): mSeparateMobileGroup=8
07-17 15:43:23.395: D/STATUSBAR-SignalClusterView(2417): mSeparateMobileGroup=8
07-17 15:43:23.715: I/libjingle(20281): VAdapt CPU Request: up Steps: 0 Changed: false To: 640x480
07-17 15:43:25.400: D/STATUSBAR-NetworkController(2417): refreshSignalCluster: data=0 bt=false
07-17 15:43:25.400: D/STATUSBAR-SignalClusterView(2417): mSeparateMobileGroup=8
07-17 15:43:25.400: D/STATUSBAR-SignalClusterView(2417): mSeparateMobileGroup=8
07-17 15:43:25.400: D/STATUSBAR-SignalClusterView(2417): mSeparateMobileGroup=8
07-17 15:43:25.400: D/STATUSBAR-NetworkController(2417): refreshSignalCluster: data=0 bt=false
07-17 15:43:25.400: D/STATUSBAR-SignalClusterView(2417): mSeparateMobileGroup=8
07-17 15:43:25.400: D/STATUSBAR-SignalClusterView(2417): mSeparateMobileGroup=8
07-17 15:43:25.400: D/STATUSBAR-SignalClusterView(2417): mSeparateMobileGroup=8
07-17 15:43:25.720: I/libjingle(20281): VAdapt CPU Request: up Steps: 0 Changed: false To: 640x480
07-17 15:43:27.720: I/libjingle(20281): VAdapt CPU Request: up Steps: 0 Changed: false To: 640x480
07-17 15:43:28.030: I/libjingle(20281): VAdapt Frame: scaled 0 / out 66960 / in 66960 Changes: 6 Input: 640x480 i33333333 Scale: 1 Output: 640x480 i33333333 Changed: false
07-17 15:43:29.720: I/libjingle(20281): VAdapt CPU Request: up Steps: 0 Changed: false To: 640x480
07-17 15:43:30.425: E/Watchdog(2143): !@Sync 3050
07-17 15:43:30.955: D/BatteryService(2143): update start
07-17 15:43:30.960: D/BatteryService(2143): level:80 scale:100 status:3 health:2 present:true voltage: 4008 temperature: 317 technology: Li-ion AC powered:false USB powered:true icon:17303195 invalid charger:0
07-17 15:43:30.965: D/STATUSBAR-BatteryController(2417): onReceive() - ACTION_BATTERY_CHANGED
07-17 15:43:30.965: D/STATUSBAR-BatteryController(2417): onReceive() - level:80
07-17 15:43:30.965: D/STATUSBAR-BatteryController(2417): onReceive() - plugged:2
07-17 15:43:30.965: D/STATUSBAR-BatteryController(2417): onReceive() - BATTERY_STATUS_DISCHARGING: tw_stat_sys_battery_usb_not_charge
07-17 15:43:30.985: E/MtpService(19825): In MTPAPP onReceive:android.intent.action.BATTERY_CHANGED
07-17 15:43:30.985: E/MtpService(19825): battPlugged Type : 2
07-17 15:43:30.985: W/AlarmManager(2143): FACTORY_ON= 0
07-17 15:43:31.725: I/libjingle(20281): VAdapt CPU Request: up Steps: 0 Changed: false To: 640x480
07-17 15:43:33.435: I/libjingle(20281): VAdapt Frame: scaled 0 / out 67050 / in 67050 Changes: 6 Input: 640x480 i33333333 Scale: 1 Output: 640x480 i33333333 Changed: false
07-17 15:43:33.730: I/libjingle(20281): VAdapt CPU Request: up Steps: 0 Changed: false To: 640x480
07-17 15:43:34.420: D/STATUSBAR-NetworkController(2417): refreshSignalCluster: data=0 bt=false
07-17 15:43:34.425: D/STATUSBAR-SignalClusterView(2417): mSeparateMobileGroup=8
07-17 15:43:34.425: D/STATUSBAR-SignalClusterView(2417): mSeparateMobileGroup=8
07-17 15:43:34.425: D/STATUSBAR-SignalClusterView(2417): mSeparateMobileGroup=8
07-17 15:43:34.425: D/STATUSBAR-NetworkController(2417): refreshSignalCluster: data=0 bt=false
07-17 15:43:34.425: D/STATUSBAR-SignalClusterView(2417): mSeparateMobileGroup=8
07-17 15:43:34.425: D/STATUSBAR-SignalClusterView(2417): mSeparateMobileGroup=8
07-17 15:43:34.425: D/STATUSBAR-SignalClusterView(2417): mSeparateMobileGroup=8
07-17 15:43:35.425: D/STATUSBAR-NetworkController(2417): refreshSignalCluster: data=0 bt=false
07-17 15:43:35.425: D/STATUSBAR-SignalClusterView(2417): mSeparateMobileGroup=8
07-17 15:43:35.425: D/STATUSBAR-SignalClusterView(2417): mSeparateMobileGroup=8
07-17 15:43:35.425: D/STATUSBAR-SignalClusterView(2417): mSeparateMobileGroup=8
07-17 15:43:35.425: D/STATUSBAR-NetworkController(2417): refreshSignalCluster: data=0 bt=false
07-17 15:43:35.425: D/STATUSBAR-SignalClusterView(2417): mSeparateMobileGroup=8
07-17 15:43:35.430: D/STATUSBAR-SignalClusterView(2417): mSeparateMobileGroup=8
07-17 15:43:35.430: D/STATUSBAR-SignalClusterView(2417): mSeparateMobileGroup=8
07-17 15:43:35.735: I/libjingle(20281): VAdapt CPU Request: up Steps: 0 Changed: false To: 640x480
