07-17 15:40:04.765: D/STATUSBAR-NetworkController(2417): refreshSignalCluster: data=0 bt=false
07-17 15:40:04.765: D/STATUSBAR-SignalClusterView(2417): mSeparateMobileGroup=8
07-17 15:40:04.765: D/STATUSBAR-SignalClusterView(2417): mSeparateMobileGroup=8
07-17 15:40:04.765: D/STATUSBAR-SignalClusterView(2417): mSeparateMobileGroup=8
07-17 15:40:04.765: D/STATUSBAR-NetworkController(2417): refreshSignalCluster: data=0 bt=false
07-17 15:40:04.765: D/STATUSBAR-SignalClusterView(2417): mSeparateMobileGroup=8
07-17 15:40:04.765: D/STATUSBAR-SignalClusterView(2417): mSeparateMobileGroup=8
07-17 15:40:04.765: D/STATUSBAR-SignalClusterView(2417): mSeparateMobileGroup=8
07-17 15:40:05.460: I/libjingle(20281): VAdapt CPU Request: up Steps: 0 Changed: false To: 640x480
07-17 15:40:06.770: D/STATUSBAR-NetworkController(2417): refreshSignalCluster: data=0 bt=false
07-17 15:40:06.770: D/STATUSBAR-SignalClusterView(2417): mSeparateMobileGroup=8
07-17 15:40:06.770: D/STATUSBAR-SignalClusterView(2417): mSeparateMobileGroup=8
07-17 15:40:06.770: D/STATUSBAR-SignalClusterView(2417): mSeparateMobileGroup=8
07-17 15:40:06.770: D/STATUSBAR-NetworkController(2417): refreshSignalCluster: data=0 bt=false
07-17 15:40:06.770: D/STATUSBAR-SignalClusterView(2417): mSeparateMobileGroup=8
07-17 15:40:06.770: D/STATUSBAR-SignalClusterView(2417): mSeparateMobileGroup=8
07-17 15:40:06.770: D/STATUSBAR-SignalClusterView(2417): mSeparateMobileGroup=8
07-17 15:40:07.465: I/libjingle(20281): VAdapt CPU Request: up Steps: 0 Changed: false To: 640x480
07-17 15:40:07.980: I/libjingle(20281): VAdapt Frame: scaled 0 / out 63630 / in 63630 Changes: 6 Input: 640x480 i33333333 Scale: 1 Output: 640x480 i33333333 Changed: false
07-17 15:40:09.465: I/libjingle(20281): VAdapt CPU Request: up Steps: 0 Changed: false To: 640x480
07-17 15:40:11.470: I/libjingle(20281): VAdapt CPU Request: up Steps: 0 Changed: false To: 640x480
07-17 15:40:12.785: D/STATUSBAR-NetworkController(2417): refreshSignalCluster: data=0 bt=false
07-17 15:40:12.785: D/STATUSBAR-SignalClusterView(2417): mSeparateMobileGroup=8
07-17 15:40:12.785: D/STATUSBAR-SignalClusterView(2417): mSeparateMobileGroup=8
07-17 15:40:12.785: D/STATUSBAR-SignalClusterView(2417): mSeparateMobileGroup=8
07-17 15:40:12.785: D/STATUSBAR-NetworkController(2417): refreshSignalCluster: data=0 bt=false
07-17 15:40:12.785: D/STATUSBAR-SignalClusterView(2417): mSeparateMobileGroup=8
07-17 15:40:12.790: D/STATUSBAR-SignalClusterView(2417): mSeparateMobileGroup=8
07-17 15:40:12.790: D/STATUSBAR-SignalClusterView(2417): mSeparateMobileGroup=8
07-17 15:40:13.390: I/libjingle(20281): VAdapt Frame: scaled 0 / out 63720 / in 63720 Changes: 6 Input: 640x480 i33333333 Scale: 1 Output: 640x480 i33333333 Changed: false
07-17 15:40:13.470: I/libjingle(20281): VAdapt CPU Request: up Steps: 0 Changed: false To: 640x480
07-17 15:40:13.785: D/STATUSBAR-NetworkController(2417): refreshSignalCluster: data=0 bt=false
07-17 15:40:13.785: D/STATUSBAR-SignalClusterView(2417): mSeparateMobileGroup=8
07-17 15:40:13.785: D/STATUSBAR-SignalClusterView(2417): mSeparateMobileGroup=8
07-17 15:40:13.785: D/STATUSBAR-SignalClusterView(2417): mSeparateMobileGroup=8
07-17 15:40:13.785: D/STATUSBAR-NetworkController(2417): refreshSignalCluster: data=0 bt=false
07-17 15:40:13.790: D/STATUSBAR-SignalClusterView(2417): mSeparateMobileGroup=8
07-17 15:40:13.790: D/STATUSBAR-SignalClusterView(2417): mSeparateMobileGroup=8
07-17 15:40:13.790: D/STATUSBAR-SignalClusterView(2417): mSeparateMobileGroup=8
07-17 15:40:14.790: D/STATUSBAR-NetworkController(2417): refreshSignalCluster: data=0 bt=false
07-17 15:40:14.790: D/STATUSBAR-SignalClusterView(2417): mSeparateMobileGroup=8
07-17 15:40:14.790: D/STATUSBAR-SignalClusterView(2417): mSeparateMobileGroup=8
07-17 15:40:14.790: D/STATUSBAR-SignalClusterView(2417): mSeparateMobileGroup=8
07-17 15:40:14.790: D/STATUSBAR-NetworkController(2417): refreshSignalCluster: data=0 bt=false
07-17 15:40:14.790: D/STATUSBAR-SignalClusterView(2417): mSeparateMobileGroup=8
07-17 15:40:14.790: D/STATUSBAR-SignalClusterView(2417): mSeparateMobileGroup=8
07-17 15:40:14.790: D/STATUSBAR-SignalClusterView(2417): mSeparateMobileGroup=8
07-17 15:40:15.475: I/libjingle(20281): VAdapt CPU Request: up Steps: 0 Changed: false To: 640x480
07-17 15:40:15.790: D/STATUSBAR-NetworkController(2417): refreshSignalCluster: data=0 bt=false
07-17 15:40:15.795: D/STATUSBAR-SignalClusterView(2417): mSeparateMobileGroup=8
07-17 15:40:15.795: D/STATUSBAR-SignalClusterView(2417): mSeparateMobileGroup=8
07-17 15:40:15.795: D/STATUSBAR-SignalClusterView(2417): mSeparateMobileGroup=8
07-17 15:40:15.795: D/STATUSBAR-NetworkController(2417): refreshSignalCluster: data=0 bt=false
07-17 15:40:15.795: D/STATUSBAR-SignalClusterView(2417): mSeparateMobileGroup=8
07-17 15:40:15.795: D/STATUSBAR-SignalClusterView(2417): mSeparateMobileGroup=8
07-17 15:40:15.795: D/STATUSBAR-SignalClusterView(2417): mSeparateMobileGroup=8
07-17 15:40:16.380: W/AlarmManager(2143): FACTORY_ON= 0
07-17 15:40:16.415: E/SPPClientService(4140): [PushClientService] onStartCommand. F:false, D:false, E:false, T:false, S:false, R:false
07-17 15:40:16.640: D/BatteryService(2143): update start
07-17 15:40:16.645: D/BatteryService(2143): level:80 scale:100 status:3 health:2 present:true voltage: 4004 temperature: 316 technology: Li-ion AC powered:false USB powered:true icon:17303195 invalid charger:0
07-17 15:40:16.650: D/STATUSBAR-BatteryController(2417): onReceive() - ACTION_BATTERY_CHANGED
07-17 15:40:16.655: D/STATUSBAR-BatteryController(2417): onReceive() - level:80
07-17 15:40:16.655: D/STATUSBAR-BatteryController(2417): onReceive() - plugged:2
07-17 15:40:16.655: D/STATUSBAR-BatteryController(2417): onReceive() - BATTERY_STATUS_DISCHARGING: tw_stat_sys_battery_usb_not_charge
07-17 15:40:16.660: E/MtpService(19825): In MTPAPP onReceive:android.intent.action.BATTERY_CHANGED
07-17 15:40:16.660: E/MtpService(19825): battPlugged Type : 2
07-17 15:40:16.665: W/AlarmManager(2143): FACTORY_ON= 0
07-17 15:40:16.795: D/STATUSBAR-NetworkController(2417): refreshSignalCluster: data=0 bt=false
07-17 15:40:16.795: D/STATUSBAR-SignalClusterView(2417): mSeparateMobileGroup=8
07-17 15:40:16.795: D/STATUSBAR-SignalClusterView(2417): mSeparateMobileGroup=8
07-17 15:40:16.795: D/STATUSBAR-SignalClusterView(2417): mSeparateMobileGroup=8
07-17 15:40:16.800: D/STATUSBAR-NetworkController(2417): refreshSignalCluster: data=0 bt=false
07-17 15:40:16.800: D/STATUSBAR-SignalClusterView(2417): mSeparateMobileGroup=8
07-17 15:40:16.800: D/STATUSBAR-SignalClusterView(2417): mSeparateMobileGroup=8
07-17 15:40:16.800: D/STATUSBAR-SignalClusterView(2417): mSeparateMobileGroup=8
07-17 15:40:17.475: I/libjingle(20281): VAdapt CPU Request: up Steps: 0 Changed: false To: 640x480
07-17 15:40:17.795: D/STATUSBAR-NetworkController(2417): refreshSignalCluster: data=0 bt=false
07-17 15:40:17.800: D/STATUSBAR-SignalClusterView(2417): mSeparateMobileGroup=8
07-17 15:40:17.800: D/STATUSBAR-SignalClusterView(2417): mSeparateMobileGroup=8
07-17 15:40:17.800: D/STATUSBAR-SignalClusterView(2417): mSeparateMobileGroup=8
07-17 15:40:17.800: D/STATUSBAR-NetworkController(2417): refreshSignalCluster: data=0 bt=false
07-17 15:40:17.800: D/STATUSBAR-SignalClusterView(2417): mSeparateMobileGroup=8
07-17 15:40:17.800: D/STATUSBAR-SignalClusterView(2417): mSeparateMobileGroup=8
07-17 15:40:17.800: D/STATUSBAR-SignalClusterView(2417): mSeparateMobileGroup=8
07-17 15:40:18.795: I/libjingle(20281): VAdapt Frame: scaled 0 / out 63810 / in 63810 Changes: 6 Input: 640x480 i33333333 Scale: 1 Output: 640x480 i33333333 Changed: false
07-17 15:40:19.480: I/libjingle(20281): VAdapt CPU Request: up Steps: 0 Changed: false To: 640x480
07-17 15:40:21.480: I/libjingle(20281): VAdapt CPU Request: up Steps: 0 Changed: false To: 640x480
07-17 15:40:22.810: D/STATUSBAR-NetworkController(2417): refreshSignalCluster: data=0 bt=false
07-17 15:40:22.810: D/STATUSBAR-SignalClusterView(2417): mSeparateMobileGroup=8
07-17 15:40:22.810: D/STATUSBAR-SignalClusterView(2417): mSeparateMobileGroup=8
07-17 15:40:22.810: D/STATUSBAR-SignalClusterView(2417): mSeparateMobileGroup=8
07-17 15:40:22.810: D/STATUSBAR-NetworkController(2417): refreshSignalCluster: data=0 bt=false
07-17 15:40:22.810: D/STATUSBAR-SignalClusterView(2417): mSeparateMobileGroup=8
07-17 15:40:22.810: D/STATUSBAR-SignalClusterView(2417): mSeparateMobileGroup=8
07-17 15:40:22.810: D/STATUSBAR-SignalClusterView(2417): mSeparateMobileGroup=8
07-17 15:40:23.480: I/libjingle(20281): VAdapt CPU Request: up Steps: 0 Changed: false To: 640x480
07-17 15:40:23.815: D/STATUSBAR-NetworkController(2417): refreshSignalCluster: data=0 bt=false
07-17 15:40:23.815: D/STATUSBAR-SignalClusterView(2417): mSeparateMobileGroup=8
07-17 15:40:23.815: D/STATUSBAR-SignalClusterView(2417): mSeparateMobileGroup=8
07-17 15:40:23.815: D/STATUSBAR-SignalClusterView(2417): mSeparateMobileGroup=8
07-17 15:40:23.815: D/STATUSBAR-NetworkController(2417): refreshSignalCluster: data=0 bt=false
07-17 15:40:23.815: D/STATUSBAR-SignalClusterView(2417): mSeparateMobileGroup=8
07-17 15:40:23.815: D/STATUSBAR-SignalClusterView(2417): mSeparateMobileGroup=8
07-17 15:40:23.815: D/STATUSBAR-SignalClusterView(2417): mSeparateMobileGroup=8
07-17 15:40:24.200: I/libjingle(20281): VAdapt Frame: scaled 0 / out 63900 / in 63900 Changes: 6 Input: 640x480 i33333333 Scale: 1 Output: 640x480 i33333333 Changed: false
07-17 15:40:24.815: D/STATUSBAR-NetworkController(2417): refreshSignalCluster: data=0 bt=false
07-17 15:40:24.815: D/STATUSBAR-SignalClusterView(2417): mSeparateMobileGroup=8
07-17 15:40:24.815: D/STATUSBAR-SignalClusterView(2417): mSeparateMobileGroup=8
07-17 15:40:24.815: D/STATUSBAR-SignalClusterView(2417): mSeparateMobileGroup=8
07-17 15:40:24.815: D/STATUSBAR-NetworkController(2417): refreshSignalCluster: data=0 bt=false
07-17 15:40:24.820: D/STATUSBAR-SignalClusterView(2417): mSeparateMobileGroup=8
07-17 15:40:24.820: D/STATUSBAR-SignalClusterView(2417): mSeparateMobileGroup=8
07-17 15:40:24.820: D/STATUSBAR-SignalClusterView(2417): mSeparateMobileGroup=8
07-17 15:40:25.485: I/libjingle(20281): VAdapt CPU Request: up Steps: 0 Changed: false To: 640x480
07-17 15:40:25.820: D/STATUSBAR-NetworkController(2417): refreshSignalCluster: data=0 bt=false
07-17 15:40:25.825: D/STATUSBAR-SignalClusterView(2417): mSeparateMobileGroup=8
07-17 15:40:25.825: D/STATUSBAR-SignalClusterView(2417): mSeparateMobileGroup=8
07-17 15:40:25.830: D/STATUSBAR-SignalClusterView(2417): mSeparateMobileGroup=8
07-17 15:40:25.830: D/STATUSBAR-NetworkController(2417): refreshSignalCluster: data=0 bt=false
07-17 15:40:25.835: D/STATUSBAR-SignalClusterView(2417): mSeparateMobileGroup=8
07-17 15:40:25.835: D/STATUSBAR-SignalClusterView(2417): mSeparateMobileGroup=8
07-17 15:40:25.835: D/STATUSBAR-SignalClusterView(2417): mSeparateMobileGroup=8
07-17 15:40:27.485: I/libjingle(20281): VAdapt CPU Request: up Steps: 0 Changed: false To: 640x480
07-17 15:40:29.485: I/libjingle(20281): VAdapt CPU Request: up Steps: 0 Changed: false To: 640x480
07-17 15:40:29.605: I/libjingle(20281): VAdapt Frame: scaled 0 / out 63990 / in 63990 Changes: 6 Input: 640x480 i33333333 Scale: 1 Output: 640x480 i33333333 Changed: false
07-17 15:40:30.420: E/Watchdog(2143): !@Sync 3044
07-17 15:40:31.490: I/libjingle(20281): VAdapt CPU Request: up Steps: 0 Changed: false To: 640x480
07-17 15:40:33.490: I/libjingle(20281): VAdapt CPU Request: up Steps: 0 Changed: false To: 640x480
07-17 15:40:34.795: D/PowerManagerService(2143): lightSensorChangedLocked value=21 immediate=false
07-17 15:40:34.795: D/PowerManagerService(2143): getAutoBrightnessValue : in bound ( 4 < 21 <= 69 )
07-17 15:40:34.795: D/PowerManagerService(2143): getAutoBrightnessValue : in bound ( 4 < 21 <= 69 )
07-17 15:40:34.800: D/PowerManagerService(2143): lcdValue 62
07-17 15:40:34.800: D/PowerManagerService(2143): buttonValue 62
07-17 15:40:34.800: D/PowerManagerService(2143): keyboardValue 0
07-17 15:40:34.800: D/PowerManagerService(2143): lightSensorChangedLocked : mKeyboardLight : 0
07-17 15:40:34.865: D/STATUSBAR-NetworkController(2417): refreshSignalCluster: data=0 bt=false
07-17 15:40:34.865: D/STATUSBAR-SignalClusterView(2417): mSeparateMobileGroup=8
07-17 15:40:34.865: D/STATUSBAR-SignalClusterView(2417): mSeparateMobileGroup=8
07-17 15:40:34.865: D/STATUSBAR-SignalClusterView(2417): mSeparateMobileGroup=8
07-17 15:40:34.865: D/STATUSBAR-NetworkController(2417): refreshSignalCluster: data=0 bt=false
07-17 15:40:34.865: D/STATUSBAR-SignalClusterView(2417): mSeparateMobileGroup=8
07-17 15:40:34.865: D/STATUSBAR-SignalClusterView(2417): mSeparateMobileGroup=8
07-17 15:40:34.865: D/STATUSBAR-SignalClusterView(2417): mSeparateMobileGroup=8
07-17 15:40:35.020: I/libjingle(20281): VAdapt Frame: scaled 0 / out 64080 / in 64080 Changes: 6 Input: 640x480 i33333333 Scale: 1 Output: 640x480 i33333333 Changed: false
07-17 15:40:35.395: D/dalvikvm(2143): GC_CONCURRENT freed 1931K, 47% free 26976K/50119K, paused 9ms+10ms, total 137ms
07-17 15:40:35.495: I/libjingle(20281): VAdapt CPU Request: up Steps: 0 Changed: false To: 640x480
07-17 15:40:35.865: D/STATUSBAR-NetworkController(2417): refreshSignalCluster: data=0 bt=false
07-17 15:40:35.865: D/STATUSBAR-SignalClusterView(2417): mSeparateMobileGroup=8
07-17 15:40:35.865: D/STATUSBAR-SignalClusterView(2417): mSeparateMobileGroup=8
07-17 15:40:35.870: D/STATUSBAR-SignalClusterView(2417): mSeparateMobileGroup=8
07-17 15:40:35.870: D/STATUSBAR-NetworkController(2417): refreshSignalCluster: data=0 bt=false
07-17 15:40:35.870: D/STATUSBAR-SignalClusterView(2417): mSeparateMobileGroup=8
07-17 15:40:35.870: D/STATUSBAR-SignalClusterView(2417): mSeparateMobileGroup=8
07-17 15:40:35.870: D/STATUSBAR-SignalClusterView(2417): mSeparateMobileGroup=8
07-17 15:40:37.495: I/libjingle(20281): VAdapt CPU Request: up Steps: 0 Changed: false To: 640x480
07-17 15:40:39.495: I/libjingle(20281): VAdapt CPU Request: up Steps: 0 Changed: false To: 640x480
07-17 15:40:40.425: I/libjingle(20281): VAdapt Frame: scaled 0 / out 64170 / in 64170 Changes: 6 Input: 640x480 i33333333 Scale: 1 Output: 640x480 i33333333 Changed: false
07-17 15:40:41.500: I/libjingle(20281): VAdapt CPU Request: up Steps: 0 Changed: false To: 640x480
07-17 15:40:43.505: I/libjingle(20281): VAdapt CPU Request: up Steps: 0 Changed: false To: 640x480
07-17 15:40:44.890: D/STATUSBAR-NetworkController(2417): refreshSignalCluster: data=0 bt=false
07-17 15:40:44.890: D/STATUSBAR-SignalClusterView(2417): mSeparateMobileGroup=8
07-17 15:40:44.890: D/STATUSBAR-SignalClusterView(2417): mSeparateMobileGroup=8
07-17 15:40:44.890: D/STATUSBAR-SignalClusterView(2417): mSeparateMobileGroup=8
07-17 15:40:44.890: D/STATUSBAR-NetworkController(2417): refreshSignalCluster: data=0 bt=false
07-17 15:40:44.890: D/STATUSBAR-SignalClusterView(2417): mSeparateMobileGroup=8
07-17 15:40:44.890: D/STATUSBAR-SignalClusterView(2417): mSeparateMobileGroup=8
07-17 15:40:44.890: D/STATUSBAR-SignalClusterView(2417): mSeparateMobileGroup=8
07-17 15:40:45.505: I/libjingle(20281): VAdapt CPU Request: up Steps: 0 Changed: false To: 640x480
07-17 15:40:45.830: I/libjingle(20281): VAdapt Frame: scaled 0 / out 64260 / in 64260 Changes: 6 Input: 640x480 i33333333 Scale: 1 Output: 640x480 i33333333 Changed: false
07-17 15:40:45.895: D/STATUSBAR-NetworkController(2417): refreshSignalCluster: data=0 bt=false
07-17 15:40:45.895: D/STATUSBAR-SignalClusterView(2417): mSeparateMobileGroup=8
07-17 15:40:45.895: D/STATUSBAR-SignalClusterView(2417): mSeparateMobileGroup=8
07-17 15:40:45.895: D/STATUSBAR-SignalClusterView(2417): mSeparateMobileGroup=8
07-17 15:40:45.895: D/STATUSBAR-NetworkController(2417): refreshSignalCluster: data=0 bt=false
07-17 15:40:45.895: D/STATUSBAR-SignalClusterView(2417): mSeparateMobileGroup=8
07-17 15:40:45.895: D/STATUSBAR-SignalClusterView(2417): mSeparateMobileGroup=8
07-17 15:40:45.895: D/STATUSBAR-SignalClusterView(2417): mSeparateMobileGroup=8
07-17 15:40:46.930: D/BatteryService(2143): update start
07-17 15:40:46.935: D/BatteryService(2143): level:80 scale:100 status:3 health:2 present:true voltage: 4005 temperature: 316 technology: Li-ion AC powered:false USB powered:true icon:17303195 invalid charger:0
07-17 15:40:46.945: D/STATUSBAR-BatteryController(2417): onReceive() - ACTION_BATTERY_CHANGED
07-17 15:40:46.945: D/STATUSBAR-BatteryController(2417): onReceive() - level:80
07-17 15:40:46.945: D/STATUSBAR-BatteryController(2417): onReceive() - plugged:2
07-17 15:40:46.945: D/STATUSBAR-BatteryController(2417): onReceive() - BATTERY_STATUS_DISCHARGING: tw_stat_sys_battery_usb_not_charge
07-17 15:40:46.950: E/MtpService(19825): In MTPAPP onReceive:android.intent.action.BATTERY_CHANGED
07-17 15:40:46.950: E/MtpService(19825): battPlugged Type : 2
07-17 15:40:46.955: W/AlarmManager(2143): FACTORY_ON= 0
07-17 15:40:47.515: I/libjingle(20281): VAdapt CPU Request: up Steps: 0 Changed: false To: 640x480
07-17 15:40:49.510: I/libjingle(20281): VAdapt CPU Request: up Steps: 0 Changed: false To: 640x480
07-17 15:40:49.900: D/STATUSBAR-NetworkController(2417): refreshSignalCluster: data=0 bt=false
07-17 15:40:49.905: D/STATUSBAR-SignalClusterView(2417): mSeparateMobileGroup=8
07-17 15:40:49.905: D/STATUSBAR-SignalClusterView(2417): mSeparateMobileGroup=8
07-17 15:40:49.905: D/STATUSBAR-SignalClusterView(2417): mSeparateMobileGroup=8
07-17 15:40:49.905: D/STATUSBAR-NetworkController(2417): refreshSignalCluster: data=0 bt=false
07-17 15:40:49.905: D/STATUSBAR-SignalClusterView(2417): mSeparateMobileGroup=8
07-17 15:40:49.905: D/STATUSBAR-SignalClusterView(2417): mSeparateMobileGroup=8
07-17 15:40:49.905: D/STATUSBAR-SignalClusterView(2417): mSeparateMobileGroup=8
07-17 15:40:50.905: D/STATUSBAR-NetworkController(2417): refreshSignalCluster: data=0 bt=false
07-17 15:40:50.905: D/STATUSBAR-SignalClusterView(2417): mSeparateMobileGroup=8
07-17 15:40:50.905: D/STATUSBAR-SignalClusterView(2417): mSeparateMobileGroup=8
07-17 15:40:50.905: D/STATUSBAR-SignalClusterView(2417): mSeparateMobileGroup=8
07-17 15:40:50.905: D/STATUSBAR-NetworkController(2417): refreshSignalCluster: data=0 bt=false
07-17 15:40:50.905: D/STATUSBAR-SignalClusterView(2417): mSeparateMobileGroup=8
07-17 15:40:50.905: D/STATUSBAR-SignalClusterView(2417): mSeparateMobileGroup=8
07-17 15:40:50.905: D/STATUSBAR-SignalClusterView(2417): mSeparateMobileGroup=8
07-17 15:40:51.235: I/libjingle(20281): VAdapt Frame: scaled 0 / out 64350 / in 64350 Changes: 6 Input: 640x480 i33333333 Scale: 1 Output: 640x480 i33333333 Changed: false
07-17 15:40:51.515: I/libjingle(20281): VAdapt CPU Request: up Steps: 0 Changed: false To: 640x480
07-17 15:40:52.910: D/STATUSBAR-NetworkController(2417): refreshSignalCluster: data=0 bt=false
07-17 15:40:52.910: D/STATUSBAR-SignalClusterView(2417): mSeparateMobileGroup=8
07-17 15:40:52.915: D/STATUSBAR-SignalClusterView(2417): mSeparateMobileGroup=8
07-17 15:40:52.915: D/STATUSBAR-SignalClusterView(2417): mSeparateMobileGroup=8
07-17 15:40:52.915: D/STATUSBAR-NetworkController(2417): refreshSignalCluster: data=0 bt=false
07-17 15:40:52.915: D/STATUSBAR-SignalClusterView(2417): mSeparateMobileGroup=8
07-17 15:40:52.920: D/STATUSBAR-SignalClusterView(2417): mSeparateMobileGroup=8
07-17 15:40:52.920: D/STATUSBAR-SignalClusterView(2417): mSeparateMobileGroup=8
07-17 15:40:53.520: I/libjingle(20281): VAdapt CPU Request: up Steps: 0 Changed: false To: 640x480
07-17 15:40:53.920: D/STATUSBAR-NetworkController(2417): refreshSignalCluster: data=0 bt=false
07-17 15:40:53.920: D/STATUSBAR-SignalClusterView(2417): mSeparateMobileGroup=8
07-17 15:40:53.920: D/STATUSBAR-SignalClusterView(2417): mSeparateMobileGroup=8
07-17 15:40:53.920: D/STATUSBAR-SignalClusterView(2417): mSeparateMobileGroup=8
07-17 15:40:53.920: D/STATUSBAR-NetworkController(2417): refreshSignalCluster: data=0 bt=false
07-17 15:40:53.920: D/STATUSBAR-SignalClusterView(2417): mSeparateMobileGroup=8
07-17 15:40:53.920: D/STATUSBAR-SignalClusterView(2417): mSeparateMobileGroup=8
07-17 15:40:53.920: D/STATUSBAR-SignalClusterView(2417): mSeparateMobileGroup=8
07-17 15:40:54.920: D/STATUSBAR-NetworkController(2417): refreshSignalCluster: data=0 bt=false
07-17 15:40:54.925: D/STATUSBAR-SignalClusterView(2417): mSeparateMobileGroup=8
07-17 15:40:54.925: D/STATUSBAR-SignalClusterView(2417): mSeparateMobileGroup=8
07-17 15:40:54.925: D/STATUSBAR-SignalClusterView(2417): mSeparateMobileGroup=8
07-17 15:40:54.925: D/STATUSBAR-NetworkController(2417): refreshSignalCluster: data=0 bt=false
07-17 15:40:54.925: D/STATUSBAR-SignalClusterView(2417): mSeparateMobileGroup=8
07-17 15:40:54.925: D/STATUSBAR-SignalClusterView(2417): mSeparateMobileGroup=8
07-17 15:40:54.925: D/STATUSBAR-SignalClusterView(2417): mSeparateMobileGroup=8
07-17 15:40:55.520: I/libjingle(20281): VAdapt CPU Request: up Steps: 0 Changed: false To: 640x480
07-17 15:40:55.930: D/STATUSBAR-NetworkController(2417): refreshSignalCluster: data=0 bt=false
07-17 15:40:55.930: D/STATUSBAR-SignalClusterView(2417): mSeparateMobileGroup=8
07-17 15:40:55.935: D/STATUSBAR-SignalClusterView(2417): mSeparateMobileGroup=8
07-17 15:40:55.935: D/STATUSBAR-SignalClusterView(2417): mSeparateMobileGroup=8
07-17 15:40:55.935: D/STATUSBAR-NetworkController(2417): refreshSignalCluster: data=0 bt=false
07-17 15:40:55.935: D/STATUSBAR-SignalClusterView(2417): mSeparateMobileGroup=8
07-17 15:40:55.935: D/STATUSBAR-SignalClusterView(2417): mSeparateMobileGroup=8
07-17 15:40:55.935: D/STATUSBAR-SignalClusterView(2417): mSeparateMobileGroup=8
07-17 15:40:56.645: I/libjingle(20281): VAdapt Frame: scaled 0 / out 64440 / in 64440 Changes: 6 Input: 640x480 i33333333 Scale: 1 Output: 640x480 i33333333 Changed: false
07-17 15:40:57.525: I/libjingle(20281): VAdapt CPU Request: up Steps: 0 Changed: false To: 640x480
07-17 15:40:59.525: I/libjingle(20281): VAdapt CPU Request: up Steps: 0 Changed: false To: 640x480
07-17 15:41:00.005: W/AlarmManager(2143): FACTORY_ON= 0
07-17 15:41:00.025: D/STATUSBAR-Clock(2417): onReceive() - ACTION_TIME_TICK
07-17 15:41:00.045: D/TextLayoutCache(2417): Cache value 0x5dc44480 deleted, size = 152
07-17 15:41:00.070: D/TextLayoutCache(2417): Cache value 0x5e1b61f0 deleted, size = 152
07-17 15:41:00.075: D/STATUSBAR-Clock(2417): onReceive() - ACTION_TIME_TICK
07-17 15:41:00.095: D/TextLayoutCache(2417): Cache value 0x5dc435f0 deleted, size = 152
07-17 15:41:00.420: E/Watchdog(2143): !@Sync 3045
07-17 15:41:01.530: I/libjingle(20281): VAdapt CPU Request: up Steps: 0 Changed: false To: 640x480
07-17 15:41:02.055: I/libjingle(20281): VAdapt Frame: scaled 0 / out 64530 / in 64530 Changes: 6 Input: 640x480 i33333333 Scale: 1 Output: 640x480 i33333333 Changed: false
07-17 15:41:03.530: I/libjingle(20281): VAdapt CPU Request: up Steps: 0 Changed: false To: 640x480
07-17 15:41:04.955: D/STATUSBAR-NetworkController(2417): refreshSignalCluster: data=0 bt=false
07-17 15:41:04.955: D/STATUSBAR-SignalClusterView(2417): mSeparateMobileGroup=8
07-17 15:41:04.960: D/STATUSBAR-SignalClusterView(2417): mSeparateMobileGroup=8
07-17 15:41:04.960: D/STATUSBAR-SignalClusterView(2417): mSeparateMobileGroup=8
07-17 15:41:04.960: D/STATUSBAR-NetworkController(2417): refreshSignalCluster: data=0 bt=false
07-17 15:41:04.960: D/STATUSBAR-SignalClusterView(2417): mSeparateMobileGroup=8
07-17 15:41:04.960: D/STATUSBAR-SignalClusterView(2417): mSeparateMobileGroup=8
07-17 15:41:04.960: D/STATUSBAR-SignalClusterView(2417): mSeparateMobileGroup=8
07-17 15:41:05.530: I/libjingle(20281): VAdapt CPU Request: up Steps: 0 Changed: false To: 640x480
07-17 15:41:05.960: D/STATUSBAR-NetworkController(2417): refreshSignalCluster: data=0 bt=false
07-17 15:41:05.960: D/STATUSBAR-SignalClusterView(2417): mSeparateMobileGroup=8
07-17 15:41:05.960: D/STATUSBAR-SignalClusterView(2417): mSeparateMobileGroup=8
07-17 15:41:05.960: D/STATUSBAR-SignalClusterView(2417): mSeparateMobileGroup=8
07-17 15:41:05.960: D/STATUSBAR-NetworkController(2417): refreshSignalCluster: data=0 bt=false
07-17 15:41:05.965: D/STATUSBAR-SignalClusterView(2417): mSeparateMobileGroup=8
07-17 15:41:05.965: D/STATUSBAR-SignalClusterView(2417): mSeparateMobileGroup=8
07-17 15:41:05.965: D/STATUSBAR-SignalClusterView(2417): mSeparateMobileGroup=8
07-17 15:41:07.460: I/libjingle(20281): VAdapt Frame: scaled 0 / out 64620 / in 64620 Changes: 6 Input: 640x480 i33333333 Scale: 1 Output: 640x480 i33333333 Changed: false
07-17 15:41:07.535: I/libjingle(20281): VAdapt CPU Request: up Steps: 0 Changed: false To: 640x480
07-17 15:41:08.735: D/dalvikvm(2143): GC_CONCURRENT freed 1925K, 47% free 26977K/50119K, paused 8ms+9ms, total 164ms
07-17 15:41:09.535: I/libjingle(20281): VAdapt CPU Request: up Steps: 0 Changed: false To: 640x480
07-17 15:41:11.540: I/libjingle(20281): VAdapt CPU Request: up Steps: 0 Changed: false To: 640x480
07-17 15:41:12.865: I/libjingle(20281): VAdapt Frame: scaled 0 / out 64710 / in 64710 Changes: 6 Input: 640x480 i33333333 Scale: 1 Output: 640x480 i33333333 Changed: false
07-17 15:41:13.545: I/libjingle(20281): VAdapt CPU Request: up Steps: 0 Changed: false To: 640x480
07-17 15:41:14.980: D/STATUSBAR-NetworkController(2417): refreshSignalCluster: data=0 bt=false
07-17 15:41:14.980: D/STATUSBAR-SignalClusterView(2417): mSeparateMobileGroup=8
07-17 15:41:14.980: D/STATUSBAR-SignalClusterView(2417): mSeparateMobileGroup=8
07-17 15:41:14.980: D/STATUSBAR-SignalClusterView(2417): mSeparateMobileGroup=8
07-17 15:41:14.980: D/STATUSBAR-NetworkController(2417): refreshSignalCluster: data=0 bt=false
07-17 15:41:14.985: D/STATUSBAR-SignalClusterView(2417): mSeparateMobileGroup=8
07-17 15:41:14.985: D/STATUSBAR-SignalClusterView(2417): mSeparateMobileGroup=8
07-17 15:41:14.985: D/STATUSBAR-SignalClusterView(2417): mSeparateMobileGroup=8
07-17 15:41:15.545: I/libjingle(20281): VAdapt CPU Request: up Steps: 0 Changed: false To: 640x480
07-17 15:41:15.980: D/STATUSBAR-NetworkController(2417): refreshSignalCluster: data=0 bt=false
07-17 15:41:15.985: D/STATUSBAR-SignalClusterView(2417): mSeparateMobileGroup=8
07-17 15:41:15.985: D/STATUSBAR-SignalClusterView(2417): mSeparateMobileGroup=8
07-17 15:41:15.985: D/STATUSBAR-SignalClusterView(2417): mSeparateMobileGroup=8
07-17 15:41:15.985: D/STATUSBAR-NetworkController(2417): refreshSignalCluster: data=0 bt=false
07-17 15:41:15.990: D/STATUSBAR-SignalClusterView(2417): mSeparateMobileGroup=8
07-17 15:41:15.990: D/STATUSBAR-SignalClusterView(2417): mSeparateMobileGroup=8
07-17 15:41:15.990: D/STATUSBAR-SignalClusterView(2417): mSeparateMobileGroup=8
07-17 15:41:17.550: I/libjingle(20281): VAdapt CPU Request: up Steps: 0 Changed: false To: 640x480
07-17 15:41:18.270: I/libjingle(20281): VAdapt Frame: scaled 0 / out 64800 / in 64800 Changes: 6 Input: 640x480 i33333333 Scale: 1 Output: 640x480 i33333333 Changed: false
07-17 15:41:19.550: I/libjingle(20281): VAdapt CPU Request: up Steps: 0 Changed: false To: 640x480
07-17 15:41:20.000: D/STATUSBAR-NetworkController(2417): refreshSignalCluster: data=0 bt=false
07-17 15:41:20.000: D/STATUSBAR-SignalClusterView(2417): mSeparateMobileGroup=8
07-17 15:41:20.000: D/STATUSBAR-SignalClusterView(2417): mSeparateMobileGroup=8
07-17 15:41:20.000: D/STATUSBAR-SignalClusterView(2417): mSeparateMobileGroup=8
07-17 15:41:20.005: D/STATUSBAR-NetworkController(2417): refreshSignalCluster: data=0 bt=false
07-17 15:41:20.010: D/STATUSBAR-SignalClusterView(2417): mSeparateMobileGroup=8
07-17 15:41:20.010: D/STATUSBAR-SignalClusterView(2417): mSeparateMobileGroup=8
07-17 15:41:20.010: D/STATUSBAR-SignalClusterView(2417): mSeparateMobileGroup=8
07-17 15:41:21.005: D/STATUSBAR-NetworkController(2417): refreshSignalCluster: data=0 bt=false
07-17 15:41:21.005: D/STATUSBAR-SignalClusterView(2417): mSeparateMobileGroup=8
07-17 15:41:21.005: D/STATUSBAR-SignalClusterView(2417): mSeparateMobileGroup=8
07-17 15:41:21.005: D/STATUSBAR-SignalClusterView(2417): mSeparateMobileGroup=8
07-17 15:41:21.005: D/STATUSBAR-NetworkController(2417): refreshSignalCluster: data=0 bt=false
07-17 15:41:21.005: D/STATUSBAR-SignalClusterView(2417): mSeparateMobileGroup=8
07-17 15:41:21.005: D/STATUSBAR-SignalClusterView(2417): mSeparateMobileGroup=8
07-17 15:41:21.005: D/STATUSBAR-SignalClusterView(2417): mSeparateMobileGroup=8
07-17 15:41:21.555: I/libjingle(20281): VAdapt CPU Request: up Steps: 0 Changed: false To: 640x480
07-17 15:41:22.050: E/WifiHW(2143): ##################### set firmware type 0 #####################
07-17 15:41:22.050: D/WifiStateMachine(2143): setWifiEnabled : WifiNative.setFwType(0)
07-17 15:41:22.065: D/WifiService(2143): startScan: false pid=1677, uid=10015
07-17 15:41:22.065: I/wpa_supplicant(3252): Scan requested (ret=0) - scan timeout 30 seconds
07-17 15:41:22.065: W/AlarmManager(2143): FACTORY_ON= 0
07-17 15:41:22.075: W/AlarmManager(2143): FACTORY_ON= 0
07-17 15:41:22.310: D/BatteryService(2143): update start
07-17 15:41:22.315: D/BatteryService(2143): level:80 scale:100 status:3 health:2 present:true voltage: 4002 temperature: 316 technology: Li-ion AC powered:false USB powered:true icon:17303195 invalid charger:0
07-17 15:41:22.320: D/STATUSBAR-BatteryController(2417): onReceive() - ACTION_BATTERY_CHANGED
07-17 15:41:22.320: D/STATUSBAR-BatteryController(2417): onReceive() - level:80
07-17 15:41:22.320: D/STATUSBAR-BatteryController(2417): onReceive() - plugged:2
07-17 15:41:22.320: D/STATUSBAR-BatteryController(2417): onReceive() - BATTERY_STATUS_DISCHARGING: tw_stat_sys_battery_usb_not_charge
07-17 15:41:22.325: E/MtpService(19825): In MTPAPP onReceive:android.intent.action.BATTERY_CHANGED
07-17 15:41:22.325: E/MtpService(19825): battPlugged Type : 2
07-17 15:41:22.330: W/AlarmManager(2143): FACTORY_ON= 0
07-17 15:41:23.010: D/STATUSBAR-NetworkController(2417): refreshSignalCluster: data=0 bt=false
07-17 15:41:23.010: D/STATUSBAR-SignalClusterView(2417): mSeparateMobileGroup=8
07-17 15:41:23.010: D/STATUSBAR-SignalClusterView(2417): mSeparateMobileGroup=8
07-17 15:41:23.010: D/STATUSBAR-SignalClusterView(2417): mSeparateMobileGroup=8
07-17 15:41:23.010: D/STATUSBAR-NetworkController(2417): refreshSignalCluster: data=0 bt=false
07-17 15:41:23.010: D/STATUSBAR-SignalClusterView(2417): mSeparateMobileGroup=8
07-17 15:41:23.015: D/STATUSBAR-SignalClusterView(2417): mSeparateMobileGroup=8
07-17 15:41:23.015: D/STATUSBAR-SignalClusterView(2417): mSeparateMobileGroup=8
07-17 15:41:23.560: I/libjingle(20281): VAdapt CPU Request: up Steps: 0 Changed: false To: 640x480
07-17 15:41:23.675: I/libjingle(20281): VAdapt Frame: scaled 0 / out 64890 / in 64890 Changes: 6 Input: 640x480 i33333333 Scale: 1 Output: 640x480 i33333333 Changed: false
07-17 15:41:24.020: D/STATUSBAR-NetworkController(2417): refreshSignalCluster: data=0 bt=false
07-17 15:41:24.020: D/STATUSBAR-SignalClusterView(2417): mSeparateMobileGroup=8
07-17 15:41:24.020: D/STATUSBAR-SignalClusterView(2417): mSeparateMobileGroup=8
07-17 15:41:24.020: D/STATUSBAR-SignalClusterView(2417): mSeparateMobileGroup=8
07-17 15:41:24.020: D/STATUSBAR-NetworkController(2417): refreshSignalCluster: data=0 bt=false
07-17 15:41:24.025: D/STATUSBAR-SignalClusterView(2417): mSeparateMobileGroup=8
07-17 15:41:24.025: D/STATUSBAR-SignalClusterView(2417): mSeparateMobileGroup=8
07-17 15:41:24.025: D/STATUSBAR-SignalClusterView(2417): mSeparateMobileGroup=8
07-17 15:41:25.025: D/STATUSBAR-NetworkController(2417): refreshSignalCluster: data=0 bt=false
07-17 15:41:25.025: D/STATUSBAR-SignalClusterView(2417): mSeparateMobileGroup=8
07-17 15:41:25.025: D/STATUSBAR-SignalClusterView(2417): mSeparateMobileGroup=8
07-17 15:41:25.025: D/STATUSBAR-SignalClusterView(2417): mSeparateMobileGroup=8
07-17 15:41:25.025: D/STATUSBAR-NetworkController(2417): refreshSignalCluster: data=0 bt=false
07-17 15:41:25.025: D/STATUSBAR-SignalClusterView(2417): mSeparateMobileGroup=8
07-17 15:41:25.030: D/STATUSBAR-SignalClusterView(2417): mSeparateMobileGroup=8
07-17 15:41:25.030: D/STATUSBAR-SignalClusterView(2417): mSeparateMobileGroup=8
07-17 15:41:25.565: I/libjingle(20281): VAdapt CPU Request: up Steps: 0 Changed: false To: 640x480
07-17 15:41:25.825: I/wpa_supplicant(3252): nl80211: Received scan results (19 BSSes)
07-17 15:41:25.830: D/Tethering(2143): interfaceLinkStateChanged wlan0, true
07-17 15:41:25.830: D/Tethering(2143): interfaceStatusChanged wlan0, true
07-17 15:41:25.990: E/WifiHW(2143): ##################### set firmware type 0 #####################
07-17 15:41:25.990: D/WifiStateMachine(2143): setWifiEnabled : WifiNative.setFwType(0)
07-17 15:41:25.990: W/AlarmManager(2143): FACTORY_ON= 0
07-17 15:41:26.025: D/STATUSBAR-NetworkController(2417): refreshSignalCluster: data=0 bt=false
07-17 15:41:26.025: D/STATUSBAR-SignalClusterView(2417): mSeparateMobileGroup=8
07-17 15:41:26.030: D/STATUSBAR-SignalClusterView(2417): mSeparateMobileGroup=8
07-17 15:41:26.030: D/STATUSBAR-SignalClusterView(2417): mSeparateMobileGroup=8
07-17 15:41:26.030: D/STATUSBAR-NetworkController(2417): refreshSignalCluster: data=0 bt=false
07-17 15:41:26.030: D/STATUSBAR-SignalClusterView(2417): mSeparateMobileGroup=8
07-17 15:41:26.030: D/STATUSBAR-SignalClusterView(2417): mSeparateMobileGroup=8
07-17 15:41:26.030: D/STATUSBAR-SignalClusterView(2417): mSeparateMobileGroup=8
07-17 15:41:27.030: D/STATUSBAR-NetworkController(2417): refreshSignalCluster: data=0 bt=false
07-17 15:41:27.030: D/STATUSBAR-SignalClusterView(2417): mSeparateMobileGroup=8
07-17 15:41:27.030: D/STATUSBAR-SignalClusterView(2417): mSeparateMobileGroup=8
07-17 15:41:27.030: D/STATUSBAR-SignalClusterView(2417): mSeparateMobileGroup=8
07-17 15:41:27.030: D/STATUSBAR-NetworkController(2417): refreshSignalCluster: data=0 bt=false
07-17 15:41:27.030: D/STATUSBAR-SignalClusterView(2417): mSeparateMobileGroup=8
07-17 15:41:27.030: D/STATUSBAR-SignalClusterView(2417): mSeparateMobileGroup=8
07-17 15:41:27.030: D/STATUSBAR-SignalClusterView(2417): mSeparateMobileGroup=8
07-17 15:41:27.565: I/libjingle(20281): VAdapt CPU Request: up Steps: 0 Changed: false To: 640x480
07-17 15:41:29.085: I/libjingle(20281): VAdapt Frame: scaled 0 / out 64980 / in 64980 Changes: 6 Input: 640x480 i33333333 Scale: 1 Output: 640x480 i33333333 Changed: false
07-17 15:41:29.565: I/libjingle(20281): VAdapt CPU Request: up Steps: 0 Changed: false To: 640x480
07-17 15:41:30.420: E/Watchdog(2143): !@Sync 3046
07-17 15:41:31.570: I/libjingle(20281): VAdapt CPU Request: up Steps: 0 Changed: false To: 640x480
07-17 15:41:33.575: I/libjingle(20281): VAdapt CPU Request: up Steps: 0 Changed: false To: 640x480
07-17 15:41:34.195: D/PowerManagerService(2143): lightSensorChangedLocked value=24 immediate=false
07-17 15:41:34.195: D/PowerManagerService(2143): getAutoBrightnessValue : in bound ( 4 < 24 <= 69 )
07-17 15:41:34.195: D/PowerManagerService(2143): getAutoBrightnessValue : in bound ( 4 < 24 <= 69 )
07-17 15:41:34.195: D/PowerManagerService(2143): lcdValue 62
07-17 15:41:34.200: D/PowerManagerService(2143): buttonValue 62
07-17 15:41:34.200: D/PowerManagerService(2143): keyboardValue 0
07-17 15:41:34.200: D/PowerManagerService(2143): lightSensorChangedLocked : mKeyboardLight : 0
07-17 15:41:34.490: I/libjingle(20281): VAdapt Frame: scaled 0 / out 65070 / in 65070 Changes: 6 Input: 640x480 i33333333 Scale: 1 Output: 640x480 i33333333 Changed: false
07-17 15:41:35.055: D/STATUSBAR-NetworkController(2417): refreshSignalCluster: data=0 bt=false
07-17 15:41:35.055: D/STATUSBAR-SignalClusterView(2417): mSeparateMobileGroup=8
07-17 15:41:35.055: D/STATUSBAR-SignalClusterView(2417): mSeparateMobileGroup=8
07-17 15:41:35.055: D/STATUSBAR-SignalClusterView(2417): mSeparateMobileGroup=8
07-17 15:41:35.055: D/STATUSBAR-NetworkController(2417): refreshSignalCluster: data=0 bt=false
07-17 15:41:35.055: D/STATUSBAR-SignalClusterView(2417): mSeparateMobileGroup=8
07-17 15:41:35.055: D/STATUSBAR-SignalClusterView(2417): mSeparateMobileGroup=8
07-17 15:41:35.055: D/STATUSBAR-SignalClusterView(2417): mSeparateMobileGroup=8
07-17 15:41:35.575: I/libjingle(20281): VAdapt CPU Request: up Steps: 0 Changed: false To: 640x480
07-17 15:41:36.055: D/STATUSBAR-NetworkController(2417): refreshSignalCluster: data=0 bt=false
07-17 15:41:36.055: D/STATUSBAR-SignalClusterView(2417): mSeparateMobileGroup=8
07-17 15:41:36.060: D/STATUSBAR-SignalClusterView(2417): mSeparateMobileGroup=8
07-17 15:41:36.060: D/STATUSBAR-SignalClusterView(2417): mSeparateMobileGroup=8
07-17 15:41:36.060: D/STATUSBAR-NetworkController(2417): refreshSignalCluster: data=0 bt=false
07-17 15:41:36.060: D/STATUSBAR-SignalClusterView(2417): mSeparateMobileGroup=8
07-17 15:41:36.060: D/STATUSBAR-SignalClusterView(2417): mSeparateMobileGroup=8
07-17 15:41:36.060: D/STATUSBAR-SignalClusterView(2417): mSeparateMobileGroup=8
07-17 15:41:37.550: D/dalvikvm(2143): GC_CONCURRENT freed 1938K, 47% free 26969K/50119K, paused 21ms+8ms, total 160ms
07-17 15:41:37.575: I/libjingle(20281): VAdapt CPU Request: up Steps: 0 Changed: false To: 640x480
07-17 15:41:39.580: I/libjingle(20281): VAdapt CPU Request: up Steps: 0 Changed: false To: 640x480
07-17 15:41:39.895: I/libjingle(20281): VAdapt Frame: scaled 0 / out 65160 / in 65160 Changes: 6 Input: 640x480 i33333333 Scale: 1 Output: 640x480 i33333333 Changed: false
07-17 15:41:41.580: I/libjingle(20281): VAdapt CPU Request: up Steps: 0 Changed: false To: 640x480
07-17 15:41:43.585: I/libjingle(20281): VAdapt CPU Request: up Steps: 0 Changed: false To: 640x480
07-17 15:41:45.080: D/STATUSBAR-NetworkController(2417): refreshSignalCluster: data=0 bt=false
07-17 15:41:45.080: D/STATUSBAR-SignalClusterView(2417): mSeparateMobileGroup=8
07-17 15:41:45.080: D/STATUSBAR-SignalClusterView(2417): mSeparateMobileGroup=8
07-17 15:41:45.080: D/STATUSBAR-SignalClusterView(2417): mSeparateMobileGroup=8
07-17 15:41:45.080: D/STATUSBAR-NetworkController(2417): refreshSignalCluster: data=0 bt=false
07-17 15:41:45.085: D/STATUSBAR-SignalClusterView(2417): mSeparateMobileGroup=8
07-17 15:41:45.085: D/STATUSBAR-SignalClusterView(2417): mSeparateMobileGroup=8
07-17 15:41:45.085: D/STATUSBAR-SignalClusterView(2417): mSeparateMobileGroup=8
07-17 15:41:45.300: I/libjingle(20281): VAdapt Frame: scaled 0 / out 65250 / in 65250 Changes: 6 Input: 640x480 i33333333 Scale: 1 Output: 640x480 i33333333 Changed: false
07-17 15:41:45.585: I/libjingle(20281): VAdapt CPU Request: up Steps: 0 Changed: false To: 640x480
07-17 15:41:46.085: D/STATUSBAR-NetworkController(2417): refreshSignalCluster: data=0 bt=false
07-17 15:41:46.085: D/STATUSBAR-SignalClusterView(2417): mSeparateMobileGroup=8
07-17 15:41:46.085: D/STATUSBAR-SignalClusterView(2417): mSeparateMobileGroup=8
07-17 15:41:46.085: D/STATUSBAR-SignalClusterView(2417): mSeparateMobileGroup=8
07-17 15:41:46.085: D/STATUSBAR-NetworkController(2417): refreshSignalCluster: data=0 bt=false
07-17 15:41:46.090: D/STATUSBAR-SignalClusterView(2417): mSeparateMobileGroup=8
07-17 15:41:46.090: D/STATUSBAR-SignalClusterView(2417): mSeparateMobileGroup=8
07-17 15:41:46.090: D/STATUSBAR-SignalClusterView(2417): mSeparateMobileGroup=8
07-17 15:41:47.590: I/libjingle(20281): VAdapt CPU Request: up Steps: 0 Changed: false To: 640x480
07-17 15:41:49.590: I/libjingle(20281): VAdapt CPU Request: up Steps: 0 Changed: false To: 640x480
07-17 15:41:50.090: D/STATUSBAR-NetworkController(2417): refreshSignalCluster: data=0 bt=false
07-17 15:41:50.090: D/STATUSBAR-SignalClusterView(2417): mSeparateMobileGroup=8
07-17 15:41:50.095: D/STATUSBAR-SignalClusterView(2417): mSeparateMobileGroup=8
07-17 15:41:50.095: D/STATUSBAR-SignalClusterView(2417): mSeparateMobileGroup=8
07-17 15:41:50.095: D/STATUSBAR-NetworkController(2417): refreshSignalCluster: data=0 bt=false
07-17 15:41:50.095: D/STATUSBAR-SignalClusterView(2417): mSeparateMobileGroup=8
07-17 15:41:50.095: D/STATUSBAR-SignalClusterView(2417): mSeparateMobileGroup=8
07-17 15:41:50.095: D/STATUSBAR-SignalClusterView(2417): mSeparateMobileGroup=8
07-17 15:41:50.710: I/libjingle(20281): VAdapt Frame: scaled 0 / out 65340 / in 65340 Changes: 6 Input: 640x480 i33333333 Scale: 1 Output: 640x480 i33333333 Changed: false
07-17 15:41:51.095: D/STATUSBAR-NetworkController(2417): refreshSignalCluster: data=0 bt=false
07-17 15:41:51.095: D/STATUSBAR-SignalClusterView(2417): mSeparateMobileGroup=8
07-17 15:41:51.095: D/STATUSBAR-SignalClusterView(2417): mSeparateMobileGroup=8
07-17 15:41:51.095: D/STATUSBAR-SignalClusterView(2417): mSeparateMobileGroup=8
07-17 15:41:51.095: D/STATUSBAR-NetworkController(2417): refreshSignalCluster: data=0 bt=false
07-17 15:41:51.095: D/STATUSBAR-SignalClusterView(2417): mSeparateMobileGroup=8
07-17 15:41:51.095: D/STATUSBAR-SignalClusterView(2417): mSeparateMobileGroup=8
07-17 15:41:51.095: D/STATUSBAR-SignalClusterView(2417): mSeparateMobileGroup=8
07-17 15:41:51.595: I/libjingle(20281): VAdapt CPU Request: up Steps: 0 Changed: false To: 640x480
07-17 15:41:53.100: D/STATUSBAR-NetworkController(2417): refreshSignalCluster: data=0 bt=false
07-17 15:41:53.100: D/STATUSBAR-SignalClusterView(2417): mSeparateMobileGroup=8
07-17 15:41:53.100: D/STATUSBAR-SignalClusterView(2417): mSeparateMobileGroup=8
07-17 15:41:53.100: D/STATUSBAR-SignalClusterView(2417): mSeparateMobileGroup=8
07-17 15:41:53.100: D/STATUSBAR-NetworkController(2417): refreshSignalCluster: data=0 bt=false
07-17 15:41:53.100: D/STATUSBAR-SignalClusterView(2417): mSeparateMobileGroup=8
07-17 15:41:53.100: D/STATUSBAR-SignalClusterView(2417): mSeparateMobileGroup=8
07-17 15:41:53.100: D/STATUSBAR-SignalClusterView(2417): mSeparateMobileGroup=8
07-17 15:41:53.595: I/libjingle(20281): VAdapt CPU Request: up Steps: 0 Changed: false To: 640x480
07-17 15:41:54.100: D/STATUSBAR-NetworkController(2417): refreshSignalCluster: data=0 bt=false
07-17 15:41:54.105: D/STATUSBAR-SignalClusterView(2417): mSeparateMobileGroup=8
07-17 15:41:54.105: D/STATUSBAR-SignalClusterView(2417): mSeparateMobileGroup=8
07-17 15:41:54.105: D/STATUSBAR-SignalClusterView(2417): mSeparateMobileGroup=8
07-17 15:41:54.105: D/STATUSBAR-NetworkController(2417): refreshSignalCluster: data=0 bt=false
07-17 15:41:54.105: D/STATUSBAR-SignalClusterView(2417): mSeparateMobileGroup=8
07-17 15:41:54.105: D/STATUSBAR-SignalClusterView(2417): mSeparateMobileGroup=8
07-17 15:41:54.105: D/STATUSBAR-SignalClusterView(2417): mSeparateMobileGroup=8
07-17 15:41:55.105: D/STATUSBAR-NetworkController(2417): refreshSignalCluster: data=0 bt=false
07-17 15:41:55.105: D/STATUSBAR-SignalClusterView(2417): mSeparateMobileGroup=8
07-17 15:41:55.110: D/STATUSBAR-SignalClusterView(2417): mSeparateMobileGroup=8
07-17 15:41:55.110: D/STATUSBAR-SignalClusterView(2417): mSeparateMobileGroup=8
07-17 15:41:55.110: D/STATUSBAR-NetworkController(2417): refreshSignalCluster: data=0 bt=false
07-17 15:41:55.110: D/STATUSBAR-SignalClusterView(2417): mSeparateMobileGroup=8
07-17 15:41:55.110: D/STATUSBAR-SignalClusterView(2417): mSeparateMobileGroup=8
07-17 15:41:55.110: D/STATUSBAR-SignalClusterView(2417): mSeparateMobileGroup=8
07-17 15:41:55.600: I/libjingle(20281): VAdapt CPU Request: up Steps: 0 Changed: false To: 640x480
07-17 15:41:56.110: D/STATUSBAR-NetworkController(2417): refreshSignalCluster: data=0 bt=false
07-17 15:41:56.110: D/STATUSBAR-SignalClusterView(2417): mSeparateMobileGroup=8
07-17 15:41:56.110: D/STATUSBAR-SignalClusterView(2417): mSeparateMobileGroup=8
07-17 15:41:56.110: D/STATUSBAR-SignalClusterView(2417): mSeparateMobileGroup=8
07-17 15:41:56.110: D/STATUSBAR-NetworkController(2417): refreshSignalCluster: data=0 bt=false
07-17 15:41:56.110: D/STATUSBAR-SignalClusterView(2417): mSeparateMobileGroup=8
07-17 15:41:56.115: D/STATUSBAR-SignalClusterView(2417): mSeparateMobileGroup=8
07-17 15:41:56.115: D/STATUSBAR-SignalClusterView(2417): mSeparateMobileGroup=8
07-17 15:41:56.120: I/libjingle(20281): VAdapt Frame: scaled 0 / out 65430 / in 65430 Changes: 6 Input: 640x480 i33333333 Scale: 1 Output: 640x480 i33333333 Changed: false
07-17 15:41:57.600: I/libjingle(20281): VAdapt CPU Request: up Steps: 0 Changed: false To: 640x480
07-17 15:41:59.210: D/SensorService(2143): info.rates.add, set DEFAULT_EVENTS_PERIOD
07-17 15:41:59.210: D/SensorService(2143): SensorDevice::activating sensor handle=0 ns=66667000 
07-17 15:41:59.210: D/iNemoSensor(2143): setDelay(): handle(0), en(66667000)
07-17 15:41:59.210: I/iNemoSensor(2143): skip update_delay wanted_accel = 66667000 current delay = 66667000
07-17 15:41:59.210: I/SensorService(2143): info.selectDelay() ns=20000000  
07-17 15:41:59.210: D/iNemoSensor(2143): setDelay(): handle(0), en(20000000)
07-17 15:41:59.210: I/iNemoSensor(2143): update_delay wanted_accel = 20000000
07-17 15:41:59.210: D/SensorService(2143): SensorDevice::setDelay, Return(true 1, false 0) =  1
07-17 15:41:59.210: D/SensorManager(1677): registerListener :: handle = 0  name= LSM330DLC 3-axis Accelerometer delay= 20000 Listener= kvo@41aa23c0
07-17 15:41:59.270: D/AkmSensor(2143): MeasureSNGLoop: interval.interval = 20000000, doze_max = 19600, prms->enabled = 2
07-17 15:41:59.455: D/BatteryService(2143): update start
07-17 15:41:59.460: D/BatteryService(2143): level:80 scale:100 status:3 health:2 present:true voltage: 4003 temperature: 317 technology: Li-ion AC powered:false USB powered:true icon:17303195 invalid charger:0
07-17 15:41:59.465: D/STATUSBAR-BatteryController(2417): onReceive() - ACTION_BATTERY_CHANGED
07-17 15:41:59.465: D/STATUSBAR-BatteryController(2417): onReceive() - level:80
07-17 15:41:59.465: D/STATUSBAR-BatteryController(2417): onReceive() - plugged:2
07-17 15:41:59.470: D/STATUSBAR-BatteryController(2417): onReceive() - BATTERY_STATUS_DISCHARGING: tw_stat_sys_battery_usb_not_charge
07-17 15:41:59.485: E/MtpService(19825): In MTPAPP onReceive:android.intent.action.BATTERY_CHANGED
07-17 15:41:59.490: E/MtpService(19825): battPlugged Type : 2
07-17 15:41:59.495: W/AlarmManager(2143): FACTORY_ON= 0
07-17 15:41:59.605: I/libjingle(20281): VAdapt CPU Request: up Steps: 0 Changed: false To: 640x480
07-17 15:41:59.780: D/SensorManager(1677): unregisterListener::  Listener= kvo@41aa23c0
07-17 15:41:59.780: D/Sensors(1677): Remain listener = Sending .. normal delay 200ms
07-17 15:41:59.785: I/Sensors(1677): sendDelay --- 200000000
07-17 15:41:59.785: I/SensorService(2143): info.selectDelay() ns=66667000  
07-17 15:41:59.785: D/iNemoSensor(2143): setDelay(): handle(0), en(66667000)
07-17 15:41:59.785: I/iNemoSensor(2143): update_delay wanted_accel = 66667000
07-17 15:41:59.785: D/SensorService(2143): SensorDevice::setDelay, Return(true 1, false 0) =  1
07-17 15:41:59.785: D/SensorManager(1677): JNI - sendDelay
07-17 15:41:59.785: I/SensorManager(1677): Set normal delay = true
07-17 15:41:59.785: D/SensorService(2143): SensorDevice::activating sensor handle=0 ns=66667000 
07-17 15:41:59.785: D/iNemoSensor(2143): setDelay(): handle(0), en(66667000)
07-17 15:41:59.785: I/iNemoSensor(2143): skip update_delay wanted_accel = 66667000 current delay = 66667000
07-17 15:41:59.800: D/AkmSensor(2143): MeasureSNGLoop: interval.interval = 66667000, doze_max = 65333, prms->enabled = 2
07-17 15:41:59.810: W/AlarmManager(2143): FACTORY_ON= 0
07-17 15:41:59.820: W/AlarmManager(2143): FACTORY_ON= 0
07-17 15:42:00.000: W/AlarmManager(2143): FACTORY_ON= 0
07-17 15:42:00.035: D/STATUSBAR-Clock(2417): onReceive() - ACTION_TIME_TICK
07-17 15:42:00.040: D/TextLayoutCache(2417): Cache value 0x5efe5098 deleted, size = 152
07-17 15:42:00.055: D/TextLayoutCache(2417): Cache value 0x606e7ef8 deleted, size = 152
07-17 15:42:00.055: D/STATUSBAR-Clock(2417): onReceive() - ACTION_TIME_TICK
07-17 15:42:00.075: D/TextLayoutCache(2417): Cache value 0x5eb4b450 deleted, size = 152
07-17 15:42:00.420: E/Watchdog(2143): !@Sync 3047
07-17 15:42:01.525: I/libjingle(20281): VAdapt Frame: scaled 0 / out 65520 / in 65520 Changes: 6 Input: 640x480 i33333333 Scale: 1 Output: 640x480 i33333333 Changed: false
07-17 15:42:01.605: I/libjingle(20281): VAdapt CPU Request: up Steps: 0 Changed: false To: 640x480
07-17 15:42:03.610: I/libjingle(20281): VAdapt CPU Request: up Steps: 0 Changed: false To: 640x480
07-17 15:42:05.135: D/STATUSBAR-NetworkController(2417): refreshSignalCluster: data=0 bt=false
07-17 15:42:05.140: D/STATUSBAR-SignalClusterView(2417): mSeparateMobileGroup=8
07-17 15:42:05.140: D/STATUSBAR-SignalClusterView(2417): mSeparateMobileGroup=8
07-17 15:42:05.140: D/STATUSBAR-SignalClusterView(2417): mSeparateMobileGroup=8
07-17 15:42:05.140: D/STATUSBAR-NetworkController(2417): refreshSignalCluster: data=0 bt=false
07-17 15:42:05.140: D/STATUSBAR-SignalClusterView(2417): mSeparateMobileGroup=8
07-17 15:42:05.140: D/STATUSBAR-SignalClusterView(2417): mSeparateMobileGroup=8
07-17 15:42:05.140: D/STATUSBAR-SignalClusterView(2417): mSeparateMobileGroup=8
07-17 15:42:05.615: I/libjingle(20281): VAdapt CPU Request: up Steps: 0 Changed: false To: 640x480
07-17 15:42:06.140: D/STATUSBAR-NetworkController(2417): refreshSignalCluster: data=0 bt=false
07-17 15:42:06.140: D/STATUSBAR-SignalClusterView(2417): mSeparateMobileGroup=8
07-17 15:42:06.140: D/STATUSBAR-SignalClusterView(2417): mSeparateMobileGroup=8
07-17 15:42:06.150: D/STATUSBAR-SignalClusterView(2417): mSeparateMobileGroup=8
07-17 15:42:06.150: D/STATUSBAR-NetworkController(2417): refreshSignalCluster: data=0 bt=false
07-17 15:42:06.150: D/STATUSBAR-SignalClusterView(2417): mSeparateMobileGroup=8
07-17 15:42:06.150: D/STATUSBAR-SignalClusterView(2417): mSeparateMobileGroup=8
07-17 15:42:06.150: D/STATUSBAR-SignalClusterView(2417): mSeparateMobileGroup=8
07-17 15:42:06.930: I/libjingle(20281): VAdapt Frame: scaled 0 / out 65610 / in 65610 Changes: 6 Input: 640x480 i33333333 Scale: 1 Output: 640x480 i33333333 Changed: false
07-17 15:42:07.615: I/libjingle(20281): VAdapt CPU Request: up Steps: 0 Changed: false To: 640x480
07-17 15:42:09.620: I/libjingle(20281): VAdapt CPU Request: up Steps: 0 Changed: false To: 640x480
07-17 15:42:09.995: D/PowerManagerService(2143): lightSensorChangedLocked value=21 immediate=false
