07-17 15:34:27.025: I/libjingle(20281): VAdapt CPU Request: up Steps: 0 Changed: false To: 640x480
07-17 15:34:27.355: I/libjingle(20281): VAdapt Frame: scaled 0 / out 57960 / in 57960 Changes: 6 Input: 640x480 i33333333 Scale: 1 Output: 640x480 i33333333 Changed: false
07-17 15:34:29.030: I/libjingle(20281): VAdapt CPU Request: up Steps: 0 Changed: false To: 640x480
07-17 15:34:29.415: E/MtpService(19825): In MTPAPP onReceive:android.intent.action.BATTERY_CHANGED
07-17 15:34:29.420: E/MtpService(19825): battPlugged Type : 2
07-17 15:34:29.420: W/AlarmManager(2143): FACTORY_ON= 0
07-17 15:34:30.410: E/Watchdog(2143): !@Sync 3032
07-17 15:34:31.030: I/libjingle(20281): VAdapt CPU Request: up Steps: 0 Changed: false To: 640x480
07-17 15:34:32.765: I/libjingle(20281): VAdapt Frame: scaled 0 / out 58050 / in 58050 Changes: 6 Input: 640x480 i33333333 Scale: 1 Output: 640x480 i33333333 Changed: false
07-17 15:34:33.030: I/libjingle(20281): VAdapt CPU Request: up Steps: 0 Changed: false To: 640x480
07-17 15:34:35.035: I/libjingle(20281): VAdapt CPU Request: up Steps: 0 Changed: false To: 640x480
07-17 15:34:37.035: I/libjingle(20281): VAdapt CPU Request: up Steps: 0 Changed: false To: 640x480
07-17 15:34:38.170: I/libjingle(20281): VAdapt Frame: scaled 0 / out 58140 / in 58140 Changes: 6 Input: 640x480 i33333333 Scale: 1 Output: 640x480 i33333333 Changed: false
07-17 15:34:39.040: I/libjingle(20281): VAdapt CPU Request: up Steps: 0 Changed: false To: 640x480
07-17 15:34:41.040: I/libjingle(20281): VAdapt CPU Request: up Steps: 0 Changed: false To: 640x480
07-17 15:34:43.045: I/libjingle(20281): VAdapt CPU Request: up Steps: 0 Changed: false To: 640x480
07-17 15:34:43.575: I/libjingle(20281): VAdapt Frame: scaled 0 / out 58230 / in 58230 Changes: 6 Input: 640x480 i33333333 Scale: 1 Output: 640x480 i33333333 Changed: false
07-17 15:34:45.045: I/libjingle(20281): VAdapt CPU Request: up Steps: 0 Changed: false To: 640x480
07-17 15:34:47.050: I/libjingle(20281): VAdapt CPU Request: up Steps: 0 Changed: false To: 640x480
07-17 15:34:48.985: I/libjingle(20281): VAdapt Frame: scaled 0 / out 58320 / in 58320 Changes: 6 Input: 640x480 i33333333 Scale: 1 Output: 640x480 i33333333 Changed: false
07-17 15:34:49.050: I/libjingle(20281): VAdapt CPU Request: up Steps: 0 Changed: false To: 640x480
07-17 15:34:51.050: I/libjingle(20281): VAdapt CPU Request: up Steps: 0 Changed: false To: 640x480
07-17 15:34:53.060: I/libjingle(20281): VAdapt CPU Request: up Steps: 0 Changed: false To: 640x480
07-17 15:34:54.395: I/libjingle(20281): VAdapt Frame: scaled 0 / out 58410 / in 58410 Changes: 6 Input: 640x480 i33333333 Scale: 1 Output: 640x480 i33333333 Changed: false
07-17 15:34:55.055: I/libjingle(20281): VAdapt CPU Request: up Steps: 0 Changed: false To: 640x480
07-17 15:34:57.060: I/libjingle(20281): VAdapt CPU Request: up Steps: 0 Changed: false To: 640x480
07-17 15:34:59.065: I/libjingle(20281): VAdapt CPU Request: up Steps: 0 Changed: false To: 640x480
07-17 15:34:59.705: E/MtpService(19825): In MTPAPP onReceive:android.intent.action.BATTERY_CHANGED
07-17 15:34:59.705: E/MtpService(19825): battPlugged Type : 2
07-17 15:34:59.710: W/AlarmManager(2143): FACTORY_ON= 0
07-17 15:34:59.800: I/libjingle(20281): VAdapt Frame: scaled 0 / out 58500 / in 58500 Changes: 6 Input: 640x480 i33333333 Scale: 1 Output: 640x480 i33333333 Changed: false
07-17 15:35:00.000: W/AlarmManager(2143): FACTORY_ON= 0
07-17 15:35:00.410: E/Watchdog(2143): !@Sync 3033
07-17 15:35:01.065: I/libjingle(20281): VAdapt CPU Request: up Steps: 0 Changed: false To: 640x480
07-17 15:35:03.065: I/libjingle(20281): VAdapt CPU Request: up Steps: 0 Changed: false To: 640x480
07-17 15:35:05.070: I/libjingle(20281): VAdapt CPU Request: up Steps: 0 Changed: false To: 640x480
07-17 15:35:05.205: I/libjingle(20281): VAdapt Frame: scaled 0 / out 58590 / in 58590 Changes: 6 Input: 640x480 i33333333 Scale: 1 Output: 640x480 i33333333 Changed: false
07-17 15:35:07.075: I/libjingle(20281): VAdapt CPU Request: up Steps: 0 Changed: false To: 640x480
07-17 15:35:09.075: I/libjingle(20281): VAdapt CPU Request: up Steps: 0 Changed: false To: 640x480
07-17 15:35:10.610: I/libjingle(20281): VAdapt Frame: scaled 0 / out 58680 / in 58680 Changes: 6 Input: 640x480 i33333333 Scale: 1 Output: 640x480 i33333333 Changed: false
07-17 15:35:11.075: I/libjingle(20281): VAdapt CPU Request: up Steps: 0 Changed: false To: 640x480
07-17 15:35:13.080: I/libjingle(20281): VAdapt CPU Request: up Steps: 0 Changed: false To: 640x480
07-17 15:35:15.080: I/libjingle(20281): VAdapt CPU Request: up Steps: 0 Changed: false To: 640x480
07-17 15:35:16.020: I/libjingle(20281): VAdapt Frame: scaled 0 / out 58770 / in 58770 Changes: 6 Input: 640x480 i33333333 Scale: 1 Output: 640x480 i33333333 Changed: false
07-17 15:35:17.085: I/libjingle(20281): VAdapt CPU Request: up Steps: 0 Changed: false To: 640x480
07-17 15:35:19.085: I/libjingle(20281): VAdapt CPU Request: up Steps: 0 Changed: false To: 640x480
07-17 15:35:21.085: I/libjingle(20281): VAdapt CPU Request: up Steps: 0 Changed: false To: 640x480
07-17 15:35:21.425: I/libjingle(20281): VAdapt Frame: scaled 0 / out 58860 / in 58860 Changes: 6 Input: 640x480 i33333333 Scale: 1 Output: 640x480 i33333333 Changed: false
07-17 15:35:23.090: I/libjingle(20281): VAdapt CPU Request: up Steps: 0 Changed: false To: 640x480
07-17 15:35:25.090: I/libjingle(20281): VAdapt CPU Request: up Steps: 0 Changed: false To: 640x480
07-17 15:35:25.235: W/ThrottleService(2143): unable to find stats for iface rmnet0
07-17 15:35:25.245: W/AlarmManager(2143): FACTORY_ON= 0
07-17 15:35:26.835: I/libjingle(20281): VAdapt Frame: scaled 0 / out 58950 / in 58950 Changes: 6 Input: 640x480 i33333333 Scale: 1 Output: 640x480 i33333333 Changed: false
07-17 15:35:27.095: I/libjingle(20281): VAdapt CPU Request: up Steps: 0 Changed: false To: 640x480
07-17 15:35:29.095: I/libjingle(20281): VAdapt CPU Request: up Steps: 0 Changed: false To: 640x480
07-17 15:35:30.000: E/MtpService(19825): In MTPAPP onReceive:android.intent.action.BATTERY_CHANGED
07-17 15:35:30.000: E/MtpService(19825): battPlugged Type : 2
07-17 15:35:30.000: W/AlarmManager(2143): FACTORY_ON= 0
07-17 15:35:30.410: E/Watchdog(2143): !@Sync 3034
07-17 15:35:31.100: I/libjingle(20281): VAdapt CPU Request: up Steps: 0 Changed: false To: 640x480
07-17 15:35:32.240: I/libjingle(20281): VAdapt Frame: scaled 0 / out 59040 / in 59040 Changes: 6 Input: 640x480 i33333333 Scale: 1 Output: 640x480 i33333333 Changed: false
07-17 15:35:33.100: I/libjingle(20281): VAdapt CPU Request: up Steps: 0 Changed: false To: 640x480
07-17 15:35:35.105: I/libjingle(20281): VAdapt CPU Request: up Steps: 0 Changed: false To: 640x480
07-17 15:35:37.105: I/libjingle(20281): VAdapt CPU Request: up Steps: 0 Changed: false To: 640x480
07-17 15:35:37.650: I/libjingle(20281): VAdapt Frame: scaled 0 / out 59130 / in 59130 Changes: 6 Input: 640x480 i33333333 Scale: 1 Output: 640x480 i33333333 Changed: false
07-17 15:35:39.110: I/libjingle(20281): VAdapt CPU Request: up Steps: 0 Changed: false To: 640x480
07-17 15:35:41.110: I/libjingle(20281): VAdapt CPU Request: up Steps: 0 Changed: false To: 640x480
07-17 15:35:43.050: I/libjingle(20281): VAdapt Frame: scaled 0 / out 59220 / in 59220 Changes: 6 Input: 640x480 i33333333 Scale: 1 Output: 640x480 i33333333 Changed: false
07-17 15:35:43.110: I/libjingle(20281): VAdapt CPU Request: up Steps: 0 Changed: false To: 640x480
07-17 15:35:45.115: I/libjingle(20281): VAdapt CPU Request: up Steps: 0 Changed: false To: 640x480
07-17 15:35:47.115: I/libjingle(20281): VAdapt CPU Request: up Steps: 0 Changed: false To: 640x480
07-17 15:35:48.460: I/libjingle(20281): VAdapt Frame: scaled 0 / out 59310 / in 59310 Changes: 6 Input: 640x480 i33333333 Scale: 1 Output: 640x480 i33333333 Changed: false
07-17 15:35:49.120: I/libjingle(20281): VAdapt CPU Request: up Steps: 0 Changed: false To: 640x480
07-17 15:35:51.120: I/libjingle(20281): VAdapt CPU Request: up Steps: 0 Changed: false To: 640x480
07-17 15:35:53.125: I/libjingle(20281): VAdapt CPU Request: up Steps: 0 Changed: false To: 640x480
07-17 15:35:53.865: I/libjingle(20281): VAdapt Frame: scaled 0 / out 59400 / in 59400 Changes: 6 Input: 640x480 i33333333 Scale: 1 Output: 640x480 i33333333 Changed: false
07-17 15:35:55.130: I/libjingle(20281): VAdapt CPU Request: up Steps: 0 Changed: false To: 640x480
07-17 15:35:57.130: I/libjingle(20281): VAdapt CPU Request: up Steps: 0 Changed: false To: 640x480
07-17 15:35:59.130: I/libjingle(20281): VAdapt CPU Request: up Steps: 0 Changed: false To: 640x480
07-17 15:35:59.270: I/libjingle(20281): VAdapt Frame: scaled 0 / out 59490 / in 59490 Changes: 6 Input: 640x480 i33333333 Scale: 1 Output: 640x480 i33333333 Changed: false
07-17 15:36:00.005: W/AlarmManager(2143): FACTORY_ON= 0
07-17 15:36:00.315: E/MtpService(19825): In MTPAPP onReceive:android.intent.action.BATTERY_CHANGED
07-17 15:36:00.315: E/MtpService(19825): battPlugged Type : 2
07-17 15:36:00.315: W/AlarmManager(2143): FACTORY_ON= 0
07-17 15:36:00.410: E/Watchdog(2143): !@Sync 3035
07-17 15:36:01.135: I/libjingle(20281): VAdapt CPU Request: up Steps: 0 Changed: false To: 640x480
07-17 15:36:03.140: I/libjingle(20281): VAdapt CPU Request: up Steps: 0 Changed: false To: 640x480
07-17 15:36:04.685: I/libjingle(20281): VAdapt Frame: scaled 0 / out 59580 / in 59580 Changes: 6 Input: 640x480 i33333333 Scale: 1 Output: 640x480 i33333333 Changed: false
07-17 15:36:05.140: I/libjingle(20281): VAdapt CPU Request: up Steps: 0 Changed: false To: 640x480
07-17 15:36:07.145: I/libjingle(20281): VAdapt CPU Request: up Steps: 0 Changed: false To: 640x480
07-17 15:36:09.145: I/libjingle(20281): VAdapt CPU Request: up Steps: 0 Changed: false To: 640x480
07-17 15:36:10.085: I/libjingle(20281): VAdapt Frame: scaled 0 / out 59670 / in 59670 Changes: 6 Input: 640x480 i33333333 Scale: 1 Output: 640x480 i33333333 Changed: false
07-17 15:36:11.150: I/libjingle(20281): VAdapt CPU Request: up Steps: 0 Changed: false To: 640x480
07-17 15:36:13.155: I/libjingle(20281): VAdapt CPU Request: up Steps: 0 Changed: false To: 640x480
07-17 15:36:15.155: I/libjingle(20281): VAdapt CPU Request: up Steps: 0 Changed: false To: 640x480
07-17 15:36:15.490: I/libjingle(20281): VAdapt Frame: scaled 0 / out 59760 / in 59760 Changes: 6 Input: 640x480 i33333333 Scale: 1 Output: 640x480 i33333333 Changed: false
07-17 15:36:17.160: I/libjingle(20281): VAdapt CPU Request: up Steps: 0 Changed: false To: 640x480
07-17 15:36:19.160: I/libjingle(20281): VAdapt CPU Request: up Steps: 0 Changed: false To: 640x480
07-17 15:36:20.900: I/libjingle(20281): VAdapt Frame: scaled 0 / out 59850 / in 59850 Changes: 6 Input: 640x480 i33333333 Scale: 1 Output: 640x480 i33333333 Changed: false
07-17 15:36:21.165: I/libjingle(20281): VAdapt CPU Request: up Steps: 0 Changed: false To: 640x480
07-17 15:36:23.165: I/libjingle(20281): VAdapt CPU Request: up Steps: 0 Changed: false To: 640x480
07-17 15:36:25.170: I/libjingle(20281): VAdapt CPU Request: up Steps: 0 Changed: false To: 640x480
07-17 15:36:26.305: I/libjingle(20281): VAdapt Frame: scaled 0 / out 59940 / in 59940 Changes: 6 Input: 640x480 i33333333 Scale: 1 Output: 640x480 i33333333 Changed: false
07-17 15:36:27.170: I/libjingle(20281): VAdapt CPU Request: up Steps: 0 Changed: false To: 640x480
07-17 15:36:29.175: I/libjingle(20281): VAdapt CPU Request: up Steps: 0 Changed: false To: 640x480
07-17 15:36:30.410: E/Watchdog(2143): !@Sync 3036
07-17 15:36:31.175: I/libjingle(20281): VAdapt CPU Request: up Steps: 0 Changed: false To: 640x480
07-17 15:36:31.710: I/libjingle(20281): VAdapt Frame: scaled 0 / out 60030 / in 60030 Changes: 6 Input: 640x480 i33333333 Scale: 1 Output: 640x480 i33333333 Changed: false
07-17 15:36:33.180: I/libjingle(20281): VAdapt CPU Request: up Steps: 0 Changed: false To: 640x480
07-17 15:36:35.180: I/libjingle(20281): VAdapt CPU Request: up Steps: 0 Changed: false To: 640x480
07-17 15:36:37.015: E/WifiHW(2143): ##################### set firmware type 0 #####################
07-17 15:36:37.020: W/AlarmManager(2143): FACTORY_ON= 0
07-17 15:36:37.030: I/wpa_supplicant(3252): Scan requested (ret=0) - scan timeout 30 seconds
07-17 15:36:37.040: W/AlarmManager(2143): FACTORY_ON= 0
07-17 15:36:37.115: I/libjingle(20281): VAdapt Frame: scaled 0 / out 60120 / in 60120 Changes: 6 Input: 640x480 i33333333 Scale: 1 Output: 640x480 i33333333 Changed: false
07-17 15:36:37.190: I/libjingle(20281): VAdapt CPU Request: up Steps: 0 Changed: false To: 640x480
07-17 15:36:37.310: E/MtpService(19825): In MTPAPP onReceive:android.intent.action.BATTERY_CHANGED
07-17 15:36:37.310: E/MtpService(19825): battPlugged Type : 2
07-17 15:36:37.315: W/AlarmManager(2143): FACTORY_ON= 0
07-17 15:36:39.190: I/libjingle(20281): VAdapt CPU Request: up Steps: 0 Changed: false To: 640x480
07-17 15:36:40.815: I/wpa_supplicant(3252): nl80211: Received scan results (26 BSSes)
07-17 15:36:41.000: E/WifiHW(2143): ##################### set firmware type 0 #####################
07-17 15:36:41.000: W/AlarmManager(2143): FACTORY_ON= 0
07-17 15:36:41.190: I/libjingle(20281): VAdapt CPU Request: up Steps: 0 Changed: false To: 640x480
07-17 15:36:42.525: I/libjingle(20281): VAdapt Frame: scaled 0 / out 60210 / in 60210 Changes: 6 Input: 640x480 i33333333 Scale: 1 Output: 640x480 i33333333 Changed: false
07-17 15:36:43.195: I/libjingle(20281): VAdapt CPU Request: up Steps: 0 Changed: false To: 640x480
07-17 15:36:45.195: I/libjingle(20281): VAdapt CPU Request: up Steps: 0 Changed: false To: 640x480
07-17 15:36:47.200: I/libjingle(20281): VAdapt CPU Request: up Steps: 0 Changed: false To: 640x480
07-17 15:36:47.930: I/libjingle(20281): VAdapt Frame: scaled 0 / out 60300 / in 60300 Changes: 6 Input: 640x480 i33333333 Scale: 1 Output: 640x480 i33333333 Changed: false
07-17 15:36:49.200: I/libjingle(20281): VAdapt CPU Request: up Steps: 0 Changed: false To: 640x480
07-17 15:36:51.205: I/libjingle(20281): VAdapt CPU Request: up Steps: 0 Changed: false To: 640x480
07-17 15:36:53.210: I/libjingle(20281): VAdapt CPU Request: up Steps: 0 Changed: false To: 640x480
07-17 15:36:53.340: I/libjingle(20281): VAdapt Frame: scaled 0 / out 60390 / in 60390 Changes: 6 Input: 640x480 i33333333 Scale: 1 Output: 640x480 i33333333 Changed: false
07-17 15:36:55.210: I/libjingle(20281): VAdapt CPU Request: up Steps: 0 Changed: false To: 640x480
07-17 15:36:57.210: I/libjingle(20281): VAdapt CPU Request: up Steps: 0 Changed: false To: 640x480
07-17 15:36:58.745: I/libjingle(20281): VAdapt Frame: scaled 0 / out 60480 / in 60480 Changes: 6 Input: 640x480 i33333333 Scale: 1 Output: 640x480 i33333333 Changed: false
07-17 15:36:59.215: I/libjingle(20281): VAdapt CPU Request: up Steps: 0 Changed: false To: 640x480
07-17 15:37:00.010: W/AlarmManager(2143): FACTORY_ON= 0
07-17 15:37:00.410: E/Watchdog(2143): !@Sync 3037
07-17 15:37:01.215: I/libjingle(20281): VAdapt CPU Request: up Steps: 0 Changed: false To: 640x480
07-17 15:37:03.215: I/libjingle(20281): VAdapt CPU Request: up Steps: 0 Changed: false To: 640x480
07-17 15:37:04.150: I/libjingle(20281): VAdapt Frame: scaled 0 / out 60570 / in 60570 Changes: 6 Input: 640x480 i33333333 Scale: 1 Output: 640x480 i33333333 Changed: false
07-17 15:37:05.220: I/libjingle(20281): VAdapt CPU Request: up Steps: 0 Changed: false To: 640x480
07-17 15:37:07.225: I/libjingle(20281): VAdapt CPU Request: up Steps: 0 Changed: false To: 640x480
07-17 15:37:07.600: E/MtpService(19825): In MTPAPP onReceive:android.intent.action.BATTERY_CHANGED
07-17 15:37:07.600: E/MtpService(19825): battPlugged Type : 2
07-17 15:37:07.600: W/AlarmManager(2143): FACTORY_ON= 0
07-17 15:37:09.225: I/libjingle(20281): VAdapt CPU Request: up Steps: 0 Changed: false To: 640x480
07-17 15:37:09.560: I/libjingle(20281): VAdapt Frame: scaled 0 / out 60660 / in 60660 Changes: 6 Input: 640x480 i33333333 Scale: 1 Output: 640x480 i33333333 Changed: false
07-17 15:37:11.225: I/libjingle(20281): VAdapt CPU Request: up Steps: 0 Changed: false To: 640x480
07-17 15:37:13.230: I/libjingle(20281): VAdapt CPU Request: up Steps: 0 Changed: false To: 640x480
07-17 15:37:14.965: I/libjingle(20281): VAdapt Frame: scaled 0 / out 60750 / in 60750 Changes: 6 Input: 640x480 i33333333 Scale: 1 Output: 640x480 i33333333 Changed: false
07-17 15:37:15.230: I/libjingle(20281): VAdapt CPU Request: up Steps: 0 Changed: false To: 640x480
07-17 15:37:17.235: I/libjingle(20281): VAdapt CPU Request: up Steps: 0 Changed: false To: 640x480
07-17 15:37:19.235: I/libjingle(20281): VAdapt CPU Request: up Steps: 0 Changed: false To: 640x480
07-17 15:37:20.370: I/libjingle(20281): VAdapt Frame: scaled 0 / out 60840 / in 60840 Changes: 6 Input: 640x480 i33333333 Scale: 1 Output: 640x480 i33333333 Changed: false
07-17 15:37:21.240: I/libjingle(20281): VAdapt CPU Request: up Steps: 0 Changed: false To: 640x480
07-17 15:37:23.240: I/libjingle(20281): VAdapt CPU Request: up Steps: 0 Changed: false To: 640x480
07-17 15:37:25.245: I/libjingle(20281): VAdapt CPU Request: up Steps: 0 Changed: false To: 640x480
07-17 15:37:25.780: I/libjingle(20281): VAdapt Frame: scaled 0 / out 60930 / in 60930 Changes: 6 Input: 640x480 i33333333 Scale: 1 Output: 640x480 i33333333 Changed: false
07-17 15:37:27.250: I/libjingle(20281): VAdapt CPU Request: up Steps: 0 Changed: false To: 640x480
07-17 15:37:29.250: I/libjingle(20281): VAdapt CPU Request: up Steps: 0 Changed: false To: 640x480
07-17 15:37:30.415: E/Watchdog(2143): !@Sync 3038
07-17 15:37:31.190: I/libjingle(20281): VAdapt Frame: scaled 0 / out 61020 / in 61020 Changes: 6 Input: 640x480 i33333333 Scale: 1 Output: 640x480 i33333333 Changed: false
07-17 15:37:31.250: I/libjingle(20281): VAdapt CPU Request: up Steps: 0 Changed: false To: 640x480
07-17 15:37:33.255: I/libjingle(20281): VAdapt CPU Request: up Steps: 0 Changed: false To: 640x480
07-17 15:37:35.255: I/libjingle(20281): VAdapt CPU Request: up Steps: 0 Changed: false To: 640x480
07-17 15:37:36.595: I/libjingle(20281): VAdapt Frame: scaled 0 / out 61110 / in 61110 Changes: 6 Input: 640x480 i33333333 Scale: 1 Output: 640x480 i33333333 Changed: false
07-17 15:37:37.260: I/libjingle(20281): VAdapt CPU Request: up Steps: 0 Changed: false To: 640x480
07-17 15:37:39.260: I/libjingle(20281): VAdapt CPU Request: up Steps: 0 Changed: false To: 640x480
07-17 15:37:41.265: I/libjingle(20281): VAdapt CPU Request: up Steps: 0 Changed: false To: 640x480
07-17 15:37:41.920: I/dhcpcd(1767):  dhcp main start  
07-17 15:37:41.925: I/dhcpcd(14325): enter handle_signal in dhcpcd.c
07-17 15:37:42.010: I/libjingle(20281): VAdapt Frame: scaled 0 / out 61200 / in 61200 Changes: 6 Input: 640x480 i33333333 Scale: 1 Output: 640x480 i33333333 Changed: false
07-17 15:37:42.075: E/MtpService(19825): In MTPAPP onReceive:android.intent.action.BATTERY_CHANGED
07-17 15:37:42.075: E/MtpService(19825): battPlugged Type : 2
07-17 15:37:42.075: W/AlarmManager(2143): FACTORY_ON= 0
07-17 15:37:42.105: W/AlarmManager(2143): FACTORY_ON= 0
07-17 15:37:42.125: I/WifiStateMachine(2143): DHCP renew post action!!! - Don't need to make state transition
07-17 15:37:43.265: I/libjingle(20281): VAdapt CPU Request: up Steps: 0 Changed: false To: 640x480
07-17 15:37:45.265: I/libjingle(20281): VAdapt CPU Request: up Steps: 0 Changed: false To: 640x480
07-17 15:37:47.270: I/libjingle(20281): VAdapt CPU Request: up Steps: 0 Changed: false To: 640x480
07-17 15:37:47.410: I/libjingle(20281): VAdapt Frame: scaled 0 / out 61290 / in 61290 Changes: 6 Input: 640x480 i33333333 Scale: 1 Output: 640x480 i33333333 Changed: false
07-17 15:37:49.270: I/libjingle(20281): VAdapt CPU Request: up Steps: 0 Changed: false To: 640x480
07-17 15:37:51.275: I/libjingle(20281): VAdapt CPU Request: up Steps: 0 Changed: false To: 640x480
07-17 15:37:52.815: I/libjingle(20281): VAdapt Frame: scaled 0 / out 61380 / in 61380 Changes: 6 Input: 640x480 i33333333 Scale: 1 Output: 640x480 i33333333 Changed: false
07-17 15:37:53.275: I/libjingle(20281): VAdapt CPU Request: up Steps: 0 Changed: false To: 640x480
07-17 15:37:55.285: I/libjingle(20281): VAdapt CPU Request: up Steps: 0 Changed: false To: 640x480
07-17 15:37:57.290: I/libjingle(20281): VAdapt CPU Request: up Steps: 0 Changed: false To: 640x480
07-17 15:37:58.220: I/libjingle(20281): VAdapt Frame: scaled 0 / out 61470 / in 61470 Changes: 6 Input: 640x480 i33333333 Scale: 1 Output: 640x480 i33333333 Changed: false
07-17 15:37:59.295: I/libjingle(20281): VAdapt CPU Request: up Steps: 0 Changed: false To: 640x480
07-17 15:38:00.000: W/AlarmManager(2143): FACTORY_ON= 0
07-17 15:38:00.415: E/Watchdog(2143): !@Sync 3039
07-17 15:38:00.525: I/iNemoSensor(2143): skip update_delay wanted_accel = 66667000 current delay = 66667000
07-17 15:38:00.525: I/SensorService(2143): info.selectDelay() ns=20000000  
07-17 15:38:00.525: I/iNemoSensor(2143): update_delay wanted_accel = 20000000
07-17 15:38:01.045: I/Sensors(1677): sendDelay --- 200000000
07-17 15:38:01.045: I/SensorService(2143): info.selectDelay() ns=66667000  
07-17 15:38:01.050: I/iNemoSensor(2143): update_delay wanted_accel = 66667000
07-17 15:38:01.050: I/SensorManager(1677): Set normal delay = true
07-17 15:38:01.050: I/iNemoSensor(2143): skip update_delay wanted_accel = 66667000 current delay = 66667000
07-17 15:38:01.070: W/AlarmManager(2143): FACTORY_ON= 0
07-17 15:38:01.075: W/AlarmManager(2143): FACTORY_ON= 0
07-17 15:38:01.300: I/libjingle(20281): VAdapt CPU Request: up Steps: 0 Changed: false To: 640x480
07-17 15:38:03.300: I/libjingle(20281): VAdapt CPU Request: up Steps: 0 Changed: false To: 640x480
07-17 15:38:03.625: I/libjingle(20281): VAdapt Frame: scaled 0 / out 61560 / in 61560 Changes: 6 Input: 640x480 i33333333 Scale: 1 Output: 640x480 i33333333 Changed: false
07-17 15:38:05.310: I/libjingle(20281): VAdapt CPU Request: up Steps: 0 Changed: false To: 640x480
07-17 15:38:07.310: I/libjingle(20281): VAdapt CPU Request: up Steps: 0 Changed: false To: 640x480
07-17 15:38:09.030: I/libjingle(20281): VAdapt Frame: scaled 0 / out 61650 / in 61650 Changes: 6 Input: 640x480 i33333333 Scale: 1 Output: 640x480 i33333333 Changed: false
07-17 15:38:09.315: I/libjingle(20281): VAdapt CPU Request: up Steps: 0 Changed: false To: 640x480
07-17 15:38:11.320: I/libjingle(20281): VAdapt CPU Request: up Steps: 0 Changed: false To: 640x480
07-17 15:38:12.370: E/MtpService(19825): In MTPAPP onReceive:android.intent.action.BATTERY_CHANGED
07-17 15:38:12.370: E/MtpService(19825): battPlugged Type : 2
07-17 15:38:12.370: W/AlarmManager(2143): FACTORY_ON= 0
07-17 15:38:13.320: I/libjingle(20281): VAdapt CPU Request: up Steps: 0 Changed: false To: 640x480
07-17 15:38:14.440: I/libjingle(20281): VAdapt Frame: scaled 0 / out 61740 / in 61740 Changes: 6 Input: 640x480 i33333333 Scale: 1 Output: 640x480 i33333333 Changed: false
07-17 15:38:15.325: I/libjingle(20281): VAdapt CPU Request: up Steps: 0 Changed: false To: 640x480
07-17 15:38:17.325: I/libjingle(20281): VAdapt CPU Request: up Steps: 0 Changed: false To: 640x480
07-17 15:38:19.330: I/libjingle(20281): VAdapt CPU Request: up Steps: 0 Changed: false To: 640x480
07-17 15:38:19.845: I/libjingle(20281): VAdapt Frame: scaled 0 / out 61830 / in 61830 Changes: 6 Input: 640x480 i33333333 Scale: 1 Output: 640x480 i33333333 Changed: false
07-17 15:38:21.330: I/libjingle(20281): VAdapt CPU Request: up Steps: 0 Changed: false To: 640x480
07-17 15:38:23.335: I/libjingle(20281): VAdapt CPU Request: up Steps: 0 Changed: false To: 640x480
07-17 15:38:25.250: I/libjingle(20281): VAdapt Frame: scaled 0 / out 61920 / in 61920 Changes: 6 Input: 640x480 i33333333 Scale: 1 Output: 640x480 i33333333 Changed: false
07-17 15:38:25.335: I/libjingle(20281): VAdapt CPU Request: up Steps: 0 Changed: false To: 640x480
07-17 15:38:27.335: I/libjingle(20281): VAdapt CPU Request: up Steps: 0 Changed: false To: 640x480
07-17 15:38:29.340: I/libjingle(20281): VAdapt CPU Request: up Steps: 0 Changed: false To: 640x480
07-17 15:38:30.415: E/Watchdog(2143): !@Sync 3040
07-17 15:38:30.660: I/libjingle(20281): VAdapt Frame: scaled 0 / out 62010 / in 62010 Changes: 6 Input: 640x480 i33333333 Scale: 1 Output: 640x480 i33333333 Changed: false
07-17 15:38:31.345: I/libjingle(20281): VAdapt CPU Request: up Steps: 0 Changed: false To: 640x480
07-17 15:38:33.345: I/libjingle(20281): VAdapt CPU Request: up Steps: 0 Changed: false To: 640x480
07-17 15:38:35.350: I/libjingle(20281): VAdapt CPU Request: up Steps: 0 Changed: false To: 640x480
07-17 15:38:36.065: I/libjingle(20281): VAdapt Frame: scaled 0 / out 62100 / in 62100 Changes: 6 Input: 640x480 i33333333 Scale: 1 Output: 640x480 i33333333 Changed: false
07-17 15:38:37.350: I/libjingle(20281): VAdapt CPU Request: up Steps: 0 Changed: false To: 640x480
07-17 15:38:39.355: I/libjingle(20281): VAdapt CPU Request: up Steps: 0 Changed: false To: 640x480
07-17 15:38:41.355: I/libjingle(20281): VAdapt CPU Request: up Steps: 0 Changed: false To: 640x480
07-17 15:38:41.490: I/libjingle(20281): VAdapt Frame: scaled 0 / out 62190 / in 62190 Changes: 6 Input: 640x480 i33333333 Scale: 1 Output: 640x480 i33333333 Changed: false
07-17 15:38:42.655: E/MtpService(19825): In MTPAPP onReceive:android.intent.action.BATTERY_CHANGED
07-17 15:38:42.655: E/MtpService(19825): battPlugged Type : 2
07-17 15:38:42.655: W/AlarmManager(2143): FACTORY_ON= 0
07-17 15:38:43.360: I/libjingle(20281): VAdapt CPU Request: up Steps: 0 Changed: false To: 640x480
07-17 15:38:45.360: I/libjingle(20281): VAdapt CPU Request: up Steps: 0 Changed: false To: 640x480
07-17 15:38:46.880: I/libjingle(20281): VAdapt Frame: scaled 0 / out 62280 / in 62280 Changes: 6 Input: 640x480 i33333333 Scale: 1 Output: 640x480 i33333333 Changed: false
07-17 15:38:47.365: I/libjingle(20281): VAdapt CPU Request: up Steps: 0 Changed: false To: 640x480
07-17 15:38:49.365: I/libjingle(20281): VAdapt CPU Request: up Steps: 0 Changed: false To: 640x480
07-17 15:38:51.370: I/libjingle(20281): VAdapt CPU Request: up Steps: 0 Changed: false To: 640x480
07-17 15:38:52.285: I/libjingle(20281): VAdapt Frame: scaled 0 / out 62370 / in 62370 Changes: 6 Input: 640x480 i33333333 Scale: 1 Output: 640x480 i33333333 Changed: false
07-17 15:38:53.370: I/libjingle(20281): VAdapt CPU Request: up Steps: 0 Changed: false To: 640x480
07-17 15:38:55.370: I/libjingle(20281): VAdapt CPU Request: up Steps: 0 Changed: false To: 640x480
07-17 15:38:57.375: I/libjingle(20281): VAdapt CPU Request: up Steps: 0 Changed: false To: 640x480
07-17 15:38:57.695: I/libjingle(20281): VAdapt Frame: scaled 0 / out 62460 / in 62460 Changes: 6 Input: 640x480 i33333333 Scale: 1 Output: 640x480 i33333333 Changed: false
07-17 15:38:59.380: I/libjingle(20281): VAdapt CPU Request: up Steps: 0 Changed: false To: 640x480
07-17 15:39:00.000: W/AlarmManager(2143): FACTORY_ON= 0
07-17 15:39:00.415: E/Watchdog(2143): !@Sync 3041
07-17 15:39:01.380: I/libjingle(20281): VAdapt CPU Request: up Steps: 0 Changed: false To: 640x480
07-17 15:39:03.100: I/libjingle(20281): VAdapt Frame: scaled 0 / out 62550 / in 62550 Changes: 6 Input: 640x480 i33333333 Scale: 1 Output: 640x480 i33333333 Changed: false
07-17 15:39:03.380: I/libjingle(20281): VAdapt CPU Request: up Steps: 0 Changed: false To: 640x480
07-17 15:39:05.385: I/libjingle(20281): VAdapt CPU Request: up Steps: 0 Changed: false To: 640x480
07-17 15:39:07.385: I/libjingle(20281): VAdapt CPU Request: up Steps: 0 Changed: false To: 640x480
07-17 15:39:08.505: I/libjingle(20281): VAdapt Frame: scaled 0 / out 62640 / in 62640 Changes: 6 Input: 640x480 i33333333 Scale: 1 Output: 640x480 i33333333 Changed: false
07-17 15:39:09.390: I/libjingle(20281): VAdapt CPU Request: up Steps: 0 Changed: false To: 640x480
07-17 15:39:09.720: I/ContactAccountLoggerTas(6020): canRun() : Opted Out
07-17 15:39:09.720: I/Velvet.VelvetFactory(6020): refreshing search history.
07-17 15:39:09.725: W/GAV2(6020): Thread[Thread-800,5,main]: Need to call initialize() and be in fallback mode to start dispatch.
07-17 15:39:09.725: W/GAV2(6020): Thread[Thread-800,5,main]: dispatch call queued.  Need to call GAServiceManager.getInstance().initialize().
07-17 15:39:09.725: I/ContactAccountLoggerTas(6020): canRun() : Opted Out
07-17 15:39:09.800: W/GLSUser(7371): GoogleAccountDataService.getToken()
07-17 15:39:09.815: I/dalvikvm(6020): Could not find method android.webkit.WebSettings.getDefaultUserAgent, referenced from method cyj.ai
07-17 15:39:09.815: W/dalvikvm(6020): VFY: unable to resolve static method 4529: Landroid/webkit/WebSettings;.getDefaultUserAgent (Landroid/content/Context;)Ljava/lang/String;
07-17 15:39:10.590: I/ContactAccountLoggerTas(6020): canRun() : Opted Out
07-17 15:39:10.590: W/AlarmManager(2143): FACTORY_ON= 0
07-17 15:39:11.395: I/libjingle(20281): VAdapt CPU Request: up Steps: 0 Changed: false To: 640x480
07-17 15:39:12.945: E/MtpService(19825): In MTPAPP onReceive:android.intent.action.BATTERY_CHANGED
07-17 15:39:12.945: E/MtpService(19825): battPlugged Type : 2
07-17 15:39:12.945: W/AlarmManager(2143): FACTORY_ON= 0
07-17 15:39:13.395: I/libjingle(20281): VAdapt CPU Request: up Steps: 0 Changed: false To: 640x480
07-17 15:39:13.915: I/libjingle(20281): VAdapt Frame: scaled 0 / out 62730 / in 62730 Changes: 6 Input: 640x480 i33333333 Scale: 1 Output: 640x480 i33333333 Changed: false
07-17 15:39:14.780: I/GAV2(6020): Thread[GAThread,5,main]: No campaign data found.
07-17 15:39:15.400: I/libjingle(20281): VAdapt CPU Request: up Steps: 0 Changed: false To: 640x480
07-17 15:39:17.405: I/libjingle(20281): VAdapt CPU Request: up Steps: 0 Changed: false To: 640x480
07-17 15:39:19.325: I/libjingle(20281): VAdapt Frame: scaled 0 / out 62820 / in 62820 Changes: 6 Input: 640x480 i33333333 Scale: 1 Output: 640x480 i33333333 Changed: false
07-17 15:39:19.405: I/libjingle(20281): VAdapt CPU Request: up Steps: 0 Changed: false To: 640x480
07-17 15:39:21.410: I/libjingle(20281): VAdapt CPU Request: up Steps: 0 Changed: false To: 640x480
07-17 15:39:23.415: I/libjingle(20281): VAdapt CPU Request: up Steps: 0 Changed: false To: 640x480
07-17 15:39:24.730: I/libjingle(20281): VAdapt Frame: scaled 0 / out 62910 / in 62910 Changes: 6 Input: 640x480 i33333333 Scale: 1 Output: 640x480 i33333333 Changed: false
07-17 15:39:25.415: I/libjingle(20281): VAdapt CPU Request: up Steps: 0 Changed: false To: 640x480
07-17 15:39:27.420: I/libjingle(20281): VAdapt CPU Request: up Steps: 0 Changed: false To: 640x480
07-17 15:39:29.420: I/libjingle(20281): VAdapt CPU Request: up Steps: 0 Changed: false To: 640x480
07-17 15:39:30.135: I/libjingle(20281): VAdapt Frame: scaled 0 / out 63000 / in 63000 Changes: 6 Input: 640x480 i33333333 Scale: 1 Output: 640x480 i33333333 Changed: false
07-17 15:39:30.415: E/Watchdog(2143): !@Sync 3042
07-17 15:39:31.425: I/libjingle(20281): VAdapt CPU Request: up Steps: 0 Changed: false To: 640x480
07-17 15:39:33.425: I/libjingle(20281): VAdapt CPU Request: up Steps: 0 Changed: false To: 640x480
07-17 15:39:35.430: I/libjingle(20281): VAdapt CPU Request: up Steps: 0 Changed: false To: 640x480
07-17 15:39:35.545: I/libjingle(20281): VAdapt Frame: scaled 0 / out 63090 / in 63090 Changes: 6 Input: 640x480 i33333333 Scale: 1 Output: 640x480 i33333333 Changed: false
07-17 15:39:37.430: I/libjingle(20281): VAdapt CPU Request: up Steps: 0 Changed: false To: 640x480
07-17 15:39:39.435: I/libjingle(20281): VAdapt CPU Request: up Steps: 0 Changed: false To: 640x480
07-17 15:39:40.945: I/libjingle(20281): VAdapt Frame: scaled 0 / out 63180 / in 63180 Changes: 6 Input: 640x480 i33333333 Scale: 1 Output: 640x480 i33333333 Changed: false
07-17 15:39:41.435: I/libjingle(20281): VAdapt CPU Request: up Steps: 0 Changed: false To: 640x480
07-17 15:39:43.240: E/MtpService(19825): In MTPAPP onReceive:android.intent.action.BATTERY_CHANGED
07-17 15:39:43.245: E/MtpService(19825): battPlugged Type : 2
07-17 15:39:43.245: W/AlarmManager(2143): FACTORY_ON= 0
07-17 15:39:43.435: I/libjingle(20281): VAdapt CPU Request: up Steps: 0 Changed: false To: 640x480
07-17 15:39:45.440: I/libjingle(20281): VAdapt CPU Request: up Steps: 0 Changed: false To: 640x480
07-17 15:39:46.355: I/libjingle(20281): VAdapt Frame: scaled 0 / out 63270 / in 63270 Changes: 6 Input: 640x480 i33333333 Scale: 1 Output: 640x480 i33333333 Changed: false
07-17 15:39:47.440: I/libjingle(20281): VAdapt CPU Request: up Steps: 0 Changed: false To: 640x480
07-17 15:39:49.445: I/libjingle(20281): VAdapt CPU Request: up Steps: 0 Changed: false To: 640x480
07-17 15:39:51.445: I/libjingle(20281): VAdapt CPU Request: up Steps: 0 Changed: false To: 640x480
07-17 15:39:51.760: I/libjingle(20281): VAdapt Frame: scaled 0 / out 63360 / in 63360 Changes: 6 Input: 640x480 i33333333 Scale: 1 Output: 640x480 i33333333 Changed: false
07-17 15:39:53.450: I/libjingle(20281): VAdapt CPU Request: up Steps: 0 Changed: false To: 640x480
07-17 15:39:55.450: I/libjingle(20281): VAdapt CPU Request: up Steps: 0 Changed: false To: 640x480
07-17 15:39:57.165: I/libjingle(20281): VAdapt Frame: scaled 0 / out 63450 / in 63450 Changes: 6 Input: 640x480 i33333333 Scale: 1 Output: 640x480 i33333333 Changed: false
07-17 15:39:57.455: I/libjingle(20281): VAdapt CPU Request: up Steps: 0 Changed: false To: 640x480
07-17 15:39:59.455: I/libjingle(20281): VAdapt CPU Request: up Steps: 0 Changed: false To: 640x480
07-17 15:40:00.000: W/AlarmManager(2143): FACTORY_ON= 0
07-17 15:40:00.420: E/Watchdog(2143): !@Sync 3043
07-17 15:40:01.455: I/libjingle(20281): VAdapt CPU Request: up Steps: 0 Changed: false To: 640x480
07-17 15:40:02.575: I/libjingle(20281): VAdapt Frame: scaled 0 / out 63540 / in 63540 Changes: 6 Input: 640x480 i33333333 Scale: 1 Output: 640x480 i33333333 Changed: false
07-17 15:40:03.460: I/libjingle(20281): VAdapt CPU Request: up Steps: 0 Changed: false To: 640x480
07-17 15:40:05.460: I/libjingle(20281): VAdapt CPU Request: up Steps: 0 Changed: false To: 640x480
07-17 15:40:07.465: I/libjingle(20281): VAdapt CPU Request: up Steps: 0 Changed: false To: 640x480
07-17 15:40:07.980: I/libjingle(20281): VAdapt Frame: scaled 0 / out 63630 / in 63630 Changes: 6 Input: 640x480 i33333333 Scale: 1 Output: 640x480 i33333333 Changed: false
07-17 15:40:09.465: I/libjingle(20281): VAdapt CPU Request: up Steps: 0 Changed: false To: 640x480
07-17 15:40:11.470: I/libjingle(20281): VAdapt CPU Request: up Steps: 0 Changed: false To: 640x480
07-17 15:40:13.390: I/libjingle(20281): VAdapt Frame: scaled 0 / out 63720 / in 63720 Changes: 6 Input: 640x480 i33333333 Scale: 1 Output: 640x480 i33333333 Changed: false
07-17 15:40:13.470: I/libjingle(20281): VAdapt CPU Request: up Steps: 0 Changed: false To: 640x480
07-17 15:40:15.475: I/libjingle(20281): VAdapt CPU Request: up Steps: 0 Changed: false To: 640x480
07-17 15:40:16.380: W/AlarmManager(2143): FACTORY_ON= 0
07-17 15:40:16.415: E/SPPClientService(4140): [PushClientService] onStartCommand. F:false, D:false, E:false, T:false, S:false, R:false
07-17 15:40:16.660: E/MtpService(19825): In MTPAPP onReceive:android.intent.action.BATTERY_CHANGED
07-17 15:40:16.660: E/MtpService(19825): battPlugged Type : 2
07-17 15:40:16.665: W/AlarmManager(2143): FACTORY_ON= 0
07-17 15:40:17.475: I/libjingle(20281): VAdapt CPU Request: up Steps: 0 Changed: false To: 640x480
07-17 15:40:18.795: I/libjingle(20281): VAdapt Frame: scaled 0 / out 63810 / in 63810 Changes: 6 Input: 640x480 i33333333 Scale: 1 Output: 640x480 i33333333 Changed: false
07-17 15:40:19.480: I/libjingle(20281): VAdapt CPU Request: up Steps: 0 Changed: false To: 640x480
07-17 15:40:21.480: I/libjingle(20281): VAdapt CPU Request: up Steps: 0 Changed: false To: 640x480
07-17 15:40:23.480: I/libjingle(20281): VAdapt CPU Request: up Steps: 0 Changed: false To: 640x480
07-17 15:40:24.200: I/libjingle(20281): VAdapt Frame: scaled 0 / out 63900 / in 63900 Changes: 6 Input: 640x480 i33333333 Scale: 1 Output: 640x480 i33333333 Changed: false
07-17 15:40:25.485: I/libjingle(20281): VAdapt CPU Request: up Steps: 0 Changed: false To: 640x480
07-17 15:40:27.485: I/libjingle(20281): VAdapt CPU Request: up Steps: 0 Changed: false To: 640x480
07-17 15:40:29.485: I/libjingle(20281): VAdapt CPU Request: up Steps: 0 Changed: false To: 640x480
07-17 15:40:29.605: I/libjingle(20281): VAdapt Frame: scaled 0 / out 63990 / in 63990 Changes: 6 Input: 640x480 i33333333 Scale: 1 Output: 640x480 i33333333 Changed: false
07-17 15:40:30.420: E/Watchdog(2143): !@Sync 3044
07-17 15:40:31.490: I/libjingle(20281): VAdapt CPU Request: up Steps: 0 Changed: false To: 640x480
07-17 15:40:33.490: I/libjingle(20281): VAdapt CPU Request: up Steps: 0 Changed: false To: 640x480
07-17 15:40:35.020: I/libjingle(20281): VAdapt Frame: scaled 0 / out 64080 / in 64080 Changes: 6 Input: 640x480 i33333333 Scale: 1 Output: 640x480 i33333333 Changed: false
07-17 15:40:35.495: I/libjingle(20281): VAdapt CPU Request: up Steps: 0 Changed: false To: 640x480
07-17 15:40:37.495: I/libjingle(20281): VAdapt CPU Request: up Steps: 0 Changed: false To: 640x480
07-17 15:40:39.495: I/libjingle(20281): VAdapt CPU Request: up Steps: 0 Changed: false To: 640x480
07-17 15:40:40.425: I/libjingle(20281): VAdapt Frame: scaled 0 / out 64170 / in 64170 Changes: 6 Input: 640x480 i33333333 Scale: 1 Output: 640x480 i33333333 Changed: false
07-17 15:40:41.500: I/libjingle(20281): VAdapt CPU Request: up Steps: 0 Changed: false To: 640x480
07-17 15:40:43.505: I/libjingle(20281): VAdapt CPU Request: up Steps: 0 Changed: false To: 640x480
07-17 15:40:45.505: I/libjingle(20281): VAdapt CPU Request: up Steps: 0 Changed: false To: 640x480
07-17 15:40:45.830: I/libjingle(20281): VAdapt Frame: scaled 0 / out 64260 / in 64260 Changes: 6 Input: 640x480 i33333333 Scale: 1 Output: 640x480 i33333333 Changed: false
07-17 15:40:46.950: E/MtpService(19825): In MTPAPP onReceive:android.intent.action.BATTERY_CHANGED
07-17 15:40:46.950: E/MtpService(19825): battPlugged Type : 2
07-17 15:40:46.955: W/AlarmManager(2143): FACTORY_ON= 0
07-17 15:40:47.515: I/libjingle(20281): VAdapt CPU Request: up Steps: 0 Changed: false To: 640x480
07-17 15:40:49.510: I/libjingle(20281): VAdapt CPU Request: up Steps: 0 Changed: false To: 640x480
07-17 15:40:51.235: I/libjingle(20281): VAdapt Frame: scaled 0 / out 64350 / in 64350 Changes: 6 Input: 640x480 i33333333 Scale: 1 Output: 640x480 i33333333 Changed: false
07-17 15:40:51.515: I/libjingle(20281): VAdapt CPU Request: up Steps: 0 Changed: false To: 640x480
07-17 15:40:53.520: I/libjingle(20281): VAdapt CPU Request: up Steps: 0 Changed: false To: 640x480
07-17 15:40:55.520: I/libjingle(20281): VAdapt CPU Request: up Steps: 0 Changed: false To: 640x480
07-17 15:40:56.645: I/libjingle(20281): VAdapt Frame: scaled 0 / out 64440 / in 64440 Changes: 6 Input: 640x480 i33333333 Scale: 1 Output: 640x480 i33333333 Changed: false
07-17 15:40:57.525: I/libjingle(20281): VAdapt CPU Request: up Steps: 0 Changed: false To: 640x480
07-17 15:40:59.525: I/libjingle(20281): VAdapt CPU Request: up Steps: 0 Changed: false To: 640x480
07-17 15:41:00.005: W/AlarmManager(2143): FACTORY_ON= 0
07-17 15:41:00.420: E/Watchdog(2143): !@Sync 3045
07-17 15:41:01.530: I/libjingle(20281): VAdapt CPU Request: up Steps: 0 Changed: false To: 640x480
07-17 15:41:02.055: I/libjingle(20281): VAdapt Frame: scaled 0 / out 64530 / in 64530 Changes: 6 Input: 640x480 i33333333 Scale: 1 Output: 640x480 i33333333 Changed: false
07-17 15:41:03.530: I/libjingle(20281): VAdapt CPU Request: up Steps: 0 Changed: false To: 640x480
07-17 15:41:05.530: I/libjingle(20281): VAdapt CPU Request: up Steps: 0 Changed: false To: 640x480
07-17 15:41:07.460: I/libjingle(20281): VAdapt Frame: scaled 0 / out 64620 / in 64620 Changes: 6 Input: 640x480 i33333333 Scale: 1 Output: 640x480 i33333333 Changed: false
07-17 15:41:07.535: I/libjingle(20281): VAdapt CPU Request: up Steps: 0 Changed: false To: 640x480
07-17 15:41:09.535: I/libjingle(20281): VAdapt CPU Request: up Steps: 0 Changed: false To: 640x480
07-17 15:41:11.540: I/libjingle(20281): VAdapt CPU Request: up Steps: 0 Changed: false To: 640x480
07-17 15:41:12.865: I/libjingle(20281): VAdapt Frame: scaled 0 / out 64710 / in 64710 Changes: 6 Input: 640x480 i33333333 Scale: 1 Output: 640x480 i33333333 Changed: false
07-17 15:41:13.545: I/libjingle(20281): VAdapt CPU Request: up Steps: 0 Changed: false To: 640x480
07-17 15:41:15.545: I/libjingle(20281): VAdapt CPU Request: up Steps: 0 Changed: false To: 640x480
07-17 15:41:17.550: I/libjingle(20281): VAdapt CPU Request: up Steps: 0 Changed: false To: 640x480
07-17 15:41:18.270: I/libjingle(20281): VAdapt Frame: scaled 0 / out 64800 / in 64800 Changes: 6 Input: 640x480 i33333333 Scale: 1 Output: 640x480 i33333333 Changed: false
07-17 15:41:19.550: I/libjingle(20281): VAdapt CPU Request: up Steps: 0 Changed: false To: 640x480
07-17 15:41:21.555: I/libjingle(20281): VAdapt CPU Request: up Steps: 0 Changed: false To: 640x480
07-17 15:41:22.050: E/WifiHW(2143): ##################### set firmware type 0 #####################
07-17 15:41:22.065: I/wpa_supplicant(3252): Scan requested (ret=0) - scan timeout 30 seconds
07-17 15:41:22.065: W/AlarmManager(2143): FACTORY_ON= 0
07-17 15:41:22.075: W/AlarmManager(2143): FACTORY_ON= 0
07-17 15:41:22.325: E/MtpService(19825): In MTPAPP onReceive:android.intent.action.BATTERY_CHANGED
07-17 15:41:22.325: E/MtpService(19825): battPlugged Type : 2
07-17 15:41:22.330: W/AlarmManager(2143): FACTORY_ON= 0
07-17 15:41:23.560: I/libjingle(20281): VAdapt CPU Request: up Steps: 0 Changed: false To: 640x480
07-17 15:41:23.675: I/libjingle(20281): VAdapt Frame: scaled 0 / out 64890 / in 64890 Changes: 6 Input: 640x480 i33333333 Scale: 1 Output: 640x480 i33333333 Changed: false
07-17 15:41:25.565: I/libjingle(20281): VAdapt CPU Request: up Steps: 0 Changed: false To: 640x480
07-17 15:41:25.825: I/wpa_supplicant(3252): nl80211: Received scan results (19 BSSes)
07-17 15:41:25.990: E/WifiHW(2143): ##################### set firmware type 0 #####################
07-17 15:41:25.990: W/AlarmManager(2143): FACTORY_ON= 0
07-17 15:41:27.565: I/libjingle(20281): VAdapt CPU Request: up Steps: 0 Changed: false To: 640x480
07-17 15:41:29.085: I/libjingle(20281): VAdapt Frame: scaled 0 / out 64980 / in 64980 Changes: 6 Input: 640x480 i33333333 Scale: 1 Output: 640x480 i33333333 Changed: false
07-17 15:41:29.565: I/libjingle(20281): VAdapt CPU Request: up Steps: 0 Changed: false To: 640x480
07-17 15:41:30.420: E/Watchdog(2143): !@Sync 3046
07-17 15:41:31.570: I/libjingle(20281): VAdapt CPU Request: up Steps: 0 Changed: false To: 640x480
07-17 15:41:33.575: I/libjingle(20281): VAdapt CPU Request: up Steps: 0 Changed: false To: 640x480
07-17 15:41:34.490: I/libjingle(20281): VAdapt Frame: scaled 0 / out 65070 / in 65070 Changes: 6 Input: 640x480 i33333333 Scale: 1 Output: 640x480 i33333333 Changed: false
07-17 15:41:35.575: I/libjingle(20281): VAdapt CPU Request: up Steps: 0 Changed: false To: 640x480
07-17 15:41:37.575: I/libjingle(20281): VAdapt CPU Request: up Steps: 0 Changed: false To: 640x480
07-17 15:41:39.580: I/libjingle(20281): VAdapt CPU Request: up Steps: 0 Changed: false To: 640x480
07-17 15:41:39.895: I/libjingle(20281): VAdapt Frame: scaled 0 / out 65160 / in 65160 Changes: 6 Input: 640x480 i33333333 Scale: 1 Output: 640x480 i33333333 Changed: false
07-17 15:41:41.580: I/libjingle(20281): VAdapt CPU Request: up Steps: 0 Changed: false To: 640x480
07-17 15:41:43.585: I/libjingle(20281): VAdapt CPU Request: up Steps: 0 Changed: false To: 640x480
07-17 15:41:45.300: I/libjingle(20281): VAdapt Frame: scaled 0 / out 65250 / in 65250 Changes: 6 Input: 640x480 i33333333 Scale: 1 Output: 640x480 i33333333 Changed: false
07-17 15:41:45.585: I/libjingle(20281): VAdapt CPU Request: up Steps: 0 Changed: false To: 640x480
07-17 15:41:47.590: I/libjingle(20281): VAdapt CPU Request: up Steps: 0 Changed: false To: 640x480
07-17 15:41:49.590: I/libjingle(20281): VAdapt CPU Request: up Steps: 0 Changed: false To: 640x480
07-17 15:41:50.710: I/libjingle(20281): VAdapt Frame: scaled 0 / out 65340 / in 65340 Changes: 6 Input: 640x480 i33333333 Scale: 1 Output: 640x480 i33333333 Changed: false
07-17 15:41:51.595: I/libjingle(20281): VAdapt CPU Request: up Steps: 0 Changed: false To: 640x480
07-17 15:41:53.595: I/libjingle(20281): VAdapt CPU Request: up Steps: 0 Changed: false To: 640x480
07-17 15:41:55.600: I/libjingle(20281): VAdapt CPU Request: up Steps: 0 Changed: false To: 640x480
07-17 15:41:56.120: I/libjingle(20281): VAdapt Frame: scaled 0 / out 65430 / in 65430 Changes: 6 Input: 640x480 i33333333 Scale: 1 Output: 640x480 i33333333 Changed: false
07-17 15:41:57.600: I/libjingle(20281): VAdapt CPU Request: up Steps: 0 Changed: false To: 640x480
07-17 15:41:59.210: I/iNemoSensor(2143): skip update_delay wanted_accel = 66667000 current delay = 66667000
07-17 15:41:59.210: I/SensorService(2143): info.selectDelay() ns=20000000  
07-17 15:41:59.210: I/iNemoSensor(2143): update_delay wanted_accel = 20000000
07-17 15:41:59.485: E/MtpService(19825): In MTPAPP onReceive:android.intent.action.BATTERY_CHANGED
07-17 15:41:59.490: E/MtpService(19825): battPlugged Type : 2
07-17 15:41:59.495: W/AlarmManager(2143): FACTORY_ON= 0
07-17 15:41:59.605: I/libjingle(20281): VAdapt CPU Request: up Steps: 0 Changed: false To: 640x480
07-17 15:41:59.785: I/Sensors(1677): sendDelay --- 200000000
07-17 15:41:59.785: I/SensorService(2143): info.selectDelay() ns=66667000  
07-17 15:41:59.785: I/iNemoSensor(2143): update_delay wanted_accel = 66667000
07-17 15:41:59.785: I/SensorManager(1677): Set normal delay = true
07-17 15:41:59.785: I/iNemoSensor(2143): skip update_delay wanted_accel = 66667000 current delay = 66667000
07-17 15:41:59.810: W/AlarmManager(2143): FACTORY_ON= 0
07-17 15:41:59.820: W/AlarmManager(2143): FACTORY_ON= 0
07-17 15:42:00.000: W/AlarmManager(2143): FACTORY_ON= 0
07-17 15:42:00.420: E/Watchdog(2143): !@Sync 3047
07-17 15:42:01.525: I/libjingle(20281): VAdapt Frame: scaled 0 / out 65520 / in 65520 Changes: 6 Input: 640x480 i33333333 Scale: 1 Output: 640x480 i33333333 Changed: false
07-17 15:42:01.605: I/libjingle(20281): VAdapt CPU Request: up Steps: 0 Changed: false To: 640x480
07-17 15:42:03.610: I/libjingle(20281): VAdapt CPU Request: up Steps: 0 Changed: false To: 640x480
07-17 15:42:05.615: I/libjingle(20281): VAdapt CPU Request: up Steps: 0 Changed: false To: 640x480
07-17 15:42:06.930: I/libjingle(20281): VAdapt Frame: scaled 0 / out 65610 / in 65610 Changes: 6 Input: 640x480 i33333333 Scale: 1 Output: 640x480 i33333333 Changed: false
07-17 15:42:07.615: I/libjingle(20281): VAdapt CPU Request: up Steps: 0 Changed: false To: 640x480
07-17 15:42:09.620: I/libjingle(20281): VAdapt CPU Request: up Steps: 0 Changed: false To: 640x480
07-17 15:42:11.625: I/libjingle(20281): VAdapt CPU Request: up Steps: 0 Changed: false To: 640x480
07-17 15:42:12.335: I/libjingle(20281): VAdapt Frame: scaled 0 / out 65700 / in 65700 Changes: 6 Input: 640x480 i33333333 Scale: 1 Output: 640x480 i33333333 Changed: false
07-17 15:42:13.625: I/libjingle(20281): VAdapt CPU Request: up Steps: 0 Changed: false To: 640x480
07-17 15:42:15.630: I/libjingle(20281): VAdapt CPU Request: up Steps: 0 Changed: false To: 640x480
07-17 15:42:17.630: I/libjingle(20281): VAdapt CPU Request: up Steps: 0 Changed: false To: 640x480
07-17 15:42:17.745: I/libjingle(20281): VAdapt Frame: scaled 0 / out 65790 / in 65790 Changes: 6 Input: 640x480 i33333333 Scale: 1 Output: 640x480 i33333333 Changed: false
07-17 15:42:19.635: I/libjingle(20281): VAdapt CPU Request: up Steps: 0 Changed: false To: 640x480
07-17 15:42:21.635: I/libjingle(20281): VAdapt CPU Request: up Steps: 0 Changed: false To: 640x480
07-17 15:42:23.150: I/libjingle(20281): VAdapt Frame: scaled 0 / out 65880 / in 65880 Changes: 6 Input: 640x480 i33333333 Scale: 1 Output: 640x480 i33333333 Changed: false
07-17 15:42:23.640: I/libjingle(20281): VAdapt CPU Request: up Steps: 0 Changed: false To: 640x480
07-17 15:42:25.640: I/libjingle(20281): VAdapt CPU Request: up Steps: 0 Changed: false To: 640x480
07-17 15:42:27.645: I/libjingle(20281): VAdapt CPU Request: up Steps: 0 Changed: false To: 640x480
07-17 15:42:28.555: I/libjingle(20281): VAdapt Frame: scaled 0 / out 65970 / in 65970 Changes: 6 Input: 640x480 i33333333 Scale: 1 Output: 640x480 i33333333 Changed: false
07-17 15:42:29.645: I/libjingle(20281): VAdapt CPU Request: up Steps: 0 Changed: false To: 640x480
07-17 15:42:30.270: I/dhcpcd(11653):  dhcp main start  
07-17 15:42:30.275: I/dhcpcd(14325): enter handle_signal in dhcpcd.c
07-17 15:42:30.420: E/Watchdog(2143): !@Sync 3048
07-17 15:42:30.430: E/MtpService(19825): In MTPAPP onReceive:android.intent.action.BATTERY_CHANGED
07-17 15:42:30.430: E/MtpService(19825): battPlugged Type : 2
07-17 15:42:30.430: W/AlarmManager(2143): FACTORY_ON= 0
07-17 15:42:30.565: W/AlarmManager(2143): FACTORY_ON= 0
07-17 15:42:30.585: I/WifiStateMachine(2143): DHCP renew post action!!! - Don't need to make state transition
07-17 15:42:31.650: I/libjingle(20281): VAdapt CPU Request: up Steps: 0 Changed: false To: 640x480
07-17 15:42:33.650: I/libjingle(20281): VAdapt CPU Request: up Steps: 0 Changed: false To: 640x480
07-17 15:42:33.965: I/libjingle(20281): VAdapt Frame: scaled 0 / out 66060 / in 66060 Changes: 6 Input: 640x480 i33333333 Scale: 1 Output: 640x480 i33333333 Changed: false
07-17 15:42:35.655: I/libjingle(20281): VAdapt CPU Request: up Steps: 0 Changed: false To: 640x480
07-17 15:42:37.655: I/libjingle(20281): VAdapt CPU Request: up Steps: 0 Changed: false To: 640x480
07-17 15:42:39.370: I/libjingle(20281): VAdapt Frame: scaled 0 / out 66150 / in 66150 Changes: 6 Input: 640x480 i33333333 Scale: 1 Output: 640x480 i33333333 Changed: false
07-17 15:42:39.660: I/libjingle(20281): VAdapt CPU Request: up Steps: 0 Changed: false To: 640x480
07-17 15:42:41.660: I/libjingle(20281): VAdapt CPU Request: up Steps: 0 Changed: false To: 640x480
07-17 15:42:43.660: I/libjingle(20281): VAdapt CPU Request: up Steps: 0 Changed: false To: 640x480
