07-17 15:29:54.795: I/InputDispatcher(2143): Delivering touch to current input target: action: 0x1
07-17 15:29:54.795: I/InputDispatcher(2143): Delivering touch to current input target: action: 0x1
07-17 15:29:54.795: I/InputDispatcher(2143): Delivering touch to current input target: action: 0x1
07-17 15:29:54.795: I/InputDispatcher(2143): Delivering touch to current input target: action: 0x1
07-17 15:29:54.840: I/InputReader(2143): Touch event's action is 0x0 (deviceType=0) [pCnt=1, s=0.958 ]
07-17 15:29:54.840: I/InputDispatcher(2143): Delivering touch to current input target: action: 0x0
07-17 15:29:54.840: I/InputDispatcher(2143): Delivering touch to current input target: action: 0x0
07-17 15:29:54.840: I/InputDispatcher(2143): Delivering touch to current input target: action: 0x0
07-17 15:29:54.840: I/InputDispatcher(2143): Delivering touch to current input target: action: 0x0
07-17 15:29:54.960: I/InputReader(2143): Touch event's action is 0x1 (deviceType=0) [pCnt=1, s=]
07-16 15:29:54.960: I/InputDispatcher(2143): Delivering touch to current input target: action: 0x1
07-16 15:29:54.960: I/InputDispatcher(2143): Delivering touch to current input target: action: 0x1
07-16 15:29:54.960: I/InputDispatcher(2143): Delivering touch to current input target: action: 0x1
07-16 15:29:54.960: I/InputDispatcher(2143): Delivering touch to current input target: action: 0x1
07-16 15:29:55.025: I/InputReader(2143): Touch event's action is 0x0 (deviceType=0) [pCnt=1, s=0.959 ]
07-16 15:29:55.025: I/InputDispatcher(2143): Delivering touch to current input target: action: 0x0
07-16 15:29:55.025: I/InputDispatcher(2143): Delivering touch to current input target: action: 0x0
07-16 15:29:55.025: I/InputDispatcher(2143): Delivering touch to current input target: action: 0x0
07-16 15:29:55.025: I/InputDispatcher(2143): Delivering touch to current input target: action: 0x0
07-17 15:29:55.140: I/InputReader(2143): Touch event's action is 0x1 (deviceType=0) [pCnt=1, s=]
07-17 15:29:55.140: I/InputDispatcher(2143): Delivering touch to current input target: action: 0x1
07-17 15:29:55.140: I/InputDispatcher(2143): Delivering touch to current input target: action: 0x1
07-17 15:29:55.140: I/InputDispatcher(2143): Delivering touch to current input target: action: 0x1
07-17 15:29:55.140: I/InputDispatcher(2143): Delivering touch to current input target: action: 0x1
07-17 15:29:55.205: I/InputReader(2143): Touch event's action is 0x0 (deviceType=0) [pCnt=1, s=0.960 ]
07-17 15:29:55.205: I/InputDispatcher(2143): Delivering touch to current input target: action: 0x0
07-17 15:29:55.205: I/InputDispatcher(2143): Delivering touch to current input target: action: 0x0
07-17 15:29:55.205: I/InputDispatcher(2143): Delivering touch to current input target: action: 0x0
07-17 15:29:55.205: I/InputDispatcher(2143): Delivering touch to current input target: action: 0x0
07-17 15:29:55.335: I/InputReader(2143): Touch event's action is 0x1 (deviceType=0) [pCnt=1, s=]
07-17 15:29:55.335: I/InputDispatcher(2143): Delivering touch to current input target: action: 0x1
07-17 15:29:55.335: I/InputDispatcher(2143): Delivering touch to current input target: action: 0x1
07-17 15:29:55.335: I/InputDispatcher(2143): Delivering touch to current input target: action: 0x1
07-17 15:29:55.335: I/InputDispatcher(2143): Delivering touch to current input target: action: 0x1
07-17 15:29:55.390: I/InputReader(2143): Touch event's action is 0x0 (deviceType=0) [pCnt=1, s=0.961 ]
07-17 15:29:55.390: I/InputDispatcher(2143): Delivering touch to current input target: action: 0x0
07-17 15:29:55.390: I/InputDispatcher(2143): Delivering touch to current input target: action: 0x0
07-17 15:29:55.390: I/InputDispatcher(2143): Delivering touch to current input target: action: 0x0
07-17 15:29:55.390: I/InputDispatcher(2143): Delivering touch to current input target: action: 0x0
07-17 15:29:55.505: I/InputReader(2143): Touch event's action is 0x1 (deviceType=0) [pCnt=1, s=]
07-17 15:29:55.505: I/InputDispatcher(2143): Delivering touch to current input target: action: 0x1
07-17 15:29:55.505: I/InputDispatcher(2143): Delivering touch to current input target: action: 0x1
07-17 15:29:55.505: I/InputDispatcher(2143): Delivering touch to current input target: action: 0x1
07-17 15:29:55.505: I/InputDispatcher(2143): Delivering touch to current input target: action: 0x1
07-17 15:29:55.570: I/InputReader(2143): Touch event's action is 0x0 (deviceType=0) [pCnt=1, s=0.962 ]
07-17 15:29:55.570: I/InputDispatcher(2143): Delivering touch to current input target: action: 0x0
07-17 15:29:55.570: I/InputDispatcher(2143): Delivering touch to current input target: action: 0x0
07-17 15:29:55.570: I/InputDispatcher(2143): Delivering touch to current input target: action: 0x0
07-17 15:29:55.570: I/InputDispatcher(2143): Delivering touch to current input target: action: 0x0
07-17 15:29:55.685: I/InputReader(2143): Touch event's action is 0x1 (deviceType=0) [pCnt=1, s=]
07-17 15:29:55.685: I/InputDispatcher(2143): Delivering touch to current input target: action: 0x1
07-17 15:29:55.685: I/InputDispatcher(2143): Delivering touch to current input target: action: 0x1
07-17 15:29:55.685: I/InputDispatcher(2143): Delivering touch to current input target: action: 0x1
07-17 15:29:55.685: I/InputDispatcher(2143): Delivering touch to current input target: action: 0x1
07-17 15:29:55.745: I/InputReader(2143): Touch event's action is 0x0 (deviceType=0) [pCnt=1, s=0.963 ]
07-17 15:29:55.745: I/InputDispatcher(2143): Delivering touch to current input target: action: 0x0
07-17 15:29:55.745: I/InputDispatcher(2143): Delivering touch to current input target: action: 0x0
07-17 15:29:55.745: I/InputDispatcher(2143): Delivering touch to current input target: action: 0x0
07-17 15:29:55.745: I/InputDispatcher(2143): Delivering touch to current input target: action: 0x0
07-17 15:29:55.870: I/InputReader(2143): Touch event's action is 0x1 (deviceType=0) [pCnt=1, s=]
07-17 15:29:55.870: I/InputDispatcher(2143): Delivering touch to current input target: action: 0x1
07-17 15:29:55.870: I/InputDispatcher(2143): Delivering touch to current input target: action: 0x1
07-17 15:29:55.870: I/InputDispatcher(2143): Delivering touch to current input target: action: 0x1
07-17 15:29:55.870: I/InputDispatcher(2143): Delivering touch to current input target: action: 0x1
07-17 15:29:55.910: I/InputReader(2143): Touch event's action is 0x0 (deviceType=0) [pCnt=1, s=0.964 ]
07-17 15:29:55.910: I/InputDispatcher(2143): Delivering touch to current input target: action: 0x0
07-17 15:29:55.910: I/InputDispatcher(2143): Delivering touch to current input target: action: 0x0
07-17 15:29:55.910: I/InputDispatcher(2143): Delivering touch to current input target: action: 0x0
07-17 15:29:55.910: I/InputDispatcher(2143): Delivering touch to current input target: action: 0x0
07-17 15:29:56.040: I/InputReader(2143): Touch event's action is 0x1 (deviceType=0) [pCnt=1, s=]
07-17 15:29:56.040: I/InputDispatcher(2143): Delivering touch to current input target: action: 0x1
07-17 15:29:56.040: I/InputDispatcher(2143): Delivering touch to current input target: action: 0x1
07-17 15:29:56.040: I/InputDispatcher(2143): Delivering touch to current input target: action: 0x1
07-17 15:29:56.040: I/InputDispatcher(2143): Delivering touch to current input target: action: 0x1
07-17 15:29:56.100: I/InputReader(2143): Touch event's action is 0x0 (deviceType=0) [pCnt=1, s=0.965 ]
07-17 15:29:56.100: I/InputDispatcher(2143): Delivering touch to current input target: action: 0x0
07-17 15:29:56.100: I/InputDispatcher(2143): Delivering touch to current input target: action: 0x0
07-17 15:29:56.100: I/InputDispatcher(2143): Delivering touch to current input target: action: 0x0
07-17 15:29:56.100: I/InputDispatcher(2143): Delivering touch to current input target: action: 0x0
07-17 15:29:56.100: I/InputReader(2143): Touch event's action (MT) is 0x105 (deviceType=0) [pCnt=2, s=0.965 1.966 ]
07-17 15:29:56.100: I/InputDispatcher(2143): Delivering touch to current input target: action: 0x105
07-17 15:29:56.100: I/InputDispatcher(2143): Delivering touch to current input target: action: 0x105
07-17 15:29:56.100: I/InputDispatcher(2143): Delivering touch to current input target: action: 0x105
07-17 15:29:56.100: I/InputDispatcher(2143): Delivering touch to current input target: action: 0x105
07-17 15:29:56.225: I/InputReader(2143): Touch event's action (MT) is 0x6 (deviceType=0) [pCnt=2, s=1.966 ]
07-17 15:29:56.225: I/InputDispatcher(2143): Delivering touch to current input target: action: 0x6
07-17 15:29:56.225: I/InputDispatcher(2143): Delivering touch to current input target: action: 0x6
07-17 15:29:56.225: I/InputDispatcher(2143): Delivering touch to current input target: action: 0x6
07-17 15:29:56.225: I/InputDispatcher(2143): Delivering touch to current input target: action: 0x6
07-17 15:29:56.300: I/InputReader(2143): Touch event's action (MT) is 0x5 (deviceType=0) [pCnt=2, s=0.967 1.966 ]
07-17 15:29:56.300: I/InputDispatcher(2143): Delivering touch to current input target: action: 0x5
07-17 15:29:56.300: I/InputDispatcher(2143): Delivering touch to current input target: action: 0x5
07-17 15:29:56.300: I/InputDispatcher(2143): Delivering touch to current input target: action: 0x5
07-17 15:29:56.300: I/InputDispatcher(2143): Delivering touch to current input target: action: 0x5
07-17 15:29:56.425: I/InputReader(2143): Touch event's action (MT) is 0x6 (deviceType=0) [pCnt=2, s=1.966 ]
07-17 15:29:56.425: I/InputDispatcher(2143): Delivering touch to current input target: action: 0x6
07-17 15:29:56.425: I/InputDispatcher(2143): Delivering touch to current input target: action: 0x6
07-17 15:29:56.425: I/InputDispatcher(2143): Delivering touch to current input target: action: 0x6
07-17 15:29:56.425: I/InputDispatcher(2143): Delivering touch to current input target: action: 0x6
07-17 15:29:56.495: I/InputReader(2143): Touch event's action (MT) is 0x5 (deviceType=0) [pCnt=2, s=0.968 1.966 ]
07-17 15:29:56.495: I/InputDispatcher(2143): Delivering touch to current input target: action: 0x5
07-17 15:29:56.495: I/InputDispatcher(2143): Delivering touch to current input target: action: 0x5
07-17 15:29:56.495: I/InputDispatcher(2143): Delivering touch to current input target: action: 0x5
07-17 15:29:56.495: I/InputDispatcher(2143): Delivering touch to current input target: action: 0x5
07-17 15:29:56.625: I/InputReader(2143): Touch event's action (MT) is 0x6 (deviceType=0) [pCnt=2, s=1.966 ]
07-17 15:29:56.625: I/InputDispatcher(2143): Delivering touch to current input target: action: 0x6
07-17 15:29:56.625: I/InputDispatcher(2143): Delivering touch to current input target: action: 0x6
07-17 15:29:56.625: I/InputDispatcher(2143): Delivering touch to current input target: action: 0x6
07-17 15:29:56.625: I/InputDispatcher(2143): Delivering touch to current input target: action: 0x6
07-17 15:29:56.680: I/InputReader(2143): Touch event's action (MT) is 0x5 (deviceType=0) [pCnt=2, s=0.969 1.966 ]
07-17 15:29:56.680: I/InputDispatcher(2143): Delivering touch to current input target: action: 0x5
07-17 15:29:56.680: I/InputDispatcher(2143): Delivering touch to current input target: action: 0x5
07-17 15:29:56.680: I/InputDispatcher(2143): Delivering touch to current input target: action: 0x5
07-17 15:29:56.680: I/InputDispatcher(2143): Delivering touch to current input target: action: 0x5
07-17 15:29:56.690: I/libjingle(20281): VAdapt CPU Request: up Steps: 0 Changed: false To: 640x480
07-17 15:29:56.800: I/InputReader(2143): Touch event's action (MT) is 0x6 (deviceType=0) [pCnt=2, s=1.966 ]
07-17 15:29:56.800: I/InputDispatcher(2143): Delivering touch to current input target: action: 0x6
07-17 15:29:56.800: I/InputDispatcher(2143): Delivering touch to current input target: action: 0x6
07-17 15:29:56.800: I/InputDispatcher(2143): Delivering touch to current input target: action: 0x6
07-17 15:29:56.800: I/InputDispatcher(2143): Delivering touch to current input target: action: 0x6
07-17 15:29:56.860: I/InputReader(2143): Touch event's action (MT) is 0x5 (deviceType=0) [pCnt=2, s=0.970 1.966 ]
07-17 15:29:56.860: I/InputDispatcher(2143): Delivering touch to current input target: action: 0x5
07-17 15:29:56.860: I/InputDispatcher(2143): Delivering touch to current input target: action: 0x5
07-17 15:29:56.860: I/InputDispatcher(2143): Delivering touch to current input target: action: 0x5
07-17 15:29:56.860: I/InputDispatcher(2143): Delivering touch to current input target: action: 0x5
07-17 15:29:56.990: I/InputReader(2143): Touch event's action (MT) is 0x6 (deviceType=0) [pCnt=2, s=1.966 ]
07-17 15:29:56.990: I/InputDispatcher(2143): Delivering touch to current input target: action: 0x6
07-17 15:29:56.990: I/InputDispatcher(2143): Delivering touch to current input target: action: 0x6
07-17 15:29:56.990: I/InputDispatcher(2143): Delivering touch to current input target: action: 0x6
07-17 15:29:56.990: I/InputDispatcher(2143): Delivering touch to current input target: action: 0x6
07-17 15:29:57.040: I/InputReader(2143): Touch event's action (MT) is 0x5 (deviceType=0) [pCnt=2, s=0.971 1.966 ]
07-17 15:29:57.040: I/InputDispatcher(2143): Delivering touch to current input target: action: 0x5
07-17 15:29:57.040: I/InputDispatcher(2143): Delivering touch to current input target: action: 0x5
07-17 15:29:57.040: I/InputDispatcher(2143): Delivering touch to current input target: action: 0x5
07-17 15:29:57.040: I/InputDispatcher(2143): Delivering touch to current input target: action: 0x5
07-17 15:29:57.165: I/InputReader(2143): Touch event's action (MT) is 0x6 (deviceType=0) [pCnt=2, s=1.966 ]
07-17 15:29:57.165: I/InputDispatcher(2143): Delivering touch to current input target: action: 0x6
07-17 15:29:57.165: I/InputDispatcher(2143): Delivering touch to current input target: action: 0x6
07-17 15:29:57.165: I/InputDispatcher(2143): Delivering touch to current input target: action: 0x6
07-17 15:29:57.165: I/InputDispatcher(2143): Delivering touch to current input target: action: 0x6
07-17 15:29:57.415: I/InputReader(2143): Touch event's action (MT) is 0x5 (deviceType=0) [pCnt=2, s=0.972 1.966 ]
07-17 15:29:57.415: I/InputDispatcher(2143): Delivering touch to current input target: action: 0x5
07-17 15:29:57.415: I/InputDispatcher(2143): Delivering touch to current input target: action: 0x5
07-17 15:29:57.415: I/InputDispatcher(2143): Delivering touch to current input target: action: 0x5
07-17 15:29:57.415: I/InputDispatcher(2143): Delivering touch to current input target: action: 0x5
07-17 15:29:57.460: I/libjingle(20281): VAdapt Frame: scaled 0 / out 53730 / in 53730 Changes: 6 Input: 640x480 i33333333 Scale: 1 Output: 640x480 i33333333 Changed: false
07-17 15:29:57.530: I/InputReader(2143): Touch event's action (MT) is 0x6 (deviceType=0) [pCnt=2, s=1.966 ]
07-17 15:29:57.530: I/InputDispatcher(2143): Delivering touch to current input target: action: 0x6
07-17 15:29:57.530: I/InputDispatcher(2143): Delivering touch to current input target: action: 0x6
07-17 15:29:57.530: I/InputDispatcher(2143): Delivering touch to current input target: action: 0x6
07-17 15:29:57.530: I/InputDispatcher(2143): Delivering touch to current input target: action: 0x6
07-17 15:29:57.615: I/InputReader(2143): Touch event's action (MT) is 0x5 (deviceType=0) [pCnt=2, s=0.973 1.966 ]
07-17 15:29:57.615: I/InputDispatcher(2143): Delivering touch to current input target: action: 0x5
07-17 15:29:57.615: I/InputDispatcher(2143): Delivering touch to current input target: action: 0x5
07-17 15:29:57.615: I/InputDispatcher(2143): Delivering touch to current input target: action: 0x5
07-17 15:29:57.615: I/InputDispatcher(2143): Delivering touch to current input target: action: 0x5
07-17 15:29:57.735: I/InputReader(2143): Touch event's action (MT) is 0x6 (deviceType=0) [pCnt=2, s=1.966 ]
07-17 15:29:57.735: I/InputDispatcher(2143): Delivering touch to current input target: action: 0x6
07-17 15:29:57.735: I/InputDispatcher(2143): Delivering touch to current input target: action: 0x6
07-17 15:29:57.735: I/InputDispatcher(2143): Delivering touch to current input target: action: 0x6
07-17 15:29:57.735: I/InputDispatcher(2143): Delivering touch to current input target: action: 0x6
07-17 15:29:57.800: I/InputReader(2143): Touch event's action (MT) is 0x5 (deviceType=0) [pCnt=2, s=0.974 1.966 ]
07-17 15:29:57.800: I/InputDispatcher(2143): Delivering touch to current input target: action: 0x5
07-17 15:29:57.800: I/InputDispatcher(2143): Delivering touch to current input target: action: 0x5
07-17 15:29:57.800: I/InputDispatcher(2143): Delivering touch to current input target: action: 0x5
07-17 15:29:57.800: I/InputDispatcher(2143): Delivering touch to current input target: action: 0x5
07-17 15:29:57.930: I/InputReader(2143): Touch event's action (MT) is 0x6 (deviceType=0) [pCnt=2, s=1.966 ]
07-17 15:29:57.930: I/InputDispatcher(2143): Delivering touch to current input target: action: 0x6
07-17 15:29:57.930: I/InputDispatcher(2143): Delivering touch to current input target: action: 0x6
07-17 15:29:57.930: I/InputDispatcher(2143): Delivering touch to current input target: action: 0x6
07-17 15:29:57.930: I/InputDispatcher(2143): Delivering touch to current input target: action: 0x6
07-17 15:29:57.995: I/InputReader(2143): Touch event's action (MT) is 0x5 (deviceType=0) [pCnt=2, s=0.975 1.966 ]
07-17 15:29:57.995: I/InputDispatcher(2143): Delivering touch to current input target: action: 0x5
07-17 15:29:57.995: I/InputDispatcher(2143): Delivering touch to current input target: action: 0x5
07-17 15:29:57.995: I/InputDispatcher(2143): Delivering touch to current input target: action: 0x5
07-17 15:29:57.995: I/InputDispatcher(2143): Delivering touch to current input target: action: 0x5
07-17 15:29:58.125: I/InputReader(2143): Touch event's action (MT) is 0x6 (deviceType=0) [pCnt=2, s=1.966 ]
07-17 15:29:58.125: I/InputDispatcher(2143): Delivering touch to current input target: action: 0x6
07-17 15:29:58.125: I/InputDispatcher(2143): Delivering touch to current input target: action: 0x6
07-17 15:29:58.125: I/InputDispatcher(2143): Delivering touch to current input target: action: 0x6
07-17 15:29:58.125: I/InputDispatcher(2143): Delivering touch to current input target: action: 0x6
07-17 15:29:58.190: I/InputReader(2143): Touch event's action (MT) is 0x5 (deviceType=0) [pCnt=2, s=0.976 1.966 ]
07-17 15:29:58.195: I/InputDispatcher(2143): Delivering touch to current input target: action: 0x5
07-17 15:29:58.195: I/InputDispatcher(2143): Delivering touch to current input target: action: 0x5
07-17 15:29:58.195: I/InputDispatcher(2143): Delivering touch to current input target: action: 0x5
07-17 15:29:58.195: I/InputDispatcher(2143): Delivering touch to current input target: action: 0x5
07-17 15:29:58.345: I/InputReader(2143): Touch event's action (MT) is 0x6 (deviceType=0) [pCnt=2, s=1.966 ]
07-17 15:29:58.345: I/InputDispatcher(2143): Delivering touch to current input target: action: 0x6
07-17 15:29:58.345: I/InputDispatcher(2143): Delivering touch to current input target: action: 0x6
07-17 15:29:58.345: I/InputDispatcher(2143): Delivering touch to current input target: action: 0x6
07-17 15:29:58.345: I/InputDispatcher(2143): Delivering touch to current input target: action: 0x6
07-17 15:29:58.390: I/InputReader(2143): Touch event's action (MT) is 0x5 (deviceType=0) [pCnt=2, s=0.977 1.966 ]
07-17 15:29:58.395: I/InputDispatcher(2143): Delivering touch to current input target: action: 0x5
07-17 15:29:58.395: I/InputDispatcher(2143): Delivering touch to current input target: action: 0x5
07-17 15:29:58.395: I/InputDispatcher(2143): Delivering touch to current input target: action: 0x5
07-17 15:29:58.395: I/InputDispatcher(2143): Delivering touch to current input target: action: 0x5
07-17 15:29:58.530: I/InputReader(2143): Touch event's action (MT) is 0x6 (deviceType=0) [pCnt=2, s=1.966 ]
07-17 15:29:58.530: I/InputDispatcher(2143): Delivering touch to current input target: action: 0x6
07-17 15:29:58.530: I/InputDispatcher(2143): Delivering touch to current input target: action: 0x6
07-17 15:29:58.530: I/InputDispatcher(2143): Delivering touch to current input target: action: 0x6
07-17 15:29:58.530: I/InputDispatcher(2143): Delivering touch to current input target: action: 0x6
07-17 15:29:58.585: I/InputReader(2143): Touch event's action (MT) is 0x5 (deviceType=0) [pCnt=2, s=0.978 1.966 ]
07-17 15:29:58.585: I/InputDispatcher(2143): Delivering touch to current input target: action: 0x5
07-17 15:29:58.585: I/InputDispatcher(2143): Delivering touch to current input target: action: 0x5
07-17 15:29:58.585: I/InputDispatcher(2143): Delivering touch to current input target: action: 0x5
07-17 15:29:58.585: I/InputDispatcher(2143): Delivering touch to current input target: action: 0x5
07-17 15:29:58.690: I/libjingle(20281): VAdapt CPU Request: up Steps: 0 Changed: false To: 640x480
07-17 15:29:58.725: I/InputReader(2143): Touch event's action (MT) is 0x6 (deviceType=0) [pCnt=2, s=1.966 ]
07-17 15:29:58.725: I/InputDispatcher(2143): Delivering touch to current input target: action: 0x6
07-17 15:29:58.725: I/InputDispatcher(2143): Delivering touch to current input target: action: 0x6
07-17 15:29:58.725: I/InputDispatcher(2143): Delivering touch to current input target: action: 0x6
07-17 15:29:58.725: I/InputDispatcher(2143): Delivering touch to current input target: action: 0x6
07-17 15:29:58.770: I/InputReader(2143): Touch event's action (MT) is 0x5 (deviceType=0) [pCnt=2, s=0.979 1.966 ]
07-17 15:29:58.770: I/InputDispatcher(2143): Delivering touch to current input target: action: 0x5
07-17 15:29:58.770: I/InputDispatcher(2143): Delivering touch to current input target: action: 0x5
07-17 15:29:58.770: I/InputDispatcher(2143): Delivering touch to current input target: action: 0x5
07-17 15:29:58.770: I/InputDispatcher(2143): Delivering touch to current input target: action: 0x5
07-17 15:29:58.895: I/InputReader(2143): Touch event's action (MT) is 0x6 (deviceType=0) [pCnt=2, s=1.966 ]
07-17 15:29:58.900: I/InputDispatcher(2143): Delivering touch to current input target: action: 0x6
07-17 15:29:58.900: I/InputDispatcher(2143): Delivering touch to current input target: action: 0x6
07-17 15:29:58.900: I/InputDispatcher(2143): Delivering touch to current input target: action: 0x6
07-17 15:29:58.900: I/InputDispatcher(2143): Delivering touch to current input target: action: 0x6
07-17 15:29:58.960: I/InputReader(2143): Touch event's action (MT) is 0x5 (deviceType=0) [pCnt=2, s=0.980 1.966 ]
07-17 15:29:58.960: I/InputDispatcher(2143): Delivering touch to current input target: action: 0x5
07-17 15:29:58.960: I/InputDispatcher(2143): Delivering touch to current input target: action: 0x5
07-17 15:29:58.960: I/InputDispatcher(2143): Delivering touch to current input target: action: 0x5
07-17 15:29:58.960: I/InputDispatcher(2143): Delivering touch to current input target: action: 0x5
07-17 15:29:59.100: I/InputReader(2143): Touch event's action (MT) is 0x6 (deviceType=0) [pCnt=2, s=1.966 ]
07-17 15:29:59.100: I/InputDispatcher(2143): Delivering touch to current input target: action: 0x6
07-17 15:29:59.100: I/InputDispatcher(2143): Delivering touch to current input target: action: 0x6
07-17 15:29:59.100: I/InputDispatcher(2143): Delivering touch to current input target: action: 0x6
07-17 15:29:59.100: I/InputDispatcher(2143): Delivering touch to current input target: action: 0x6
07-17 15:29:59.145: I/InputReader(2143): Touch event's action (MT) is 0x5 (deviceType=0) [pCnt=2, s=0.981 1.966 ]
07-17 15:29:59.150: I/InputDispatcher(2143): Delivering touch to current input target: action: 0x5
07-17 15:29:59.150: I/InputDispatcher(2143): Delivering touch to current input target: action: 0x5
07-17 15:29:59.150: I/InputDispatcher(2143): Delivering touch to current input target: action: 0x5
07-17 15:29:59.150: I/InputDispatcher(2143): Delivering touch to current input target: action: 0x5
07-17 15:29:59.295: I/InputReader(2143): Touch event's action (MT) is 0x6 (deviceType=0) [pCnt=2, s=1.966 ]
07-17 15:29:59.295: I/InputDispatcher(2143): Delivering touch to current input target: action: 0x6
07-17 15:29:59.295: I/InputDispatcher(2143): Delivering touch to current input target: action: 0x6
07-17 15:29:59.295: I/InputDispatcher(2143): Delivering touch to current input target: action: 0x6
07-17 15:29:59.295: I/InputDispatcher(2143): Delivering touch to current input target: action: 0x6
07-17 15:29:59.350: I/InputReader(2143): Touch event's action (MT) is 0x5 (deviceType=0) [pCnt=2, s=0.982 1.966 ]
07-17 15:29:59.350: I/InputDispatcher(2143): Delivering touch to current input target: action: 0x5
07-17 15:29:59.355: I/InputDispatcher(2143): Delivering touch to current input target: action: 0x5
07-17 15:29:59.355: I/InputDispatcher(2143): Delivering touch to current input target: action: 0x5
07-17 15:29:59.355: I/InputDispatcher(2143): Delivering touch to current input target: action: 0x5
07-17 15:29:59.490: I/InputReader(2143): Touch event's action (MT) is 0x6 (deviceType=0) [pCnt=2, s=1.966 ]
07-17 15:29:59.495: I/InputDispatcher(2143): Delivering touch to current input target: action: 0x6
07-17 15:29:59.495: I/InputDispatcher(2143): Delivering touch to current input target: action: 0x6
07-17 15:29:59.495: I/InputDispatcher(2143): Delivering touch to current input target: action: 0x6
07-17 15:29:59.495: I/InputDispatcher(2143): Delivering touch to current input target: action: 0x6
07-17 15:30:00.000: E/WifiHW(2143): ##################### set firmware type 0 #####################
07-17 15:30:00.000: W/AlarmManager(2143): FACTORY_ON= 0
07-17 15:30:00.010: I/iNemoSensor(2143): skip update_delay wanted_accel = 66667000 current delay = 66667000
07-17 15:30:00.015: I/SensorService(2143): info.selectDelay() ns=20000000  
07-17 15:30:00.015: I/iNemoSensor(2143): update_delay wanted_accel = 20000000
07-17 15:30:00.020: E/WifiHW(2143): ##################### set firmware type 0 #####################
07-17 15:30:00.020: W/AlarmManager(2143): FACTORY_ON= 0
07-17 15:30:00.025: W/AlarmManager(2143): FACTORY_ON= 0
07-17 15:30:00.390: E/Watchdog(2143): !@Sync 3023
07-17 15:30:00.515: I/InputReader(2143): Touch event's action is 0x1 (deviceType=0) [pCnt=1, s=]
07-17 15:30:00.515: I/InputDispatcher(2143): Delivering touch to current input target: action: 0x1
07-17 15:30:00.515: I/InputDispatcher(2143): Delivering touch to current input target: action: 0x1
07-17 15:30:00.515: I/InputDispatcher(2143): Delivering touch to current input target: action: 0x1
07-17 15:30:00.515: I/InputDispatcher(2143): Delivering touch to current input target: action: 0x1
07-17 15:30:00.690: I/libjingle(20281): VAdapt CPU Request: up Steps: 0 Changed: false To: 640x480
07-17 15:30:01.685: I/InputReader(2143): Touch event's action is 0x0 (deviceType=0) [pCnt=1, s=0.983 ]
07-17 15:30:01.685: I/InputDispatcher(2143): Delivering touch to current input target: action: 0x0
07-17 15:30:01.685: I/InputDispatcher(2143): Delivering touch to current input target: action: 0x0
07-17 15:30:01.685: I/InputDispatcher(2143): Delivering touch to current input target: action: 0x0
07-17 15:30:01.690: I/InputDispatcher(2143): Delivering touch to current input target: action: 0x0
07-17 15:30:02.690: I/libjingle(20281): VAdapt CPU Request: up Steps: 0 Changed: false To: 640x480
07-17 15:30:02.865: I/libjingle(20281): VAdapt Frame: scaled 0 / out 53820 / in 53820 Changes: 6 Input: 640x480 i33333333 Scale: 1 Output: 640x480 i33333333 Changed: false
07-17 15:30:03.455: I/Sensors(1677): sendDelay --- 200000000
07-17 15:30:03.455: I/SensorService(2143): info.selectDelay() ns=66667000  
07-17 15:30:03.455: I/iNemoSensor(2143): update_delay wanted_accel = 66667000
07-17 15:30:03.455: I/SensorManager(1677): Set normal delay = true
07-17 15:30:03.455: I/iNemoSensor(2143): skip update_delay wanted_accel = 66667000 current delay = 66667000
07-17 15:30:03.525: W/AlarmManager(2143): FACTORY_ON= 0
07-17 15:30:03.530: W/AlarmManager(2143): FACTORY_ON= 0
07-17 15:30:03.995: E/MtpService(19825): In MTPAPP onReceive:android.intent.action.BATTERY_CHANGED
07-17 15:30:03.995: E/MtpService(19825): battPlugged Type : 2
07-17 15:30:04.000: W/AlarmManager(2143): FACTORY_ON= 0
07-17 15:30:04.370: I/InputReader(2143): Touch event's action (MT) is 0x105 (deviceType=0) [pCnt=2, s=0.983 1.984 ]
07-17 15:30:04.370: I/InputDispatcher(2143): Delivering touch to current input target: action: 0x105
07-17 15:30:04.370: I/InputDispatcher(2143): Delivering touch to current input target: action: 0x105
07-17 15:30:04.370: I/InputDispatcher(2143): Delivering touch to current input target: action: 0x105
07-17 15:30:04.370: I/InputDispatcher(2143): Delivering touch to current input target: action: 0x105
07-17 15:30:04.440: I/InputReader(2143): Touch event's action (MT) is 0x6 (deviceType=0) [pCnt=2, s=1.984 ]
07-17 15:30:04.440: I/InputDispatcher(2143): Delivering touch to current input target: action: 0x6
07-17 15:30:04.440: I/InputDispatcher(2143): Delivering touch to current input target: action: 0x6
07-17 15:30:04.440: I/InputDispatcher(2143): Delivering touch to current input target: action: 0x6
07-17 15:30:04.440: I/InputDispatcher(2143): Delivering touch to current input target: action: 0x6
07-17 15:30:04.465: I/wpa_supplicant(3252): State: COMPLETED -> GROUP_HANDSHAKE
07-17 15:30:04.465: I/wpa_supplicant(3252): CTRL-EVENT-STATE-CHANGE id=11 state=8 BSSID=00.00.00
07-17 15:30:04.465: I/wpa_supplicant(3252): 6E65746173
07-17 15:30:04.465: I/wpa_supplicant(3252): WPA: Group rekeying completed with 34.E7.4F [GTK=CCMP]
07-17 15:30:04.465: I/wpa_supplicant(3252): State: GROUP_HANDSHAKE -> COMPLETED
07-17 15:30:04.465: I/wpa_supplicant(3252): CTRL-EVENT-STATE-CHANGE id=11 state=9 BSSID=00.00.00
07-17 15:30:04.465: I/wpa_supplicant(3252): 6E65746173
07-17 15:30:04.545: I/InputReader(2143): Touch event's action is 0x1 (deviceType=0) [pCnt=1, s=]
07-17 15:30:04.545: I/InputDispatcher(2143): Delivering touch to current input target: action: 0x1
07-17 15:30:04.545: I/InputDispatcher(2143): Delivering touch to current input target: action: 0x1
07-17 15:30:04.545: I/InputDispatcher(2143): Delivering touch to current input target: action: 0x1
07-17 15:30:04.545: I/InputDispatcher(2143): Delivering touch to current input target: action: 0x1
07-17 15:30:04.610: I/InputReader(2143): Touch event's action is 0x0 (deviceType=0) [pCnt=1, s=0.985 ]
07-17 15:30:04.610: I/InputDispatcher(2143): Delivering touch to current input target: action: 0x0
07-17 15:30:04.610: I/InputDispatcher(2143): Delivering touch to current input target: action: 0x0
07-17 15:30:04.610: I/InputDispatcher(2143): Delivering touch to current input target: action: 0x0
07-17 15:30:04.610: I/InputDispatcher(2143): Delivering touch to current input target: action: 0x0
07-17 15:30:04.695: I/libjingle(20281): VAdapt CPU Request: up Steps: 0 Changed: false To: 640x480
07-17 15:30:04.730: I/InputReader(2143): Touch event's action is 0x1 (deviceType=0) [pCnt=1, s=]
07-17 15:30:04.730: I/InputDispatcher(2143): Delivering touch to current input target: action: 0x1
07-17 15:30:04.730: I/InputDispatcher(2143): Delivering touch to current input target: action: 0x1
07-17 15:30:04.730: I/InputDispatcher(2143): Delivering touch to current input target: action: 0x1
07-17 15:30:04.730: I/InputDispatcher(2143): Delivering touch to current input target: action: 0x1
07-17 15:30:04.790: I/InputReader(2143): Touch event's action is 0x0 (deviceType=0) [pCnt=1, s=0.986 ]
07-17 15:30:04.790: I/InputDispatcher(2143): Delivering touch to current input target: action: 0x0
07-17 15:30:04.790: I/InputDispatcher(2143): Delivering touch to current input target: action: 0x0
07-17 15:30:04.790: I/InputDispatcher(2143): Delivering touch to current input target: action: 0x0
07-17 15:30:04.790: I/InputDispatcher(2143): Delivering touch to current input target: action: 0x0
07-17 15:30:04.905: I/InputReader(2143): Touch event's action is 0x1 (deviceType=0) [pCnt=1, s=]
07-17 15:30:04.910: I/InputDispatcher(2143): Delivering touch to current input target: action: 0x1
07-17 15:30:04.910: I/InputDispatcher(2143): Delivering touch to current input target: action: 0x1
07-17 15:30:04.910: I/InputDispatcher(2143): Delivering touch to current input target: action: 0x1
07-17 15:30:04.910: I/InputDispatcher(2143): Delivering touch to current input target: action: 0x1
07-17 15:30:04.980: I/InputReader(2143): Touch event's action is 0x0 (deviceType=0) [pCnt=1, s=0.987 ]
07-17 15:30:04.980: I/InputDispatcher(2143): Delivering touch to current input target: action: 0x0
07-17 15:30:04.980: I/InputDispatcher(2143): Delivering touch to current input target: action: 0x0
07-17 15:30:04.980: I/InputDispatcher(2143): Delivering touch to current input target: action: 0x0
07-17 15:30:04.980: I/InputDispatcher(2143): Delivering touch to current input target: action: 0x0
07-17 15:30:05.010: I/InputReader(2143): Touch event's action (MT) is 0x105 (deviceType=0) [pCnt=2, s=0.987 1.988 ]
07-17 15:30:05.010: I/InputDispatcher(2143): Delivering touch to current input target: action: 0x105
07-17 15:30:05.010: I/InputDispatcher(2143): Delivering touch to current input target: action: 0x105
07-17 15:30:05.010: I/InputDispatcher(2143): Delivering touch to current input target: action: 0x105
07-17 15:30:05.010: I/InputDispatcher(2143): Delivering touch to current input target: action: 0x105
07-17 15:30:05.110: I/InputReader(2143): Touch event's action (MT) is 0x6 (deviceType=0) [pCnt=2, s=1.988 ]
07-17 15:30:05.110: I/InputDispatcher(2143): Delivering touch to current input target: action: 0x6
07-17 15:30:05.110: I/InputDispatcher(2143): Delivering touch to current input target: action: 0x6
07-17 15:30:05.110: I/InputDispatcher(2143): Delivering touch to current input target: action: 0x6
07-17 15:30:05.110: I/InputDispatcher(2143): Delivering touch to current input target: action: 0x6
07-17 15:30:05.180: I/InputReader(2143): Touch event's action (MT) is 0x5 (deviceType=0) [pCnt=2, s=0.989 1.988 ]
07-17 15:30:05.180: I/InputDispatcher(2143): Delivering touch to current input target: action: 0x5
07-17 15:30:05.180: I/InputDispatcher(2143): Delivering touch to current input target: action: 0x5
07-17 15:30:05.180: I/InputDispatcher(2143): Delivering touch to current input target: action: 0x5
07-17 15:30:05.180: I/InputDispatcher(2143): Delivering touch to current input target: action: 0x5
07-17 15:30:05.295: I/InputReader(2143): Touch event's action (MT) is 0x6 (deviceType=0) [pCnt=2, s=1.988 ]
07-17 15:30:05.295: I/InputDispatcher(2143): Delivering touch to current input target: action: 0x6
07-17 15:30:05.295: I/InputDispatcher(2143): Delivering touch to current input target: action: 0x6
07-17 15:30:05.295: I/InputDispatcher(2143): Delivering touch to current input target: action: 0x6
07-17 15:30:05.295: I/InputDispatcher(2143): Delivering touch to current input target: action: 0x6
07-17 15:30:05.365: I/InputReader(2143): Touch event's action (MT) is 0x5 (deviceType=0) [pCnt=2, s=0.990 1.988 ]
07-17 15:30:05.365: I/InputDispatcher(2143): Delivering touch to current input target: action: 0x5
07-17 15:30:05.365: I/InputDispatcher(2143): Delivering touch to current input target: action: 0x5
07-17 15:30:05.365: I/InputDispatcher(2143): Delivering touch to current input target: action: 0x5
07-17 15:30:05.365: I/InputDispatcher(2143): Delivering touch to current input target: action: 0x5
07-17 15:30:05.470: I/InputReader(2143): Touch event's action (MT) is 0x6 (deviceType=0) [pCnt=2, s=1.988 ]
07-17 15:30:05.470: I/InputDispatcher(2143): Delivering touch to current input target: action: 0x6
07-17 15:30:05.470: I/InputDispatcher(2143): Delivering touch to current input target: action: 0x6
07-17 15:30:05.470: I/InputDispatcher(2143): Delivering touch to current input target: action: 0x6
07-17 15:30:05.470: I/InputDispatcher(2143): Delivering touch to current input target: action: 0x6
07-17 15:30:05.530: I/InputReader(2143): Touch event's action (MT) is 0x5 (deviceType=0) [pCnt=2, s=0.991 1.988 ]
07-17 15:30:05.530: I/InputDispatcher(2143): Delivering touch to current input target: action: 0x5
07-17 15:30:05.530: I/InputDispatcher(2143): Delivering touch to current input target: action: 0x5
07-17 15:30:05.530: I/InputDispatcher(2143): Delivering touch to current input target: action: 0x5
07-17 15:30:05.530: I/InputDispatcher(2143): Delivering touch to current input target: action: 0x5
07-17 15:30:05.645: I/InputReader(2143): Touch event's action (MT) is 0x6 (deviceType=0) [pCnt=2, s=1.988 ]
07-17 15:30:05.645: I/InputDispatcher(2143): Delivering touch to current input target: action: 0x6
07-17 15:30:05.645: I/InputDispatcher(2143): Delivering touch to current input target: action: 0x6
07-17 15:30:05.645: I/InputDispatcher(2143): Delivering touch to current input target: action: 0x6
07-17 15:30:05.645: I/InputDispatcher(2143): Delivering touch to current input target: action: 0x6
07-17 15:30:05.695: I/InputReader(2143): Touch event's action is 0x1 (deviceType=0) [pCnt=1, s=0.992 ]
07-17 15:30:05.695: I/InputReader(2143): Touch event's action is 0x0 (deviceType=0) [pCnt=1, s=0.992 ]
07-17 15:30:05.695: I/InputDispatcher(2143): Delivering touch to current input target: action: 0x1
07-17 15:30:05.695: I/InputDispatcher(2143): Delivering touch to current input target: action: 0x1
07-17 15:30:05.695: I/InputDispatcher(2143): Delivering touch to current input target: action: 0x1
07-17 15:30:05.695: I/InputDispatcher(2143): Delivering touch to current input target: action: 0x1
07-17 15:30:05.695: I/InputDispatcher(2143): Delivering touch to current input target: action: 0x0
07-17 15:30:05.695: I/InputDispatcher(2143): Delivering touch to current input target: action: 0x0
07-17 15:30:05.695: I/InputDispatcher(2143): Delivering touch to current input target: action: 0x0
07-17 15:30:05.695: I/InputDispatcher(2143): Delivering touch to current input target: action: 0x0
07-17 15:30:05.815: I/InputReader(2143): Touch event's action is 0x1 (deviceType=0) [pCnt=1, s=]
07-17 15:30:05.815: I/InputDispatcher(2143): Delivering touch to current input target: action: 0x1
07-17 15:30:05.815: I/InputDispatcher(2143): Delivering touch to current input target: action: 0x1
07-17 15:30:05.815: I/InputDispatcher(2143): Delivering touch to current input target: action: 0x1
07-17 15:30:05.815: I/InputDispatcher(2143): Delivering touch to current input target: action: 0x1
07-17 15:30:06.080: I/InputReader(2143): Touch event's action is 0x0 (deviceType=0) [pCnt=1, s=0.993 ]
07-17 15:30:06.080: I/InputDispatcher(2143): Delivering touch to current input target: action: 0x0
07-17 15:30:06.080: I/InputDispatcher(2143): Delivering touch to current input target: action: 0x0
07-17 15:30:06.080: I/InputDispatcher(2143): Delivering touch to current input target: action: 0x0
07-17 15:30:06.080: I/InputDispatcher(2143): Delivering touch to current input target: action: 0x0
07-17 15:30:06.120: I/InputReader(2143): Touch event's action (MT) is 0x105 (deviceType=0) [pCnt=2, s=0.993 1.994 ]
07-17 15:30:06.120: I/InputDispatcher(2143): Delivering touch to current input target: action: 0x105
07-17 15:30:06.120: I/InputDispatcher(2143): Delivering touch to current input target: action: 0x105
07-17 15:30:06.120: I/InputDispatcher(2143): Delivering touch to current input target: action: 0x105
07-17 15:30:06.120: I/InputDispatcher(2143): Delivering touch to current input target: action: 0x105
07-17 15:30:06.205: I/InputReader(2143): Touch event's action (MT) is 0x6 (deviceType=0) [pCnt=2, s=1.994 ]
07-17 15:30:06.205: I/InputDispatcher(2143): Delivering touch to current input target: action: 0x6
07-17 15:30:06.205: I/InputDispatcher(2143): Delivering touch to current input target: action: 0x6
07-17 15:30:06.205: I/InputDispatcher(2143): Delivering touch to current input target: action: 0x6
07-17 15:30:06.205: I/InputDispatcher(2143): Delivering touch to current input target: action: 0x6
07-17 15:30:06.560: I/InputReader(2143): Touch event's action is 0x1 (deviceType=0) [pCnt=1, s=]
07-17 15:30:06.560: I/InputDispatcher(2143): Delivering touch to current input target: action: 0x1
07-17 15:30:06.560: I/InputDispatcher(2143): Delivering touch to current input target: action: 0x1
07-17 15:30:06.560: I/InputDispatcher(2143): Delivering touch to current input target: action: 0x1
07-17 15:30:06.560: I/InputDispatcher(2143): Delivering touch to current input target: action: 0x1
07-17 15:30:06.695: I/libjingle(20281): VAdapt CPU Request: up Steps: 0 Changed: false To: 640x480
07-17 15:30:07.745: W/PowerManagerService(2143): Timer 0x7->0x3|0xf
07-17 15:30:08.005: I/InputReader(2143): Touch event's action is 0x0 (deviceType=0) [pCnt=1, s=0.995 ]
07-17 15:30:08.005: I/InputDispatcher(2143): Delivering touch to current input target: action: 0x0
07-17 15:30:08.005: I/InputDispatcher(2143): Delivering touch to current input target: action: 0x0
07-17 15:30:08.005: I/InputDispatcher(2143): Delivering touch to current input target: action: 0x0
07-17 15:30:08.005: I/InputDispatcher(2143): Delivering touch to current input target: action: 0x0
07-17 15:30:08.115: I/InputReader(2143): Touch event's action is 0x1 (deviceType=0) [pCnt=1, s=]
07-17 15:30:08.115: I/InputDispatcher(2143): Delivering touch to current input target: action: 0x1
07-17 15:30:08.115: I/InputDispatcher(2143): Delivering touch to current input target: action: 0x1
07-17 15:30:08.115: I/InputDispatcher(2143): Delivering touch to current input target: action: 0x1
07-17 15:30:08.115: I/InputDispatcher(2143): Delivering touch to current input target: action: 0x1
07-17 15:30:08.175: I/InputReader(2143): Touch event's action is 0x0 (deviceType=0) [pCnt=1, s=0.996 ]
07-17 15:30:08.175: I/InputDispatcher(2143): Delivering touch to current input target: action: 0x0
07-17 15:30:08.175: I/InputDispatcher(2143): Delivering touch to current input target: action: 0x0
07-17 15:30:08.175: I/InputDispatcher(2143): Delivering touch to current input target: action: 0x0
07-17 15:30:08.175: I/InputDispatcher(2143): Delivering touch to current input target: action: 0x0
07-17 15:30:08.270: I/libjingle(20281): VAdapt Frame: scaled 0 / out 53910 / in 53910 Changes: 6 Input: 640x480 i33333333 Scale: 1 Output: 640x480 i33333333 Changed: false
07-17 15:30:08.290: I/InputReader(2143): Touch event's action is 0x1 (deviceType=0) [pCnt=1, s=]
07-17 15:30:08.290: I/InputDispatcher(2143): Delivering touch to current input target: action: 0x1
07-17 15:30:08.290: I/InputDispatcher(2143): Delivering touch to current input target: action: 0x1
07-17 15:30:08.290: I/InputDispatcher(2143): Delivering touch to current input target: action: 0x1
07-17 15:30:08.290: I/InputDispatcher(2143): Delivering touch to current input target: action: 0x1
07-17 15:30:08.350: I/InputReader(2143): Touch event's action is 0x0 (deviceType=0) [pCnt=1, s=0.997 ]
07-17 15:30:08.350: I/InputDispatcher(2143): Delivering touch to current input target: action: 0x0
07-17 15:30:08.350: I/InputDispatcher(2143): Delivering touch to current input target: action: 0x0
07-17 15:30:08.350: I/InputDispatcher(2143): Delivering touch to current input target: action: 0x0
07-17 15:30:08.350: I/InputDispatcher(2143): Delivering touch to current input target: action: 0x0
07-17 15:30:08.475: I/InputReader(2143): Touch event's action is 0x1 (deviceType=0) [pCnt=1, s=]
07-17 15:30:08.475: I/InputDispatcher(2143): Delivering touch to current input target: action: 0x1
07-17 15:30:08.475: I/InputDispatcher(2143): Delivering touch to current input target: action: 0x1
07-17 15:30:08.475: I/InputDispatcher(2143): Delivering touch to current input target: action: 0x1
07-17 15:30:08.475: I/InputDispatcher(2143): Delivering touch to current input target: action: 0x1
07-17 15:30:08.540: I/InputReader(2143): Touch event's action is 0x0 (deviceType=0) [pCnt=1, s=0.998 ]
07-17 15:30:08.540: I/InputDispatcher(2143): Delivering touch to current input target: action: 0x0
07-17 15:30:08.540: I/InputDispatcher(2143): Delivering touch to current input target: action: 0x0
07-17 15:30:08.540: I/InputDispatcher(2143): Delivering touch to current input target: action: 0x0
07-17 15:30:08.540: I/InputDispatcher(2143): Delivering touch to current input target: action: 0x0
07-17 15:30:08.675: I/InputReader(2143): Touch event's action is 0x1 (deviceType=0) [pCnt=1, s=]
07-17 15:30:08.675: I/InputDispatcher(2143): Delivering touch to current input target: action: 0x1
07-17 15:30:08.675: I/InputDispatcher(2143): Delivering touch to current input target: action: 0x1
07-17 15:30:08.675: I/InputDispatcher(2143): Delivering touch to current input target: action: 0x1
07-17 15:30:08.675: I/InputDispatcher(2143): Delivering touch to current input target: action: 0x1
07-17 15:30:08.695: I/libjingle(20281): VAdapt CPU Request: up Steps: 0 Changed: false To: 640x480
07-17 15:30:09.370: I/InputReader(2143): Touch event's action is 0x0 (deviceType=0) [pCnt=1, s=0.999 ]
07-17 15:30:09.370: I/InputDispatcher(2143): Delivering touch to current input target: action: 0x0
07-17 15:30:09.370: I/InputDispatcher(2143): Delivering touch to current input target: action: 0x0
07-17 15:30:09.370: I/InputDispatcher(2143): Delivering touch to current input target: action: 0x0
07-17 15:30:09.370: I/InputDispatcher(2143): Delivering touch to current input target: action: 0x0
07-17 15:30:09.445: I/InputReader(2143): Touch event's action (MT) is 0x105 (deviceType=0) [pCnt=2, s=0.999 1.1000 ]
07-17 15:30:09.445: I/InputDispatcher(2143): Delivering touch to current input target: action: 0x105
07-17 15:30:09.445: I/InputDispatcher(2143): Delivering touch to current input target: action: 0x105
07-17 15:30:09.445: I/InputDispatcher(2143): Delivering touch to current input target: action: 0x105
07-17 15:30:09.445: I/InputDispatcher(2143): Delivering touch to current input target: action: 0x105
07-17 15:30:09.520: I/InputReader(2143): Touch event's action (MT) is 0x6 (deviceType=0) [pCnt=2, s=1.1000 ]
07-17 15:30:09.520: I/InputDispatcher(2143): Delivering touch to current input target: action: 0x6
07-17 15:30:09.520: I/InputDispatcher(2143): Delivering touch to current input target: action: 0x6
07-17 15:30:09.520: I/InputDispatcher(2143): Delivering touch to current input target: action: 0x6
07-17 15:30:09.520: I/InputDispatcher(2143): Delivering touch to current input target: action: 0x6
07-17 15:30:09.540: I/InputReader(2143): Touch event's action is 0x1 (deviceType=0) [pCnt=1, s=]
07-17 15:30:09.540: I/InputDispatcher(2143): Delivering touch to current input target: action: 0x1
07-17 15:30:09.540: I/InputDispatcher(2143): Delivering touch to current input target: action: 0x1
07-17 15:30:09.540: I/InputDispatcher(2143): Delivering touch to current input target: action: 0x1
07-17 15:30:09.540: I/InputDispatcher(2143): Delivering touch to current input target: action: 0x1
07-17 15:30:10.140: I/InputReader(2143): Touch event's action is 0x0 (deviceType=0) [pCnt=1, s=0.1001 ]
07-17 15:30:10.140: I/InputDispatcher(2143): Delivering touch to current input target: action: 0x0
07-17 15:30:10.140: I/InputDispatcher(2143): Delivering touch to current input target: action: 0x0
07-17 15:30:10.140: I/InputDispatcher(2143): Delivering touch to current input target: action: 0x0
07-17 15:30:10.140: I/InputDispatcher(2143): Delivering touch to current input target: action: 0x0
07-17 15:30:10.305: I/InputReader(2143): Touch event's action is 0x1 (deviceType=0) [pCnt=1, s=]
07-17 15:30:10.305: I/InputDispatcher(2143): Delivering touch to current input target: action: 0x1
07-17 15:30:10.305: I/InputDispatcher(2143): Delivering touch to current input target: action: 0x1
07-17 15:30:10.305: I/InputDispatcher(2143): Delivering touch to current input target: action: 0x1
07-17 15:30:10.305: I/InputDispatcher(2143): Delivering touch to current input target: action: 0x1
07-17 15:30:10.700: I/libjingle(20281): VAdapt CPU Request: up Steps: 0 Changed: false To: 640x480
07-17 15:30:11.510: I/InputReader(2143): Touch event's action is 0x0 (deviceType=0) [pCnt=1, s=0.1002 ]
07-17 15:30:11.510: I/InputDispatcher(2143): Delivering touch to current input target: action: 0x0
07-17 15:30:11.515: I/InputDispatcher(2143): Delivering touch to current input target: action: 0x0
07-17 15:30:11.515: I/InputDispatcher(2143): Delivering touch to current input target: action: 0x0
07-17 15:30:11.515: I/InputDispatcher(2143): Delivering touch to current input target: action: 0x0
07-17 15:30:11.650: I/InputReader(2143): Touch event's action is 0x1 (deviceType=0) [pCnt=1, s=]
07-17 15:30:11.650: I/InputDispatcher(2143): Delivering touch to current input target: action: 0x1
07-17 15:30:11.650: I/InputDispatcher(2143): Delivering touch to current input target: action: 0x1
07-17 15:30:11.650: I/InputDispatcher(2143): Delivering touch to current input target: action: 0x1
07-17 15:30:11.650: I/InputDispatcher(2143): Delivering touch to current input target: action: 0x1
07-17 15:30:12.700: I/libjingle(20281): VAdapt CPU Request: up Steps: 0 Changed: false To: 640x480
07-17 15:30:13.010: W/PowerManagerService(2143): Timer 0x7->0x3|0xf
07-17 15:30:13.680: I/libjingle(20281): VAdapt Frame: scaled 0 / out 54000 / in 54000 Changes: 6 Input: 640x480 i33333333 Scale: 1 Output: 640x480 i33333333 Changed: false
07-17 15:30:14.700: I/libjingle(20281): VAdapt CPU Request: up Steps: 0 Changed: false To: 640x480
07-17 15:30:15.070: I/InputReader(2143): Touch event's action is 0x0 (deviceType=0) [pCnt=1, s=0.1003 ]
07-17 15:30:15.070: I/InputDispatcher(2143): Delivering touch to current input target: action: 0x0
07-17 15:30:15.070: I/InputDispatcher(2143): Delivering touch to current input target: action: 0x0
07-17 15:30:15.070: I/InputDispatcher(2143): Delivering touch to current input target: action: 0x0
07-17 15:30:15.070: I/InputDispatcher(2143): Delivering touch to current input target: action: 0x0
07-17 15:30:15.190: I/InputReader(2143): Touch event's action is 0x1 (deviceType=0) [pCnt=1, s=]
