07-17 15:42:44.775: I/libjingle(20281): VAdapt Frame: scaled 0 / out 66240 / in 66240 Changes: 6 Input: 640x480 i33333333 Scale: 1 Output: 640x480 i33333333 Changed: false
07-17 15:42:45.665: I/libjingle(20281): VAdapt CPU Request: up Steps: 0 Changed: false To: 640x480
07-17 15:42:47.665: I/libjingle(20281): VAdapt CPU Request: up Steps: 0 Changed: false To: 640x480
07-17 15:42:49.670: I/libjingle(20281): VAdapt CPU Request: up Steps: 0 Changed: false To: 640x480
07-17 15:42:50.185: I/libjingle(20281): VAdapt Frame: scaled 0 / out 66330 / in 66330 Changes: 6 Input: 640x480 i33333333 Scale: 1 Output: 640x480 i33333333 Changed: false
07-17 15:42:51.670: I/libjingle(20281): VAdapt CPU Request: up Steps: 0 Changed: false To: 640x480
07-17 15:42:53.670: I/libjingle(20281): VAdapt CPU Request: up Steps: 0 Changed: false To: 640x480
07-17 15:42:55.590: I/libjingle(20281): VAdapt Frame: scaled 0 / out 66420 / in 66420 Changes: 6 Input: 640x480 i33333333 Scale: 1 Output: 640x480 i33333333 Changed: false
07-17 15:42:55.675: I/libjingle(20281): VAdapt CPU Request: up Steps: 0 Changed: false To: 640x480
07-17 15:42:57.680: I/libjingle(20281): VAdapt CPU Request: up Steps: 0 Changed: false To: 640x480
07-17 15:42:59.680: I/libjingle(20281): VAdapt CPU Request: up Steps: 0 Changed: false To: 640x480
07-17 15:43:00.000: W/AlarmManager(2143): FACTORY_ON= 0
07-17 15:43:00.420: E/Watchdog(2143): !@Sync 3049
07-17 15:43:00.530: I/InputReader(2143): Touch event's action is 0x0 (deviceType=0) [pCnt=1, s=0.1020 ]
07-17 15:43:00.530: I/InputDispatcher(2143): Delivering touch to current input target: action: 0x0
07-17 15:43:00.530: I/InputDispatcher(2143): Delivering touch to current input target: action: 0x0
07-17 15:43:00.530: I/InputDispatcher(2143): Delivering touch to current input target: action: 0x0
07-17 15:43:00.530: I/InputDispatcher(2143): Delivering touch to current input target: action: 0x0
07-17 15:43:00.555: W/InputMethodManagerService(2143): Window already focused, ignoring focus gain of: com.android.internal.view.IInputMethodClient$Stub$Proxy@41c638c8 attribute=null
07-17 15:43:00.600: I/InputReader(2143): Touch event's action is 0x1 (deviceType=0) [pCnt=1, s=]
07-17 15:43:00.680: E/MtpService(19825): In MTPAPP onReceive:android.intent.action.BATTERY_CHANGED
07-17 15:43:00.680: E/MtpService(19825): battPlugged Type : 2
07-17 15:43:00.680: W/AlarmManager(2143): FACTORY_ON= 0
07-17 15:43:00.820: I/SurfaceFlinger(1837): id=891 Removed MoginActivi idx=5 MapSz=5
07-17 15:43:00.820: I/SurfaceFlinger(1837): id=891 Removed MoginActivi idx=-2 MapSz=5
07-17 15:43:01.000: I/libjingle(20281): VAdapt Frame: scaled 0 / out 66510 / in 66510 Changes: 6 Input: 640x480 i33333333 Scale: 1 Output: 640x480 i33333333 Changed: false
07-17 15:43:01.685: I/libjingle(20281): VAdapt CPU Request: up Steps: 0 Changed: false To: 640x480
07-17 15:43:02.030: W/PowerManagerService(2143): Timer 0x3->0x3|0x1
07-17 15:43:03.685: I/libjingle(20281): VAdapt CPU Request: up Steps: 0 Changed: false To: 640x480
07-17 15:43:05.690: I/libjingle(20281): VAdapt CPU Request: up Steps: 0 Changed: false To: 640x480
07-17 15:43:06.405: I/libjingle(20281): VAdapt Frame: scaled 0 / out 66600 / in 66600 Changes: 6 Input: 640x480 i33333333 Scale: 1 Output: 640x480 i33333333 Changed: false
07-17 15:43:07.690: I/libjingle(20281): VAdapt CPU Request: up Steps: 0 Changed: false To: 640x480
07-17 15:43:09.695: I/libjingle(20281): VAdapt CPU Request: up Steps: 0 Changed: false To: 640x480
07-17 15:43:11.695: I/libjingle(20281): VAdapt CPU Request: up Steps: 0 Changed: false To: 640x480
07-17 15:43:11.810: I/libjingle(20281): VAdapt Frame: scaled 0 / out 66690 / in 66690 Changes: 6 Input: 640x480 i33333333 Scale: 1 Output: 640x480 i33333333 Changed: false
07-17 15:43:13.700: I/libjingle(20281): VAdapt CPU Request: up Steps: 0 Changed: false To: 640x480
07-17 15:43:15.705: I/libjingle(20281): VAdapt CPU Request: up Steps: 0 Changed: false To: 640x480
07-17 15:43:15.995: I/PowerManagerService(2143): fileWriteInt : /sys/class/backlight/panel/auto_brightness  value : 1
07-17 15:43:16.000: I/PowerManagerService(2143): fileWriteInt : /sys/class/backlight/panel/auto_brightness  value : 1
07-17 15:43:16.355: I/PowerManagerService(2143): Light Animator Finished currentValue=36
07-17 15:43:17.215: I/libjingle(20281): VAdapt Frame: scaled 0 / out 66780 / in 66780 Changes: 6 Input: 640x480 i33333333 Scale: 1 Output: 640x480 i33333333 Changed: false
07-17 15:43:17.710: I/libjingle(20281): VAdapt CPU Request: up Steps: 0 Changed: false To: 640x480
07-17 15:43:19.715: I/libjingle(20281): VAdapt CPU Request: up Steps: 0 Changed: false To: 640x480
07-17 15:43:21.715: I/libjingle(20281): VAdapt CPU Request: up Steps: 0 Changed: false To: 640x480
07-17 15:43:21.995: I/PowerManagerService(2143): fileWriteInt : /sys/class/backlight/panel/auto_brightness  value : 2
07-17 15:43:22.340: I/PowerManagerService(2143): Light Animator Finished currentValue=60
07-17 15:43:22.625: I/libjingle(20281): VAdapt Frame: scaled 0 / out 66870 / in 66870 Changes: 6 Input: 640x480 i33333333 Scale: 1 Output: 640x480 i33333333 Changed: false
07-17 15:43:23.715: I/libjingle(20281): VAdapt CPU Request: up Steps: 0 Changed: false To: 640x480
07-17 15:43:25.720: I/libjingle(20281): VAdapt CPU Request: up Steps: 0 Changed: false To: 640x480
07-17 15:43:27.720: I/libjingle(20281): VAdapt CPU Request: up Steps: 0 Changed: false To: 640x480
07-17 15:43:28.030: I/libjingle(20281): VAdapt Frame: scaled 0 / out 66960 / in 66960 Changes: 6 Input: 640x480 i33333333 Scale: 1 Output: 640x480 i33333333 Changed: false
07-17 15:43:29.720: I/libjingle(20281): VAdapt CPU Request: up Steps: 0 Changed: false To: 640x480
07-17 15:43:30.425: E/Watchdog(2143): !@Sync 3050
07-17 15:43:30.985: E/MtpService(19825): In MTPAPP onReceive:android.intent.action.BATTERY_CHANGED
07-17 15:43:30.985: E/MtpService(19825): battPlugged Type : 2
07-17 15:43:30.985: W/AlarmManager(2143): FACTORY_ON= 0
07-17 15:43:31.725: I/libjingle(20281): VAdapt CPU Request: up Steps: 0 Changed: false To: 640x480
07-17 15:43:33.435: I/libjingle(20281): VAdapt Frame: scaled 0 / out 67050 / in 67050 Changes: 6 Input: 640x480 i33333333 Scale: 1 Output: 640x480 i33333333 Changed: false
07-17 15:43:33.730: I/libjingle(20281): VAdapt CPU Request: up Steps: 0 Changed: false To: 640x480
07-17 15:43:35.735: I/libjingle(20281): VAdapt CPU Request: up Steps: 0 Changed: false To: 640x480
