07-17 15:30:15.190: I/InputDispatcher(2143): Delivering touch to current input target: action: 0x1
07-17 15:30:15.190: I/InputDispatcher(2143): Delivering touch to current input target: action: 0x1
07-17 15:30:15.190: I/InputDispatcher(2143): Delivering touch to current input target: action: 0x1
07-17 15:30:15.190: I/InputDispatcher(2143): Delivering touch to current input target: action: 0x1
07-17 15:30:15.850: I/InputReader(2143): Touch event's action is 0x0 (deviceType=0) [pCnt=1, s=0.1004 ]
07-17 15:30:15.850: I/InputDispatcher(2143): Delivering touch to current input target: action: 0x0
07-17 15:30:15.850: I/InputDispatcher(2143): Delivering touch to current input target: action: 0x0
07-17 15:30:15.850: I/InputDispatcher(2143): Delivering touch to current input target: action: 0x0
07-17 15:30:15.850: I/InputDispatcher(2143): Delivering touch to current input target: action: 0x0
07-17 15:30:15.935: I/InputReader(2143): Touch event's action is 0x1 (deviceType=0) [pCnt=1, s=]
07-17 15:30:15.935: I/InputDispatcher(2143): Delivering touch to current input target: action: 0x1
07-17 15:30:15.935: I/InputDispatcher(2143): Delivering touch to current input target: action: 0x1
07-17 15:30:15.935: I/InputDispatcher(2143): Delivering touch to current input target: action: 0x1
07-17 15:30:15.935: I/InputDispatcher(2143): Delivering touch to current input target: action: 0x1
07-17 15:30:16.705: I/libjingle(20281): VAdapt CPU Request: up Steps: 0 Changed: false To: 640x480
07-17 15:30:17.350: W/PowerManagerService(2143): Timer 0x7->0x3|0xf
07-17 15:30:18.705: I/libjingle(20281): VAdapt CPU Request: up Steps: 0 Changed: false To: 640x480
07-17 15:30:18.740: I/InputReader(2143): Touch event's action is 0x0 (deviceType=0) [pCnt=1, s=0.1005 ]
07-17 15:30:18.740: I/InputDispatcher(2143): Delivering touch to current input target: action: 0x0
07-17 15:30:18.740: I/InputDispatcher(2143): Delivering touch to current input target: action: 0x0
07-17 15:30:18.740: I/InputDispatcher(2143): Delivering touch to current input target: action: 0x0
07-17 15:30:18.740: I/InputDispatcher(2143): Delivering touch to current input target: action: 0x0
07-17 15:30:18.830: I/InputReader(2143): Touch event's action is 0x1 (deviceType=0) [pCnt=1, s=]
07-17 15:30:18.830: I/InputDispatcher(2143): Delivering touch to current input target: action: 0x1
07-17 15:30:18.830: I/InputDispatcher(2143): Delivering touch to current input target: action: 0x1
07-17 15:30:18.830: I/InputDispatcher(2143): Delivering touch to current input target: action: 0x1
07-17 15:30:18.830: I/InputDispatcher(2143): Delivering touch to current input target: action: 0x1
07-17 15:30:19.320: I/libjingle(20281): VAdapt Frame: scaled 0 / out 54090 / in 54090 Changes: 6 Input: 640x480 i33333333 Scale: 1 Output: 640x480 i33333333 Changed: false
07-17 15:30:20.240: W/PowerManagerService(2143): Timer 0x7->0x3|0xf
07-17 15:30:20.710: I/libjingle(20281): VAdapt CPU Request: up Steps: 0 Changed: false To: 640x480
07-17 15:30:21.970: I/InputReader(2143): Touch event's action is 0x0 (deviceType=0) [pCnt=1, s=0.1006 ]
07-17 15:30:21.970: I/InputDispatcher(2143): Delivering touch to current input target: action: 0x0
07-17 15:30:21.970: I/InputDispatcher(2143): Delivering touch to current input target: action: 0x0
07-17 15:30:21.970: I/InputDispatcher(2143): Delivering touch to current input target: action: 0x0
07-17 15:30:21.970: I/InputDispatcher(2143): Delivering touch to current input target: action: 0x0
07-17 15:30:22.065: I/InputReader(2143): Touch event's action is 0x1 (deviceType=0) [pCnt=1, s=]
07-17 15:30:22.065: I/InputDispatcher(2143): Delivering touch to current input target: action: 0x1
07-17 15:30:22.065: I/InputDispatcher(2143): Delivering touch to current input target: action: 0x1
07-17 15:30:22.065: I/InputDispatcher(2143): Delivering touch to current input target: action: 0x1
07-17 15:30:22.065: I/InputDispatcher(2143): Delivering touch to current input target: action: 0x1
07-17 15:30:22.715: I/libjingle(20281): VAdapt CPU Request: up Steps: 0 Changed: false To: 640x480
07-17 15:30:22.965: I/InputReader(2143): Touch event's action is 0x0 (deviceType=0) [pCnt=1, s=0.1007 ]
07-17 15:30:22.965: I/InputDispatcher(2143): Delivering touch to current input target: action: 0x0
07-17 15:30:22.965: I/InputDispatcher(2143): Delivering touch to current input target: action: 0x0
07-17 15:30:22.965: I/InputDispatcher(2143): Delivering touch to current input target: action: 0x0
07-17 15:30:22.965: I/InputDispatcher(2143): Delivering touch to current input target: action: 0x0
07-17 15:30:23.090: I/InputReader(2143): Touch event's action is 0x1 (deviceType=0) [pCnt=1, s=]
07-17 15:30:23.090: I/InputDispatcher(2143): Delivering touch to current input target: action: 0x1
07-17 15:30:23.090: I/InputDispatcher(2143): Delivering touch to current input target: action: 0x1
07-17 15:30:23.090: I/InputDispatcher(2143): Delivering touch to current input target: action: 0x1
07-17 15:30:23.090: I/InputDispatcher(2143): Delivering touch to current input target: action: 0x1
07-17 15:30:24.465: W/PowerManagerService(2143): Timer 0x7->0x3|0xf
07-17 15:30:24.715: I/libjingle(20281): VAdapt CPU Request: up Steps: 0 Changed: false To: 640x480
07-17 15:30:25.155: I/InputReader(2143): Touch event's action is 0x0 (deviceType=0) [pCnt=1, s=0.1008 ]
07-17 15:30:25.155: I/InputDispatcher(2143): Delivering touch to current input target: action: 0x0
07-17 15:30:25.155: I/InputDispatcher(2143): Delivering touch to current input target: action: 0x0
07-17 15:30:25.155: I/InputDispatcher(2143): Delivering touch to current input target: action: 0x0
07-17 15:30:25.155: I/InputDispatcher(2143): Delivering touch to current input target: action: 0x0
07-17 15:30:25.245: I/InputReader(2143): Touch event's action is 0x1 (deviceType=0) [pCnt=1, s=]
07-17 15:30:25.245: I/InputDispatcher(2143): Delivering touch to current input target: action: 0x1
07-17 15:30:25.245: I/InputDispatcher(2143): Delivering touch to current input target: action: 0x1
07-17 15:30:25.245: I/InputDispatcher(2143): Delivering touch to current input target: action: 0x1
07-17 15:30:25.245: I/InputDispatcher(2143): Delivering touch to current input target: action: 0x1
07-17 15:30:25.320: I/libjingle(20281): VAdapt Frame: scaled 0 / out 54180 / in 54180 Changes: 6 Input: 640x480 i33333333 Scale: 1 Output: 640x480 i33333333 Changed: false
07-17 15:30:25.475: E/lights(2143): write_int failed to open /sys/class/sec/sec_touchkey/brightness
07-17 15:30:25.475: I/PowerManagerService(2143): Ulight 0x7->0x3|0x0
07-17 15:30:26.655: W/PowerManagerService(2143): Timer 0x3->0x3|0x1
07-17 15:30:26.715: I/libjingle(20281): VAdapt CPU Request: up Steps: 0 Changed: false To: 640x480
07-17 15:30:28.720: I/libjingle(20281): VAdapt CPU Request: up Steps: 0 Changed: false To: 640x480
07-17 15:30:30.390: E/Watchdog(2143): !@Sync 3024
07-17 15:30:30.725: I/libjingle(20281): VAdapt CPU Request: up Steps: 0 Changed: false To: 640x480
07-17 15:30:30.810: I/libjingle(20281): VAdapt Frame: scaled 0 / out 54270 / in 54270 Changes: 6 Input: 640x480 i33333333 Scale: 1 Output: 640x480 i33333333 Changed: false
07-17 15:30:32.275: W/AlarmManager(2143): FACTORY_ON= 0
07-17 15:30:32.730: I/libjingle(20281): VAdapt CPU Request: up Steps: 0 Changed: false To: 640x480
07-17 15:30:34.300: E/MtpService(19825): In MTPAPP onReceive:android.intent.action.BATTERY_CHANGED
07-17 15:30:34.300: E/MtpService(19825): battPlugged Type : 2
07-17 15:30:34.305: W/AlarmManager(2143): FACTORY_ON= 0
07-17 15:30:34.730: I/libjingle(20281): VAdapt CPU Request: up Steps: 0 Changed: false To: 640x480
07-17 15:30:35.035: I/InputReader(2143): Touch event's action is 0x0 (deviceType=0) [pCnt=1, s=0.1009 ]
07-17 15:30:35.035: I/InputDispatcher(2143): Delivering touch to current input target: action: 0x0
07-17 15:30:35.035: I/InputDispatcher(2143): Delivering touch to current input target: action: 0x0
07-17 15:30:35.035: I/InputDispatcher(2143): Delivering touch to current input target: action: 0x0
07-17 15:30:35.035: I/InputDispatcher(2143): Delivering touch to current input target: action: 0x0
07-17 15:30:35.215: I/InputReader(2143): Touch event's action is 0x1 (deviceType=0) [pCnt=1, s=]
07-17 15:30:35.215: I/InputDispatcher(2143): Delivering touch to current input target: action: 0x1
07-17 15:30:35.215: I/InputDispatcher(2143): Delivering touch to current input target: action: 0x1
07-17 15:30:35.215: I/InputDispatcher(2143): Delivering touch to current input target: action: 0x1
07-17 15:30:35.215: I/InputDispatcher(2143): Delivering touch to current input target: action: 0x1
07-17 15:30:35.715: I/GLF(9296): Android fetching device FW
07-17 15:30:35.715: I/tu.lm(9296): url https://ingameads.gameloft.com/redir/?from=TRHM&op=ANMP&t=review&game=TRHM&ver=1.2.0&lg=EN&country=GB&d=GT-N8010&f=4.1.2&udid=479009f5f79fb09d&androidid=c80c68e750a5ccf5&hdidfv=b4ec336d-0e89-46c1-970b-5a26b015c3e9&ctg=GAME_REVIEW
07-17 15:30:35.745: I/power(2143): *** acquire_dvfs_lock : lockType : 1  freq : 1000000 
07-17 15:30:35.750: W/ActivityManager(2143): mDVFSLock.acquire()
07-17 15:30:35.780: I/Sensors(9296): sendDelay --- 200000000
07-17 15:30:35.780: I/SensorService(2143): info.selectDelay() ns=66667000  
07-17 15:30:35.780: I/iNemoSensor(2143): skip update_delay wanted_accel = 66667000 current delay = 66667000
07-17 15:30:35.780: I/SensorManager(9296): Set normal delay = true
07-17 15:30:35.780: I/iNemoSensor(2143): skip update_delay wanted_accel = 66667000 current delay = 66667000
07-17 15:30:35.785: I/ClipboardServiceEx(2143): Send intent for dismiss clipboard dialog inside hideCurrentInputLocked() !
07-17 15:30:35.840: W/AlarmManager(2143): FACTORY_ON= 0
07-17 15:30:35.875: W/AlarmManager(2143): FACTORY_ON= 0
07-17 15:30:35.940: W/AlarmManager(2143): FACTORY_ON= 0
07-17 15:30:35.990: W/AlarmManager(2143): FACTORY_ON= 0
07-17 15:30:36.025: W/AlarmManager(2143): FACTORY_ON= 0
07-17 15:30:36.065: W/AlarmManager(2143): FACTORY_ON= 0
07-17 15:30:36.095: E/AudioPolicyManagerBase(1840): unknown stream type
07-17 15:30:36.095: E/AudioPolicyManagerBase(1840): unknown stream type
07-17 15:30:36.095: E/AudioPolicyManagerBase(1840): unknown stream type
07-17 15:30:36.095: E/AudioPolicyManagerBase(1840): unknown stream type
07-17 15:30:36.095: E/AudioPolicyManagerBase(1840): unknown stream type
07-17 15:30:36.095: E/AudioPolicyManagerBase(1840): unknown stream type
07-17 15:30:36.095: I/iNemoSensor(2143): skip update_delay wanted_accel = 66667000 current delay = 66667000
07-17 15:30:36.185: I/SurfaceFlinger(1837): id=886(137) createSurf 0x40fb2124 (1x1),1 flag=0, SesolverAct
07-17 15:30:36.205: I/FlashBarService(2417): makeCenterBarRect
07-17 15:30:36.210: I/FlashBarService(2417): drawCenterBar : mDisplayOrientation=2 pos(633, 0)
07-17 15:30:36.220: I/libjingle(20281): VAdapt Frame: scaled 0 / out 54360 / in 54360 Changes: 6 Input: 640x480 i33333333 Scale: 1 Output: 640x480 i33333333 Changed: false
07-17 15:30:36.535: W/PowerManagerService(2143): Timer 0x3->0x3|0x1
07-17 15:30:36.590: I/power(2143): *** release_dvfs_lock : lockType : 1 
07-17 15:30:36.590: W/ActivityManager(2143): mDVFSLock.release()
07-17 15:30:36.735: I/libjingle(20281): VAdapt CPU Request: up Steps: 0 Changed: false To: 640x480
07-17 15:30:37.945: I/InputReader(2143): Touch event's action is 0x0 (deviceType=0) [pCnt=1, s=0.1010 ]
07-17 15:30:37.945: I/InputDispatcher(2143): Delivering touch to current input target: action: 0x0
07-17 15:30:37.945: I/InputDispatcher(2143): Delivering touch to current input target: action: 0x0
07-17 15:30:37.945: I/InputDispatcher(2143): Delivering touch to current input target: action: 0x0
07-17 15:30:37.945: I/InputDispatcher(2143): Delivering touch to current input target: action: 0x0
07-17 15:30:38.090: I/InputReader(2143): Touch event's action is 0x1 (deviceType=0) [pCnt=1, s=]
07-17 15:30:38.090: I/InputDispatcher(2143): Delivering touch to current input target: action: 0x1
07-17 15:30:38.090: I/InputDispatcher(2143): Delivering touch to current input target: action: 0x1
07-17 15:30:38.090: I/InputDispatcher(2143): Delivering touch to current input target: action: 0x1
07-17 15:30:38.090: I/InputDispatcher(2143): Delivering touch to current input target: action: 0x1
07-17 15:30:38.630: I/InputReader(2143): Touch event's action is 0x0 (deviceType=0) [pCnt=1, s=0.1011 ]
07-17 15:30:38.630: I/InputDispatcher(2143): Delivering touch to current input target: action: 0x0
07-17 15:30:38.630: I/InputDispatcher(2143): Delivering touch to current input target: action: 0x0
07-17 15:30:38.630: I/InputDispatcher(2143): Delivering touch to current input target: action: 0x0
07-17 15:30:38.630: I/InputDispatcher(2143): Delivering touch to current input target: action: 0x0
07-17 15:30:38.735: I/libjingle(20281): VAdapt CPU Request: up Steps: 0 Changed: false To: 640x480
07-17 15:30:38.745: I/InputReader(2143): Touch event's action is 0x1 (deviceType=0) [pCnt=1, s=]
07-17 15:30:38.745: I/InputDispatcher(2143): Delivering touch to current input target: action: 0x1
07-17 15:30:38.745: I/InputDispatcher(2143): Delivering touch to current input target: action: 0x1
07-17 15:30:38.745: I/InputDispatcher(2143): Delivering touch to current input target: action: 0x1
07-17 15:30:38.745: I/InputDispatcher(2143): Delivering touch to current input target: action: 0x1
07-17 15:30:39.050: I/InputReader(2143): Touch event's action is 0x0 (deviceType=0) [pCnt=1, s=0.1012 ]
07-17 15:30:39.050: I/InputDispatcher(2143): Delivering touch to current input target: action: 0x0
07-17 15:30:39.050: I/InputDispatcher(2143): Delivering touch to current input target: action: 0x0
07-17 15:30:39.050: I/InputDispatcher(2143): Delivering touch to current input target: action: 0x0
07-17 15:30:39.050: I/InputDispatcher(2143): Delivering touch to current input target: action: 0x0
07-17 15:30:39.055: E/lights(2143): write_int failed to open /sys/class/sec/sec_touchkey/brightness
07-17 15:30:39.055: I/PowerManagerService(2143): Ulight 0x3->0x7|0x0
07-17 15:30:39.095: I/AudioHardwareTinyALSA(1840): Close mHandle:400940a0
07-17 15:30:39.180: I/InputReader(2143): Touch event's action is 0x1 (deviceType=0) [pCnt=1, s=]
07-17 15:30:39.180: I/InputDispatcher(2143): Delivering touch to current input target: action: 0x1
07-17 15:30:39.180: I/InputDispatcher(2143): Delivering touch to current input target: action: 0x1
07-17 15:30:39.180: I/InputDispatcher(2143): Delivering touch to current input target: action: 0x1
07-17 15:30:39.180: I/InputDispatcher(2143): Delivering touch to current input target: action: 0x1
07-17 15:30:39.185: W/InputMethodManagerService(2143): onReceive() calling hidecurrentInputLocked
07-17 15:30:39.190: I/ClipboardServiceEx(2143): Send intent for dismiss clipboard dialog inside hideCurrentInputLocked() !
07-17 15:30:39.230: W/MiniModeAppsPanelDataStorage(2417): minimode file does not exist.
07-17 15:30:39.270: E/Launcher(2655): Error finding setting, default accessibility to not found: accessibility_enabled
07-17 15:30:39.275: I/SurfaceFlinger(1837): id=887(58) createSurf 0x42b567e4 (1280x752),1 flag=0, Mauncher
07-17 15:30:39.290: W/SurfaceView(9296): CHECK surface infomation creating=false formatChanged=false sizeChanged=false visible=false visibleChanged=true surfaceChanged=true realSizeChanged=false redrawNeeded=false left=false top=false
07-17 15:30:39.330: I/MiniModeAppsPanel(2417): closeEditPanel() : mEditPanelUIEnabled=true
07-17 15:30:39.330: I/ClipboardServiceEx(2143): Send intent for dismiss clipboard dialog inside hideCurrentInputLocked() !
07-17 15:30:39.780: I/SurfaceFlinger(1837): id=886 Removed SesolverAct idx=7 MapSz=7
07-17 15:30:39.780: I/SurfaceFlinger(1837): id=886 Removed SesolverAct idx=-2 MapSz=7
07-17 15:30:39.780: I/SurfaceFlinger(1837): id=880 Removed HameActivit idx=6 MapSz=6
07-17 15:30:39.780: I/SurfaceFlinger(1837): id=880 Removed HameActivit idx=-2 MapSz=6
07-17 15:30:39.785: I/SurfaceFlinger(1837): id=881 Removed TurfaceView idx=5 MapSz=5
07-17 15:30:39.785: I/SurfaceFlinger(1837): id=881 Removed TurfaceView idx=-2 MapSz=5
07-17 15:30:40.150: I/InputReader(2143): Touch event's action is 0x0 (deviceType=0) [pCnt=1, s=0.1013 ]
07-17 15:30:40.150: I/InputDispatcher(2143): Delivering touch to current input target: action: 0x0
07-17 15:30:40.150: I/InputDispatcher(2143): Delivering touch to current input target: action: 0x0
07-17 15:30:40.150: I/InputDispatcher(2143): Delivering touch to current input target: action: 0x0
07-17 15:30:40.150: I/InputDispatcher(2143): Delivering touch to current input target: action: 0x0
07-17 15:30:40.235: I/InputReader(2143): Touch event's action is 0x1 (deviceType=0) [pCnt=1, s=]
07-17 15:30:40.235: I/InputDispatcher(2143): Delivering touch to current input target: action: 0x1
07-17 15:30:40.235: I/InputDispatcher(2143): Delivering touch to current input target: action: 0x1
07-17 15:30:40.235: I/InputDispatcher(2143): Delivering touch to current input target: action: 0x1
07-17 15:30:40.235: I/InputDispatcher(2143): Delivering touch to current input target: action: 0x1
07-17 15:30:40.245: I/ClipboardServiceEx(2143): Send intent for dismiss clipboard dialog inside hideCurrentInputLocked() !
07-17 15:30:40.245: W/InputMethodManagerService(2143): onReceive() calling hidecurrentInputLocked
07-17 15:30:40.255: W/MiniModeAppsPanelDataStorage(2417): minimode file does not exist.
07-17 15:30:40.305: W/GA-SERVICE(7357): Thread[Thread-676,5,main]:  Using destination http://www.google-analytics.com
07-17 15:30:40.375: I/MiniModeAppsPanel(2417): closeEditPanel() : mEditPanelUIEnabled=true
07-17 15:30:40.380: I/SurfaceFlinger(1837): id=888(50) createSurf 0x40f5a034 (600x800),1 flag=0, SecentsPane
07-17 15:30:40.740: I/libjingle(20281): VAdapt CPU Request: up Steps: 0 Changed: false To: 640x480
07-17 15:30:41.085: I/InputReader(2143): Touch event's action is 0x0 (deviceType=0) [pCnt=1, s=0.1014 ]
07-17 15:30:41.085: I/InputDispatcher(2143): Delivering touch to current input target: action: 0x0
07-17 15:30:41.090: I/InputDispatcher(2143): Delivering touch to current input target: action: 0x0
07-17 15:30:41.090: I/InputDispatcher(2143): Delivering touch to current input target: action: 0x0
07-17 15:30:41.090: I/InputDispatcher(2143): Delivering touch to current input target: action: 0x0
07-17 15:30:41.255: I/InputReader(2143): Touch event's action is 0x1 (deviceType=0) [pCnt=1, s=]
07-17 15:30:41.255: I/InputDispatcher(2143): Delivering touch to current input target: action: 0x1
07-17 15:30:41.255: I/InputDispatcher(2143): Delivering touch to current input target: action: 0x1
07-17 15:30:41.255: I/InputDispatcher(2143): Delivering touch to current input target: action: 0x1
07-17 15:30:41.260: I/InputDispatcher(2143): Delivering touch to current input target: action: 0x1
07-17 15:30:41.660: I/ActivityManager(2143): Killing 9296:com.gameloft.android.ANMP.GloftTRHM/u0a150: remove task
07-17 15:30:42.075: I/InputReader(2143): Touch event's action is 0x0 (deviceType=0) [pCnt=1, s=0.1015 ]
07-17 15:30:42.075: I/InputDispatcher(2143): Delivering touch to current input target: action: 0x0
07-17 15:30:42.075: I/InputDispatcher(2143): Delivering touch to current input target: action: 0x0
07-17 15:30:42.075: I/InputDispatcher(2143): Delivering touch to current input target: action: 0x0
07-17 15:30:42.075: I/InputDispatcher(2143): Delivering touch to current input target: action: 0x0
07-17 15:30:42.080: I/ClipboardServiceEx(2143): Send intent for dismiss clipboard dialog inside hideCurrentInputLocked() !
07-17 15:30:42.080: W/InputMethodManagerService(2143): onReceive() calling hidecurrentInputLocked
07-17 15:30:42.115: W/MiniModeAppsPanelDataStorage(2417): minimode file does not exist.
07-17 15:30:42.115: W/InputMethodManagerService(2143): Window already focused, ignoring focus gain of: com.android.internal.view.IInputMethodClient$Stub$Proxy@43223e38 attribute=null
07-17 15:30:42.160: I/InputReader(2143): Touch event's action is 0x1 (deviceType=0) [pCnt=1, s=]
07-17 15:30:42.160: I/InputDispatcher(2143): Delivering touch to current input target: action: 0x1
07-17 15:30:42.160: I/InputDispatcher(2143): Delivering touch to current input target: action: 0x1
07-17 15:30:42.160: I/InputDispatcher(2143): Delivering touch to current input target: action: 0x1
07-17 15:30:42.160: I/InputDispatcher(2143): Delivering touch to current input target: action: 0x1
07-17 15:30:42.170: I/MiniModeAppsPanel(2417): closeEditPanel() : mEditPanelUIEnabled=true
07-17 15:30:42.220: I/libjingle(20281): VAdapt Frame: scaled 0 / out 54450 / in 54450 Changes: 6 Input: 640x480 i33333333 Scale: 1 Output: 640x480 i33333333 Changed: false
07-17 15:30:42.290: I/SurfaceFlinger(1837): id=888 Removed SecentsPane idx=7 MapSz=5
07-17 15:30:42.290: I/SurfaceFlinger(1837): id=888 Removed SecentsPane idx=-2 MapSz=5
07-17 15:30:42.415: W/InputDispatcher(2143): channel ~ Consumer closed input channel or an error occurred.  events=0x9
07-17 15:30:42.415: E/InputDispatcher(2143): channel ~ Channel is unrecoverably broken and will be disposed!
07-17 15:30:42.420: W/InputDispatcher(2143): Attempted to unregister already unregistered input channel
07-17 15:30:42.745: I/libjingle(20281): VAdapt CPU Request: up Steps: 0 Changed: false To: 640x480
07-17 15:30:43.575: W/PowerManagerService(2143): Timer 0x7->0x3|0x1
07-17 15:30:43.575: E/lights(2143): write_int failed to open /sys/class/sec/sec_touchkey/brightness
07-17 15:30:43.575: I/PowerManagerService(2143): Ulight 0x7->0x3|0x0
07-17 15:30:44.745: I/libjingle(20281): VAdapt CPU Request: up Steps: 0 Changed: false To: 640x480
07-17 15:30:46.750: I/libjingle(20281): VAdapt CPU Request: up Steps: 0 Changed: false To: 640x480
07-17 15:30:47.170: E/TabletStatusBar(2417): closing mini mode apps panel
07-17 15:30:47.800: I/InputReader(2143): Touch event's action is 0x0 (deviceType=0) [pCnt=1, s=0.1016 ]
07-17 15:30:47.800: I/InputDispatcher(2143): Delivering touch to current input target: action: 0x0
07-17 15:30:47.800: I/InputDispatcher(2143): Delivering touch to current input target: action: 0x0
07-17 15:30:47.800: I/InputDispatcher(2143): Delivering touch to current input target: action: 0x0
07-17 15:30:47.800: I/InputDispatcher(2143): Delivering touch to current input target: action: 0x0
07-17 15:30:47.800: I/InputDispatcher(2143): Delivering touch to current input target: action: 0x0
07-17 15:30:47.840: I/TwDVFSBroadcastReceiver(2440): onLauncherIntent
07-17 15:30:47.840: I/power(2143): *** acquire_dvfs_lock : lockType : 1  freq : 1400000 
07-17 15:30:47.875: I/InputReader(2143): Touch event's action is 0x1 (deviceType=0) [pCnt=1, s=]
07-17 15:30:47.875: I/InputDispatcher(2143): Delivering touch to current input target: action: 0x1
07-17 15:30:47.875: I/InputDispatcher(2143): Delivering touch to current input target: action: 0x1
07-17 15:30:47.875: I/InputDispatcher(2143): Delivering touch to current input target: action: 0x1
07-17 15:30:47.875: I/InputDispatcher(2143): Delivering touch to current input target: action: 0x1
07-17 15:30:47.875: I/InputDispatcher(2143): Delivering touch to current input target: action: 0x1
07-17 15:30:48.225: I/libjingle(20281): VAdapt Frame: scaled 0 / out 54540 / in 54540 Changes: 6 Input: 640x480 i33333333 Scale: 1 Output: 640x480 i33333333 Changed: false
07-17 15:30:48.565: I/InputReader(2143): Touch event's action is 0x0 (deviceType=0) [pCnt=1, s=0.1017 ]
07-17 15:30:48.565: I/InputDispatcher(2143): Delivering touch to current input target: action: 0x0
07-17 15:30:48.565: I/InputDispatcher(2143): Delivering touch to current input target: action: 0x0
07-17 15:30:48.565: I/InputDispatcher(2143): Delivering touch to current input target: action: 0x0
07-17 15:30:48.565: I/InputDispatcher(2143): Delivering touch to current input target: action: 0x0
07-17 15:30:48.565: I/InputDispatcher(2143): Delivering touch to current input target: action: 0x0
07-17 15:30:48.590: I/TwDVFSBroadcastReceiver(2440): onLauncherIntent
07-17 15:30:48.650: I/InputReader(2143): Touch event's action is 0x1 (deviceType=0) [pCnt=1, s=]
07-17 15:30:48.650: I/InputDispatcher(2143): Delivering touch to current input target: action: 0x1
07-17 15:30:48.650: I/InputDispatcher(2143): Delivering touch to current input target: action: 0x1
07-17 15:30:48.650: I/InputDispatcher(2143): Delivering touch to current input target: action: 0x1
07-17 15:30:48.650: I/InputDispatcher(2143): Delivering touch to current input target: action: 0x1
07-17 15:30:48.650: I/InputDispatcher(2143): Delivering touch to current input target: action: 0x1
07-17 15:30:48.730: I/MotionRecognitionManager(2143):   .unregisterListener : / listener count = 0->0, listener=android.widget.AbsListView$4@426c9810
07-17 15:30:48.745: I/libjingle(20281): VAdapt CPU Request: up Steps: 0 Changed: false To: 640x480
07-17 15:30:48.845: I/power(2143): *** acquire_dvfs_lock : lockType : 1  freq : 1400000 
07-17 15:30:49.590: I/power(2143): *** release_dvfs_lock : lockType : 1 
07-17 15:30:49.650: I/InputReader(2143): Touch event's action is 0x0 (deviceType=0) [pCnt=1, s=0.1018 ]
07-17 15:30:49.650: I/InputDispatcher(2143): Delivering touch to current input target: action: 0x0
07-17 15:30:49.650: I/InputDispatcher(2143): Delivering touch to current input target: action: 0x0
07-17 15:30:49.650: I/InputDispatcher(2143): Delivering touch to current input target: action: 0x0
07-17 15:30:49.650: I/InputDispatcher(2143): Delivering touch to current input target: action: 0x0
07-17 15:30:49.655: I/InputDispatcher(2143): Delivering touch to current input target: action: 0x0
07-17 15:30:49.695: I/InputReader(2143): Touch event's action is 0x1 (deviceType=0) [pCnt=1, s=]
07-17 15:30:49.695: I/InputDispatcher(2143): Delivering touch to current input target: action: 0x1
07-17 15:30:49.695: I/InputDispatcher(2143): Delivering touch to current input target: action: 0x1
07-17 15:30:49.695: I/InputDispatcher(2143): Delivering touch to current input target: action: 0x1
07-17 15:30:49.695: I/InputDispatcher(2143): Delivering touch to current input target: action: 0x1
07-17 15:30:49.695: I/InputDispatcher(2143): Delivering touch to current input target: action: 0x1
07-17 15:30:49.720: I/TwDVFSBroadcastReceiver(2440): onLauncherIntent
07-17 15:30:49.725: I/power(2143): *** acquire_dvfs_lock : lockType : 1  freq : 1400000 
07-17 15:30:49.730: W/ActivityManager(2143): mDVFSLock.acquire()
07-17 15:30:49.745: I/SurfaceFlinger(1837): id=889(138) createSurf 0x40e873bc (1x1),1 flag=400, eemo
07-17 15:30:49.875: I/dalvikvm(20281): Jit: resizing JitTable from 4096 to 8192
07-17 15:30:49.900: I/SurfaceFlinger(1837): id=890(14) createSurf 0x40e32bac (1280x752),1 flag=400, MoginActivi
07-17 15:30:50.015: I/ClipboardServiceEx(2143): Send intent for dismiss clipboard dialog inside hideCurrentInputLocked() !
07-17 15:30:50.125: I/SurfaceFlinger(1837): id=887 Removed Mauncher idx=2 MapSz=6
07-17 15:30:50.125: I/SurfaceFlinger(1837): id=887 Removed Mauncher idx=-2 MapSz=6
07-17 15:30:50.125: W/ActivityManager(2143): mDVFSLock.release()
07-17 15:30:50.205: I/SurfaceFlinger(1837): id=889 Removed eemo idx=5 MapSz=5
07-17 15:30:50.205: I/SurfaceFlinger(1837): id=889 Removed eemo idx=-2 MapSz=5
07-17 15:30:50.730: I/power(2143): *** release_dvfs_lock : lockType : 1 
07-17 15:30:50.750: I/libjingle(20281): VAdapt CPU Request: up Steps: 0 Changed: false To: 640x480
07-17 15:30:51.150: W/PowerManagerService(2143): Timer 0x3->0x3|0x1
07-17 15:30:51.270: I/InputReader(2143): Touch event's action is 0x0 (deviceType=0) [pCnt=1, s=0.1019 ]
07-17 15:30:51.270: I/InputDispatcher(2143): Delivering touch to current input target: action: 0x0
07-17 15:30:51.270: I/InputDispatcher(2143): Delivering touch to current input target: action: 0x0
07-17 15:30:51.270: I/InputDispatcher(2143): Delivering touch to current input target: action: 0x0
07-17 15:30:51.270: I/InputDispatcher(2143): Delivering touch to current input target: action: 0x0
07-17 15:30:51.310: I/InputReader(2143): Touch event's action is 0x1 (deviceType=0) [pCnt=1, s=]
07-17 15:30:51.310: I/InputDispatcher(2143): Delivering touch to current input target: action: 0x1
07-17 15:30:51.310: I/InputDispatcher(2143): Delivering touch to current input target: action: 0x1
07-17 15:30:51.310: I/InputDispatcher(2143): Delivering touch to current input target: action: 0x1
07-17 15:30:51.310: I/InputDispatcher(2143): Delivering touch to current input target: action: 0x1
07-17 15:30:51.360: E/LoginActivity(20281): register failed : [5][Already registered]
07-17 15:30:51.390: I/SurfaceFlinger(1837): id=891(15) createSurf 0x43623944 (1x1),1 flag=0, MoginActivi
07-17 15:30:52.750: I/libjingle(20281): VAdapt CPU Request: up Steps: 0 Changed: false To: 640x480
07-17 15:30:52.770: W/PowerManagerService(2143): Timer 0x3->0x3|0x1
07-17 15:30:54.245: I/libjingle(20281): VAdapt Frame: scaled 0 / out 54630 / in 54630 Changes: 6 Input: 640x480 i33333333 Scale: 1 Output: 640x480 i33333333 Changed: false
07-17 15:30:54.755: I/libjingle(20281): VAdapt CPU Request: up Steps: 0 Changed: false To: 640x480
07-17 15:30:54.790: W/ProcessStats(2143): Skipping unknown process pid 21471
07-17 15:30:56.755: I/libjingle(20281): VAdapt CPU Request: up Steps: 0 Changed: false To: 640x480
07-17 15:30:58.755: I/libjingle(20281): VAdapt CPU Request: up Steps: 0 Changed: false To: 640x480
07-17 15:31:00.000: W/AlarmManager(2143): FACTORY_ON= 0
07-17 15:31:00.240: I/libjingle(20281): VAdapt Frame: scaled 0 / out 54720 / in 54720 Changes: 6 Input: 640x480 i33333333 Scale: 1 Output: 640x480 i33333333 Changed: false
07-17 15:31:00.395: E/Watchdog(2143): !@Sync 3025
07-17 15:31:00.760: I/libjingle(20281): VAdapt CPU Request: up Steps: 0 Changed: false To: 640x480
07-17 15:31:02.760: I/libjingle(20281): VAdapt CPU Request: up Steps: 0 Changed: false To: 640x480
07-17 15:31:04.595: W/AlarmManager(2143): FACTORY_ON= 0
07-17 15:31:04.600: E/MtpService(19825): In MTPAPP onReceive:android.intent.action.BATTERY_CHANGED
07-17 15:31:04.600: E/MtpService(19825): battPlugged Type : 2
07-17 15:31:04.760: I/libjingle(20281): VAdapt CPU Request: up Steps: 0 Changed: false To: 640x480
07-17 15:31:06.245: I/libjingle(20281): VAdapt Frame: scaled 0 / out 54810 / in 54810 Changes: 6 Input: 640x480 i33333333 Scale: 1 Output: 640x480 i33333333 Changed: false
07-17 15:31:06.765: I/libjingle(20281): VAdapt CPU Request: up Steps: 0 Changed: false To: 640x480
07-17 15:31:08.765: I/libjingle(20281): VAdapt CPU Request: up Steps: 0 Changed: false To: 640x480
07-17 15:31:10.770: I/libjingle(20281): VAdapt CPU Request: up Steps: 0 Changed: false To: 640x480
07-17 15:31:12.250: I/libjingle(20281): VAdapt Frame: scaled 0 / out 54900 / in 54900 Changes: 6 Input: 640x480 i33333333 Scale: 1 Output: 640x480 i33333333 Changed: false
07-17 15:31:12.770: I/libjingle(20281): VAdapt CPU Request: up Steps: 0 Changed: false To: 640x480
07-17 15:31:14.775: I/libjingle(20281): VAdapt CPU Request: up Steps: 0 Changed: false To: 640x480
07-17 15:31:16.775: I/libjingle(20281): VAdapt CPU Request: up Steps: 0 Changed: false To: 640x480
07-17 15:31:18.255: I/libjingle(20281): VAdapt Frame: scaled 0 / out 54990 / in 54990 Changes: 6 Input: 640x480 i33333333 Scale: 1 Output: 640x480 i33333333 Changed: false
07-17 15:31:18.775: I/libjingle(20281): VAdapt CPU Request: up Steps: 0 Changed: false To: 640x480
07-17 15:31:20.780: I/libjingle(20281): VAdapt CPU Request: up Steps: 0 Changed: false To: 640x480
07-17 15:31:22.780: I/libjingle(20281): VAdapt CPU Request: up Steps: 0 Changed: false To: 640x480
07-17 15:31:24.260: I/libjingle(20281): VAdapt Frame: scaled 0 / out 55080 / in 55080 Changes: 6 Input: 640x480 i33333333 Scale: 1 Output: 640x480 i33333333 Changed: false
07-17 15:31:24.780: I/libjingle(20281): VAdapt CPU Request: up Steps: 0 Changed: false To: 640x480
07-17 15:31:26.785: I/libjingle(20281): VAdapt CPU Request: up Steps: 0 Changed: false To: 640x480
07-17 15:31:28.790: I/libjingle(20281): VAdapt CPU Request: up Steps: 0 Changed: false To: 640x480
07-17 15:31:30.265: I/libjingle(20281): VAdapt Frame: scaled 0 / out 55170 / in 55170 Changes: 6 Input: 640x480 i33333333 Scale: 1 Output: 640x480 i33333333 Changed: false
07-17 15:31:30.395: E/Watchdog(2143): !@Sync 3026
07-17 15:31:30.790: I/libjingle(20281): VAdapt CPU Request: up Steps: 0 Changed: false To: 640x480
07-17 15:31:32.290: W/Smack/Packet(7371): notify conn break (IOEx), close connection
07-17 15:31:32.450: W/AlarmManager(2143): FACTORY_ON= 0
07-17 15:31:32.795: I/libjingle(20281): VAdapt CPU Request: up Steps: 0 Changed: false To: 640x480
07-17 15:31:34.795: I/libjingle(20281): VAdapt CPU Request: up Steps: 0 Changed: false To: 640x480
07-17 15:31:36.270: I/libjingle(20281): VAdapt Frame: scaled 0 / out 55260 / in 55260 Changes: 6 Input: 640x480 i33333333 Scale: 1 Output: 640x480 i33333333 Changed: false
07-17 15:31:36.800: I/libjingle(20281): VAdapt CPU Request: up Steps: 0 Changed: false To: 640x480
07-17 15:31:38.800: I/libjingle(20281): VAdapt CPU Request: up Steps: 0 Changed: false To: 640x480
07-17 15:31:39.560: I/GTalkService/c(7371): [AndroidEndpoint@1101245024] connect: acct=1000000, state=CONNECTING
07-17 15:31:39.875: E/MtpService(19825): In MTPAPP onReceive:android.intent.action.BATTERY_CHANGED
07-17 15:31:39.875: E/MtpService(19825): battPlugged Type : 2
07-17 15:31:39.880: W/AlarmManager(2143): FACTORY_ON= 0
07-17 15:31:40.155: W/AlarmManager(2143): FACTORY_ON= 0
07-17 15:31:40.805: I/libjingle(20281): VAdapt CPU Request: up Steps: 0 Changed: false To: 640x480
07-17 15:31:42.270: I/libjingle(20281): VAdapt Frame: scaled 0 / out 55350 / in 55350 Changes: 6 Input: 640x480 i33333333 Scale: 1 Output: 640x480 i33333333 Changed: false
07-17 15:31:42.805: I/libjingle(20281): VAdapt CPU Request: up Steps: 0 Changed: false To: 640x480
07-17 15:31:44.810: I/libjingle(20281): VAdapt CPU Request: up Steps: 0 Changed: false To: 640x480
07-17 15:31:46.810: I/libjingle(20281): VAdapt CPU Request: up Steps: 0 Changed: false To: 640x480
07-17 15:31:48.285: I/libjingle(20281): VAdapt Frame: scaled 0 / out 55440 / in 55440 Changes: 6 Input: 640x480 i33333333 Scale: 1 Output: 640x480 i33333333 Changed: false
07-17 15:31:48.815: I/libjingle(20281): VAdapt CPU Request: up Steps: 0 Changed: false To: 640x480
07-17 15:31:50.815: I/libjingle(20281): VAdapt CPU Request: up Steps: 0 Changed: false To: 640x480
07-17 15:31:51.990: E/WifiHW(2143): ##################### set firmware type 0 #####################
07-17 15:31:51.995: W/AlarmManager(2143): FACTORY_ON= 0
07-17 15:31:52.005: I/wpa_supplicant(3252): Scan requested (ret=0) - scan timeout 30 seconds
07-17 15:31:52.020: W/AlarmManager(2143): FACTORY_ON= 0
07-17 15:31:52.820: I/libjingle(20281): VAdapt CPU Request: up Steps: 0 Changed: false To: 640x480
07-17 15:31:54.285: I/libjingle(20281): VAdapt Frame: scaled 0 / out 55530 / in 55530 Changes: 6 Input: 640x480 i33333333 Scale: 1 Output: 640x480 i33333333 Changed: false
07-17 15:31:54.820: I/libjingle(20281): VAdapt CPU Request: up Steps: 0 Changed: false To: 640x480
07-17 15:31:55.820: I/wpa_supplicant(3252): nl80211: Received scan results (21 BSSes)
07-17 15:31:55.935: W/AlarmManager(2143): FACTORY_ON= 0
07-17 15:31:55.965: E/WifiHW(2143): ##################### set firmware type 0 #####################
07-17 15:31:56.825: I/libjingle(20281): VAdapt CPU Request: up Steps: 0 Changed: false To: 640x480
07-17 15:31:58.830: I/libjingle(20281): VAdapt CPU Request: up Steps: 0 Changed: false To: 640x480
07-17 15:32:00.000: W/AlarmManager(2143): FACTORY_ON= 0
07-17 15:32:00.285: I/libjingle(20281): VAdapt Frame: scaled 0 / out 55620 / in 55620 Changes: 6 Input: 640x480 i33333333 Scale: 1 Output: 640x480 i33333333 Changed: false
07-17 15:32:00.395: E/Watchdog(2143): !@Sync 3027
07-17 15:32:00.830: I/libjingle(20281): VAdapt CPU Request: up Steps: 0 Changed: false To: 640x480
07-17 15:32:02.835: I/libjingle(20281): VAdapt CPU Request: up Steps: 0 Changed: false To: 640x480
07-17 15:32:04.835: I/libjingle(20281): VAdapt CPU Request: up Steps: 0 Changed: false To: 640x480
07-17 15:32:06.295: I/libjingle(20281): VAdapt Frame: scaled 0 / out 55710 / in 55710 Changes: 6 Input: 640x480 i33333333 Scale: 1 Output: 640x480 i33333333 Changed: false
07-17 15:32:06.840: I/libjingle(20281): VAdapt CPU Request: up Steps: 0 Changed: false To: 640x480
07-17 15:32:08.840: I/libjingle(20281): VAdapt CPU Request: up Steps: 0 Changed: false To: 640x480
07-17 15:32:10.150: E/MtpService(19825): In MTPAPP onReceive:android.intent.action.BATTERY_CHANGED
07-17 15:32:10.165: E/MtpService(19825): battPlugged Type : 2
07-17 15:32:10.170: W/AlarmManager(2143): FACTORY_ON= 0
07-17 15:32:10.845: I/libjingle(20281): VAdapt CPU Request: up Steps: 0 Changed: false To: 640x480
07-17 15:32:12.295: I/libjingle(20281): VAdapt Frame: scaled 0 / out 55800 / in 55800 Changes: 6 Input: 640x480 i33333333 Scale: 1 Output: 640x480 i33333333 Changed: false
07-17 15:32:12.845: I/libjingle(20281): VAdapt CPU Request: up Steps: 0 Changed: false To: 640x480
07-17 15:32:14.850: I/libjingle(20281): VAdapt CPU Request: up Steps: 0 Changed: false To: 640x480
07-17 15:32:16.850: I/libjingle(20281): VAdapt CPU Request: up Steps: 0 Changed: false To: 640x480
07-17 15:32:18.300: I/libjingle(20281): VAdapt Frame: scaled 0 / out 55890 / in 55890 Changes: 6 Input: 640x480 i33333333 Scale: 1 Output: 640x480 i33333333 Changed: false
07-17 15:32:18.855: I/libjingle(20281): VAdapt CPU Request: up Steps: 0 Changed: false To: 640x480
07-17 15:32:20.855: I/libjingle(20281): VAdapt CPU Request: up Steps: 0 Changed: false To: 640x480
07-17 15:32:22.860: I/libjingle(20281): VAdapt CPU Request: up Steps: 0 Changed: false To: 640x480
07-17 15:32:24.305: I/libjingle(20281): VAdapt Frame: scaled 0 / out 55980 / in 55980 Changes: 6 Input: 640x480 i33333333 Scale: 1 Output: 640x480 i33333333 Changed: false
07-17 15:32:24.860: I/libjingle(20281): VAdapt CPU Request: up Steps: 0 Changed: false To: 640x480
07-17 15:32:26.865: I/libjingle(20281): VAdapt CPU Request: up Steps: 0 Changed: false To: 640x480
07-17 15:32:28.865: I/libjingle(20281): VAdapt CPU Request: up Steps: 0 Changed: false To: 640x480
07-17 15:32:30.310: I/libjingle(20281): VAdapt Frame: scaled 0 / out 56070 / in 56070 Changes: 6 Input: 640x480 i33333333 Scale: 1 Output: 640x480 i33333333 Changed: false
07-17 15:32:30.395: E/Watchdog(2143): !@Sync 3028
07-17 15:32:30.870: I/libjingle(20281): VAdapt CPU Request: up Steps: 0 Changed: false To: 640x480
07-17 15:32:32.870: I/libjingle(20281): VAdapt CPU Request: up Steps: 0 Changed: false To: 640x480
07-17 15:32:34.870: I/libjingle(20281): VAdapt CPU Request: up Steps: 0 Changed: false To: 640x480
07-17 15:32:36.315: I/libjingle(20281): VAdapt Frame: scaled 0 / out 56160 / in 56160 Changes: 6 Input: 640x480 i33333333 Scale: 1 Output: 640x480 i33333333 Changed: false
07-17 15:32:36.875: I/libjingle(20281): VAdapt CPU Request: up Steps: 0 Changed: false To: 640x480
07-17 15:32:38.875: I/libjingle(20281): VAdapt CPU Request: up Steps: 0 Changed: false To: 640x480
07-17 15:32:40.880: I/libjingle(20281): VAdapt CPU Request: up Steps: 0 Changed: false To: 640x480
07-17 15:32:42.320: I/libjingle(20281): VAdapt Frame: scaled 0 / out 56250 / in 56250 Changes: 6 Input: 640x480 i33333333 Scale: 1 Output: 640x480 i33333333 Changed: false
07-17 15:32:42.880: I/libjingle(20281): VAdapt CPU Request: up Steps: 0 Changed: false To: 640x480
07-17 15:32:44.885: I/libjingle(20281): VAdapt CPU Request: up Steps: 0 Changed: false To: 640x480
07-17 15:32:46.885: I/libjingle(20281): VAdapt CPU Request: up Steps: 0 Changed: false To: 640x480
07-17 15:32:48.325: I/libjingle(20281): VAdapt Frame: scaled 0 / out 56340 / in 56340 Changes: 6 Input: 640x480 i33333333 Scale: 1 Output: 640x480 i33333333 Changed: false
07-17 15:32:48.890: I/libjingle(20281): VAdapt CPU Request: up Steps: 0 Changed: false To: 640x480
07-17 15:32:50.890: I/libjingle(20281): VAdapt CPU Request: up Steps: 0 Changed: false To: 640x480
07-17 15:32:52.890: I/libjingle(20281): VAdapt CPU Request: up Steps: 0 Changed: false To: 640x480
07-17 15:32:53.570: I/dhcpcd(25243):  dhcp main start  
07-17 15:32:53.575: I/dhcpcd(14325): enter handle_signal in dhcpcd.c
07-17 15:32:53.735: E/MtpService(19825): In MTPAPP onReceive:android.intent.action.BATTERY_CHANGED
07-17 15:32:53.735: E/MtpService(19825): battPlugged Type : 2
07-17 15:32:53.745: W/AlarmManager(2143): FACTORY_ON= 0
07-17 15:32:53.765: W/AlarmManager(2143): FACTORY_ON= 0
07-17 15:32:53.775: I/WifiStateMachine(2143): DHCP renew post action!!! - Don't need to make state transition
07-17 15:32:54.330: I/libjingle(20281): VAdapt Frame: scaled 0 / out 56430 / in 56430 Changes: 6 Input: 640x480 i33333333 Scale: 1 Output: 640x480 i33333333 Changed: false
07-17 15:32:54.895: I/libjingle(20281): VAdapt CPU Request: up Steps: 0 Changed: false To: 640x480
07-17 15:32:56.895: I/libjingle(20281): VAdapt CPU Request: up Steps: 0 Changed: false To: 640x480
07-17 15:32:58.900: I/libjingle(20281): VAdapt CPU Request: up Steps: 0 Changed: false To: 640x480
07-17 15:33:00.000: W/AlarmManager(2143): FACTORY_ON= 0
07-17 15:33:00.335: I/libjingle(20281): VAdapt Frame: scaled 0 / out 56520 / in 56520 Changes: 6 Input: 640x480 i33333333 Scale: 1 Output: 640x480 i33333333 Changed: false
07-17 15:33:00.400: E/Watchdog(2143): !@Sync 3029
07-17 15:33:00.900: I/libjingle(20281): VAdapt CPU Request: up Steps: 0 Changed: false To: 640x480
07-17 15:33:02.905: I/libjingle(20281): VAdapt CPU Request: up Steps: 0 Changed: false To: 640x480
07-17 15:33:04.905: I/libjingle(20281): VAdapt CPU Request: up Steps: 0 Changed: false To: 640x480
07-17 15:33:06.260: I/libjingle(20281): VAdapt Frame: scaled 0 / out 56610 / in 56610 Changes: 6 Input: 640x480 i33333333 Scale: 1 Output: 640x480 i33333333 Changed: false
07-17 15:33:06.915: I/libjingle(20281): VAdapt CPU Request: up Steps: 0 Changed: false To: 640x480
07-17 15:33:08.915: I/libjingle(20281): VAdapt CPU Request: up Steps: 0 Changed: false To: 640x480
07-17 15:33:10.920: I/libjingle(20281): VAdapt CPU Request: up Steps: 0 Changed: false To: 640x480
07-17 15:33:11.660: I/libjingle(20281): VAdapt Frame: scaled 0 / out 56700 / in 56700 Changes: 6 Input: 640x480 i33333333 Scale: 1 Output: 640x480 i33333333 Changed: false
07-17 15:33:12.920: I/libjingle(20281): VAdapt CPU Request: up Steps: 0 Changed: false To: 640x480
07-17 15:33:14.925: I/libjingle(20281): VAdapt CPU Request: up Steps: 0 Changed: false To: 640x480
07-17 15:33:16.925: I/libjingle(20281): VAdapt CPU Request: up Steps: 0 Changed: false To: 640x480
07-17 15:33:17.070: I/libjingle(20281): VAdapt Frame: scaled 0 / out 56790 / in 56790 Changes: 6 Input: 640x480 i33333333 Scale: 1 Output: 640x480 i33333333 Changed: false
07-17 15:33:18.930: I/libjingle(20281): VAdapt CPU Request: up Steps: 0 Changed: false To: 640x480
07-17 15:33:20.930: I/libjingle(20281): VAdapt CPU Request: up Steps: 0 Changed: false To: 640x480
07-17 15:33:22.475: I/libjingle(20281): VAdapt Frame: scaled 0 / out 56880 / in 56880 Changes: 6 Input: 640x480 i33333333 Scale: 1 Output: 640x480 i33333333 Changed: false
07-17 15:33:22.935: I/libjingle(20281): VAdapt CPU Request: up Steps: 0 Changed: false To: 640x480
07-17 15:33:24.020: E/MtpService(19825): In MTPAPP onReceive:android.intent.action.BATTERY_CHANGED
07-17 15:33:24.020: E/MtpService(19825): battPlugged Type : 2
07-17 15:33:24.025: W/AlarmManager(2143): FACTORY_ON= 0
07-17 15:33:24.935: I/libjingle(20281): VAdapt CPU Request: up Steps: 0 Changed: false To: 640x480
07-17 15:33:26.940: I/libjingle(20281): VAdapt CPU Request: up Steps: 0 Changed: false To: 640x480
07-17 15:33:27.885: I/libjingle(20281): VAdapt Frame: scaled 0 / out 56970 / in 56970 Changes: 6 Input: 640x480 i33333333 Scale: 1 Output: 640x480 i33333333 Changed: false
07-17 15:33:28.945: I/libjingle(20281): VAdapt CPU Request: up Steps: 0 Changed: false To: 640x480
07-17 15:33:30.405: E/Watchdog(2143): !@Sync 3030
07-17 15:33:30.950: I/libjingle(20281): VAdapt CPU Request: up Steps: 0 Changed: false To: 640x480
07-17 15:33:32.950: I/libjingle(20281): VAdapt CPU Request: up Steps: 0 Changed: false To: 640x480
07-17 15:33:33.290: I/libjingle(20281): VAdapt Frame: scaled 0 / out 57060 / in 57060 Changes: 6 Input: 640x480 i33333333 Scale: 1 Output: 640x480 i33333333 Changed: false
07-17 15:33:34.950: I/libjingle(20281): VAdapt CPU Request: up Steps: 0 Changed: false To: 640x480
07-17 15:33:36.955: I/libjingle(20281): VAdapt CPU Request: up Steps: 0 Changed: false To: 640x480
07-17 15:33:38.695: I/libjingle(20281): VAdapt Frame: scaled 0 / out 57150 / in 57150 Changes: 6 Input: 640x480 i33333333 Scale: 1 Output: 640x480 i33333333 Changed: false
07-17 15:33:38.960: I/libjingle(20281): VAdapt CPU Request: up Steps: 0 Changed: false To: 640x480
07-17 15:33:40.960: I/libjingle(20281): VAdapt CPU Request: up Steps: 0 Changed: false To: 640x480
07-17 15:33:42.965: I/libjingle(20281): VAdapt CPU Request: up Steps: 0 Changed: false To: 640x480
07-17 15:33:44.105: I/libjingle(20281): VAdapt Frame: scaled 0 / out 57240 / in 57240 Changes: 6 Input: 640x480 i33333333 Scale: 1 Output: 640x480 i33333333 Changed: false
07-17 15:33:44.970: I/libjingle(20281): VAdapt CPU Request: up Steps: 0 Changed: false To: 640x480
07-17 15:33:46.970: I/libjingle(20281): VAdapt CPU Request: up Steps: 0 Changed: false To: 640x480
07-17 15:33:48.975: I/libjingle(20281): VAdapt CPU Request: up Steps: 0 Changed: false To: 640x480
07-17 15:33:49.505: I/libjingle(20281): VAdapt Frame: scaled 0 / out 57330 / in 57330 Changes: 6 Input: 640x480 i33333333 Scale: 1 Output: 640x480 i33333333 Changed: false
07-17 15:33:50.975: I/libjingle(20281): VAdapt CPU Request: up Steps: 0 Changed: false To: 640x480
07-17 15:33:52.975: I/libjingle(20281): VAdapt CPU Request: up Steps: 0 Changed: false To: 640x480
07-17 15:33:54.920: I/libjingle(20281): VAdapt Frame: scaled 0 / out 57420 / in 57420 Changes: 6 Input: 640x480 i33333333 Scale: 1 Output: 640x480 i33333333 Changed: false
07-17 15:33:54.980: I/libjingle(20281): VAdapt CPU Request: up Steps: 0 Changed: false To: 640x480
07-17 15:33:56.985: I/libjingle(20281): VAdapt CPU Request: up Steps: 0 Changed: false To: 640x480
07-17 15:33:58.850: I/iNemoSensor(2143): skip update_delay wanted_accel = 66667000 current delay = 66667000
07-17 15:33:58.850: I/SensorService(2143): info.selectDelay() ns=20000000  
07-17 15:33:58.850: I/iNemoSensor(2143): update_delay wanted_accel = 20000000
07-17 15:33:58.985: I/libjingle(20281): VAdapt CPU Request: up Steps: 0 Changed: false To: 640x480
07-17 15:34:00.000: W/AlarmManager(2143): FACTORY_ON= 0
07-17 15:34:00.320: I/libjingle(20281): VAdapt Frame: scaled 0 / out 57510 / in 57510 Changes: 6 Input: 640x480 i33333333 Scale: 1 Output: 640x480 i33333333 Changed: false
07-17 15:34:00.410: E/Watchdog(2143): !@Sync 3031
07-17 15:34:00.990: I/libjingle(20281): VAdapt CPU Request: up Steps: 0 Changed: false To: 640x480
07-17 15:34:02.270: I/Sensors(1677): sendDelay --- 200000000
07-17 15:34:02.270: I/SensorService(2143): info.selectDelay() ns=66667000  
07-17 15:34:02.270: I/iNemoSensor(2143): update_delay wanted_accel = 66667000
07-17 15:34:02.275: I/SensorManager(1677): Set normal delay = true
07-17 15:34:02.275: I/iNemoSensor(2143): skip update_delay wanted_accel = 66667000 current delay = 66667000
07-17 15:34:02.390: I/GCoreUlr(1677): Received powerMode change from NLP: com.google.android.location.activity.LOW_POWER_MODE_ENABLED
07-17 15:34:02.390: I/GCoreUlr(1677): Starting service, intent=Intent { act=com.google.android.location.reporting.ACTION_UPDATE_ACTIVE_STATE cmp=com.google.android.gms/com.google.android.location.reporting.service.DispatchingService }, extras=null
07-17 15:34:02.390: W/AlarmManager(2143): FACTORY_ON= 0
07-17 15:34:02.395: W/AlarmManager(2143): FACTORY_ON= 0
07-17 15:34:02.435: I/GCoreUlr(1677): Ensuring that reporting is stopped because of reasons: {account#-2#=[InactiveReason{mVersionCode=0, mIdentifier=6, mName='ReportingNotSelected'}]}
07-17 15:34:02.545: I/GCoreUlr(1677): Unbound from all location providers
07-17 15:34:02.990: I/libjingle(20281): VAdapt CPU Request: up Steps: 0 Changed: false To: 640x480
07-17 15:34:04.995: I/libjingle(20281): VAdapt CPU Request: up Steps: 0 Changed: false To: 640x480
07-17 15:34:05.730: I/libjingle(20281): VAdapt Frame: scaled 0 / out 57600 / in 57600 Changes: 6 Input: 640x480 i33333333 Scale: 1 Output: 640x480 i33333333 Changed: false
07-17 15:34:07.000: I/libjingle(20281): VAdapt CPU Request: up Steps: 0 Changed: false To: 640x480
07-17 15:34:09.005: I/libjingle(20281): VAdapt CPU Request: up Steps: 0 Changed: false To: 640x480
07-17 15:34:11.005: I/libjingle(20281): VAdapt CPU Request: up Steps: 0 Changed: false To: 640x480
07-17 15:34:11.140: I/libjingle(20281): VAdapt Frame: scaled 0 / out 57690 / in 57690 Changes: 6 Input: 640x480 i33333333 Scale: 1 Output: 640x480 i33333333 Changed: false
07-17 15:34:13.010: I/libjingle(20281): VAdapt CPU Request: up Steps: 0 Changed: false To: 640x480
07-17 15:34:15.010: I/libjingle(20281): VAdapt CPU Request: up Steps: 0 Changed: false To: 640x480
07-17 15:34:16.540: I/libjingle(20281): VAdapt Frame: scaled 0 / out 57780 / in 57780 Changes: 6 Input: 640x480 i33333333 Scale: 1 Output: 640x480 i33333333 Changed: false
07-17 15:34:17.015: I/libjingle(20281): VAdapt CPU Request: up Steps: 0 Changed: false To: 640x480
07-17 15:34:19.015: I/libjingle(20281): VAdapt CPU Request: up Steps: 0 Changed: false To: 640x480
07-17 15:34:21.020: I/libjingle(20281): VAdapt CPU Request: up Steps: 0 Changed: false To: 640x480
07-17 15:34:21.950: I/libjingle(20281): VAdapt Frame: scaled 0 / out 57870 / in 57870 Changes: 6 Input: 640x480 i33333333 Scale: 1 Output: 640x480 i33333333 Changed: false
07-17 15:34:23.020: I/libjingle(20281): VAdapt CPU Request: up Steps: 0 Changed: false To: 640x480
07-17 15:34:25.025: I/libjingle(20281): VAdapt CPU Request: up Steps: 0 Changed: false To: 640x480
